MPLINK 5.00, LINKER
Linker Map File - Created Sat May 31 23:34:20 2014

                                 Section Info
                  Section       Type    Address   Location Size(Bytes)
                ---------  ---------  ---------  ---------  ---------
               _entry_scn       code   0x000000    program   0x000006
      .romdata_MRF24J40.o    romdata   0x000006    program   0x000002
               highVector       code   0x000008    program   0x000006
           .code___init.o       code   0x00000e    program   0x000002
        .idata___init.o_i    romdata   0x000010    program   0x000000
       .idata_MRF89XA.o_i    romdata   0x000010    program   0x000000
       .idata_MRF49XA.o_i    romdata   0x000010    program   0x000000
      .idata_MRF24J40.o_i    romdata   0x000010    program   0x000003
           .idata_crc.o_i    romdata   0x000010    program   0x000000
       .idata_MiWiPRO.o_i    romdata   0x000010    program   0x000000
          .idata_MiWi.o_i    romdata   0x000010    program   0x000000
          .idata_MSPI.o_i    romdata   0x000010    program   0x000000
           .idata_NVM.o_i    romdata   0x000010    program   0x000000
    .idata_SymbolTime.o_i    romdata   0x000010    program   0x000000
     .idata_TimeDelay.o_i    romdata   0x000010    program   0x000000
       .idata_c018i_e.o_i    romdata   0x000010    program   0x000000
    .idata_DemoOutput.o_i    romdata   0x000013    program   0x000000
        .idata_EEPROM.o_i    romdata   0x000013    program   0x000000
   .idata_LCDBlocking.o_i    romdata   0x000013    program   0x000000
       .idata_Console.o_i    romdata   0x000013    program   0x000000
.idata_HardwareProfile.o_i    romdata   0x000013    program   0x000000
           .code_EEPROM.o       code   0x000014    program   0x000000
             .code_MiWi.o       code   0x000014    program   0x000000
          .code_MiWiPRO.o       code   0x000014    program   0x000000
              .code_crc.o       code   0x000014    program   0x000000
         .code_security.o       code   0x000014    program   0x000000
              .code_NVM.o       code   0x000014    program   0x000000
      .code_LCDBlocking.o       code   0x000014    program   0x000000
          .code_MRF49XA.o       code   0x000014    program   0x000000
          .code_c018i_e.o       code   0x000014    program   0x000000
          .code_MRF89XA.o       code   0x000014    program   0x000000
               lowhVector       code   0x000018    program   0x000006
       .romdata_Console.o    romdata   0x00001e    program   0x000010
              securityKey    romdata   0x00002e    program   0x000010
                   .cinit    romdata   0x00003e    program   0x000032
         .code_MRF24J40.o       code   0x000070    program   0x001a12
              .code_P2P.o       code   0x001a82    program   0x000fda
              .code_ps2.o       code   0x002a5c    program   0x000328
             .stringtable    romdata   0x002d84    program   0x0002e1
     .romdata_TimeDelay.o    romdata   0x003065    program   0x000000
           .romdata_ps2.o    romdata   0x003065    program   0x000000
           .idata_ps2.o_i    romdata   0x003065    program   0x000001
          .romdata_main.o    romdata   0x003065    program   0x000000
    .romdata_SymbolTime.o    romdata   0x003065    program   0x000000
       .romdata_MRF89XA.o    romdata   0x003065    program   0x000000
   .romdata_LCDBlocking.o    romdata   0x003065    program   0x000000
       .romdata_MRF49XA.o    romdata   0x003065    program   0x000000
           .romdata_NVM.o    romdata   0x003065    program   0x000000
           .romdata_P2P.o    romdata   0x003065    program   0x000000
       .romdata_c018i_e.o    romdata   0x003065    program   0x000000
.romdata_HardwareProfile.o    romdata   0x003065    program   0x000000
          .romdata_MSPI.o    romdata   0x003065    program   0x000000
      .romdata_security.o    romdata   0x003065    program   0x000000
      .idata_security.o_i    romdata   0x003065    program   0x000000
          .romdata_MiWi.o    romdata   0x003065    program   0x000000
        .romdata_EEPROM.o    romdata   0x003065    program   0x000000
           .romdata_crc.o    romdata   0x003065    program   0x000000
        .romdata___init.o    romdata   0x003065    program   0x000000
       .romdata_MiWiPRO.o    romdata   0x003065    program   0x000000
       .code_DemoOutput.o       code   0x003066    program   0x0001cc
        .code_TimeDelay.o       code   0x003232    program   0x00017c
          .code_Console.o       code   0x0033ae    program   0x000156
  .code_HardwareProfile.o       code   0x003504    program   0x000148
             .code_main.o       code   0x00364c    program   0x00013c
                     PROG       code   0x003788    program   0x0000fe
    .romdata_DemoOutput.o    romdata   0x003886    program   0x0000c0
               _cinit_scn       code   0x003946    program   0x00009e
       .code_SymbolTime.o       code   0x0039e4    program   0x00007e
             .code_MSPI.o       code   0x003a62    program   0x000034
                    .code       code   0x003a96    program   0x000020
             _startup_scn       code   0x003ab6    program   0x00001a
          .idata_main.o_i    romdata   0x003ad0    program   0x00000a
           .idata_P2P.o_i    romdata   0x003ada    program   0x00000a
.config_300001_HardwareProfile.o    romdata   0x300001    program   0x000001
.config_300002_HardwareProfile.o    romdata   0x300002    program   0x000001
.config_300003_HardwareProfile.o    romdata   0x300003    program   0x000001
.config_300005_HardwareProfile.o    romdata   0x300005    program   0x000001
.config_300006_HardwareProfile.o    romdata   0x300006    program   0x000001
             .udata_P2P.o      udata   0x000000       data   0x000043
        .udata_MRF24J40.o      udata   0x000043       data   0x00001a
        .idata_MRF24J40.o      idata   0x00005d       data   0x000003
              MAC_RX_BUFF      udata   0x000060       data   0x00009c
                MATH_DATA      udata   0x0000fc       data   0x000004
            BIGvariables1      udata   0x000100       data   0x000064
               TRX_BUFFER      udata   0x000164       data   0x000028
         .udata_c018i_e.o      udata   0x00018c       data   0x00000a
            .idata_main.o      idata   0x000196       data   0x00000a
             .idata_P2P.o      idata   0x0001a0       data   0x00000a
                 .tmpdata      udata   0x0001aa       data   0x000008
             .udata_ps2.o      udata   0x0001b2       data   0x000007
 .udata_HardwareProfile.o      udata   0x0001b9       data   0x000005
              HighISR_tmp      udata   0x0001be       data   0x000004
      .udata_SymbolTime.o      udata   0x0001c2       data   0x000002
             .idata_ps2.o      idata   0x0001c4       data   0x000001
        .idata_security.o      idata   0x0001c5       data   0x000000
        .udata_security.o      udata   0x0001c5       data   0x000000
             .idata_crc.o      idata   0x0001c5       data   0x000000
         .udata_MRF49XA.o      udata   0x0001c5       data   0x000000
         .idata_MRF49XA.o      idata   0x0001c5       data   0x000000
         .udata_MRF89XA.o      udata   0x0001c5       data   0x000000
         .idata_MRF89XA.o      idata   0x0001c5       data   0x000000
            .udata_main.o      udata   0x0001c5       data   0x000000
      .udata_DemoOutput.o      udata   0x0001c5       data   0x000000
      .idata_DemoOutput.o      idata   0x0001c5       data   0x000000
          .udata___init.o      udata   0x0001c5       data   0x000000
          .idata___init.o      idata   0x0001c5       data   0x000000
         .idata_c018i_e.o      idata   0x0001c5       data   0x000000
 .idata_HardwareProfile.o      idata   0x0001c5       data   0x000000
       .udata_TimeDelay.o      udata   0x0001c5       data   0x000000
       .idata_TimeDelay.o      idata   0x0001c5       data   0x000000
      .idata_SymbolTime.o      idata   0x0001c5       data   0x000000
     .udata_LCDBlocking.o      udata   0x0001c5       data   0x000000
     .idata_LCDBlocking.o      idata   0x0001c5       data   0x000000
             .udata_NVM.o      udata   0x0001c5       data   0x000000
             .idata_NVM.o      idata   0x0001c5       data   0x000000
            .udata_MSPI.o      udata   0x0001c5       data   0x000000
            .idata_MSPI.o      idata   0x0001c5       data   0x000000
         .udata_Console.o      udata   0x0001c5       data   0x000000
         .idata_Console.o      idata   0x0001c5       data   0x000000
          .udata_EEPROM.o      udata   0x0001c5       data   0x000000
          .idata_EEPROM.o      idata   0x0001c5       data   0x000000
            .udata_MiWi.o      udata   0x0001c5       data   0x000000
            .idata_MiWi.o      idata   0x0001c5       data   0x000000
         .udata_MiWiPRO.o      udata   0x0001c5       data   0x000000
         .idata_MiWiPRO.o      idata   0x0001c5       data   0x000000
             .udata_crc.o      udata   0x0001c5       data   0x000000
                   .stack      udata   0x000500       data   0x000100
            SFR_UNBANKED0      udata   0x000f77       data   0x000089



                              Program Memory Usage 
                               Start         End      
                           ---------   ---------      
                            0x000000    0x000012      
                            0x000018    0x003ae3      
                            0x300001    0x300003      
                            0x300005    0x300006      
            15076 out of 33048 program addresses used, program memory utilization is 45%



                              Symbols - Sorted by Name
                     Name    Address   Location    Storage File                     
                ---------  ---------  ---------  --------- ---------                
            AddConnection   0x0026de    program     extern D:\Work\robocon\Project\20140513_Miwi_Soccer_Robot\Miwi_Board_Firmware\Microchip\WirelessProtocols\P2P\P2P.c
                BoardInit   0x003504    program     extern D:\Work\robocon\Project\20140513_Miwi_Soccer_Robot\Miwi_Board_Firmware\MiWi DE Demo\Basic Demos\Simple Example\Node 1\HardwareProfile.c
            ButtonPressed   0x003564    program     extern D:\Work\robocon\Project\20140513_Miwi_Soccer_Robot\Miwi_Board_Firmware\MiWi DE Demo\Basic Demos\Simple Example\Node 1\HardwareProfile.c
           CharacterArray   0x00001e    program     extern D:\Work\robocon\Project\20140513_Miwi_Soccer_Robot\Miwi_Board_Firmware\Microchip\WirelessProtocols\Console.c
               ConsoleGet   0x003410    program     extern D:\Work\robocon\Project\20140513_Miwi_Soccer_Robot\Miwi_Board_Firmware\Microchip\WirelessProtocols\Console.c
              ConsoleInit   0x0033ae    program     extern D:\Work\robocon\Project\20140513_Miwi_Soccer_Robot\Miwi_Board_Firmware\Microchip\WirelessProtocols\Console.c
               ConsolePut   0x0033f6    program     extern D:\Work\robocon\Project\20140513_Miwi_Soccer_Robot\Miwi_Board_Firmware\Microchip\WirelessProtocols\Console.c
      ConsolePutROMString   0x0033c0    program     extern D:\Work\robocon\Project\20140513_Miwi_Soccer_Robot\Miwi_Board_Firmware\Microchip\WirelessProtocols\Console.c
                       DE   0x003904    program     extern D:\Work\robocon\Project\20140513_Miwi_Soccer_Robot\Miwi_Board_Firmware\MiWi DE Demo\Basic Demos\Simple Example\Node 1\DemoOutput.c
                Delay10us   0x003232    program     extern D:\Work\robocon\Project\20140513_Miwi_Soccer_Robot\Miwi_Board_Firmware\Microchip\Common\TimeDelay.c
                  DelayMs   0x0032f2    program     extern D:\Work\robocon\Project\20140513_Miwi_Soccer_Robot\Miwi_Board_Firmware\Microchip\Common\TimeDelay.c
       DemoOutput_Channel   0x0030ec    program     extern D:\Work\robocon\Project\20140513_Miwi_Soccer_Robot\Miwi_Board_Firmware\MiWi DE Demo\Basic Demos\Simple Example\Node 1\DemoOutput.c
  DemoOutput_ChannelError   0x0031d6    program     extern D:\Work\robocon\Project\20140513_Miwi_Soccer_Robot\Miwi_Board_Firmware\MiWi DE Demo\Basic Demos\Simple Example\Node 1\DemoOutput.c
      DemoOutput_Greeting   0x003066    program     extern D:\Work\robocon\Project\20140513_Miwi_Soccer_Robot\Miwi_Board_Firmware\MiWi DE Demo\Basic Demos\Simple Example\Node 1\DemoOutput.c
 DemoOutput_HandleMessage   0x00317e    program     extern D:\Work\robocon\Project\20140513_Miwi_Soccer_Robot\Miwi_Board_Firmware\MiWi DE Demo\Basic Demos\Simple Example\Node 1\DemoOutput.c
   DemoOutput_Instruction   0x00317c    program     extern D:\Work\robocon\Project\20140513_Miwi_Soccer_Robot\Miwi_Board_Firmware\MiWi DE Demo\Basic Demos\Simple Example\Node 1\DemoOutput.c
   DemoOutput_UnicastFail   0x00320e    program     extern D:\Work\robocon\Project\20140513_Miwi_Soccer_Robot\Miwi_Board_Firmware\MiWi DE Demo\Basic Demos\Simple Example\Node 1\DemoOutput.c
    DemoOutput_UpdateTxRx   0x0031b6    program     extern D:\Work\robocon\Project\20140513_Miwi_Soccer_Robot\Miwi_Board_Firmware\MiWi DE Demo\Basic Demos\Simple Example\Node 1\DemoOutput.c
           DumpConnection   0x002432    program     extern D:\Work\robocon\Project\20140513_Miwi_Soccer_Robot\Miwi_Board_Firmware\Microchip\WirelessProtocols\P2P\P2P.c
                  HighISR   0x0014a2    program     extern D:\Work\robocon\Project\20140513_Miwi_Soccer_Robot\Miwi_Board_Firmware\Microchip\Transceivers\MRF24J40\MRF24J40.c
               HighVector   0x000008    program     extern D:\Work\robocon\Project\20140513_Miwi_Soccer_Robot\Miwi_Board_Firmware\Microchip\Transceivers\MRF24J40\MRF24J40.c
             InitMRF24J40   0x000200    program     extern D:\Work\robocon\Project\20140513_Miwi_Soccer_Robot\Miwi_Board_Firmware\Microchip\Transceivers\MRF24J40\MRF24J40.c
          InitSymbolTimer   0x0039e4    program     extern D:\Work\robocon\Project\20140513_Miwi_Soccer_Robot\Miwi_Board_Firmware\Microchip\WirelessProtocols\SymbolTime.c
               LCDDisplay   0x003552    program     extern D:\Work\robocon\Project\20140513_Miwi_Soccer_Robot\Miwi_Board_Firmware\MiWi DE Demo\Basic Demos\Simple Example\Node 1\HardwareProfile.c
              LCDTRXCount   0x003540    program     extern D:\Work\robocon\Project\20140513_Miwi_Soccer_Robot\Miwi_Board_Firmware\MiWi DE Demo\Basic Demos\Simple Example\Node 1\HardwareProfile.c
                LowVector   0x000018    program     extern D:\Work\robocon\Project\20140513_Miwi_Soccer_Robot\Miwi_Board_Firmware\Microchip\Transceivers\MRF24J40\MRF24J40.c
                 MacroNop   0x001a82    program     extern D:\Work\robocon\Project\20140513_Miwi_Soccer_Robot\Miwi_Board_Firmware\Microchip\WirelessProtocols\P2P\P2P.c
    MiApp_BroadcastPacket   0x0020d6    program     extern D:\Work\robocon\Project\20140513_Miwi_Soccer_Robot\Miwi_Board_Firmware\Microchip\WirelessProtocols\P2P\P2P.c
     MiApp_ConnectionMode   0x002a26    program     extern D:\Work\robocon\Project\20140513_Miwi_Soccer_Robot\Miwi_Board_Firmware\Microchip\WirelessProtocols\P2P\P2P.c
     MiApp_DiscardMessage   0x0023ea    program     extern D:\Work\robocon\Project\20140513_Miwi_Soccer_Robot\Miwi_Board_Firmware\Microchip\WirelessProtocols\P2P\P2P.c
MiApp_EstablishConnection   0x002244    program     extern D:\Work\robocon\Project\20140513_Miwi_Soccer_Robot\Miwi_Board_Firmware\Microchip\WirelessProtocols\P2P\P2P.c
   MiApp_MessageAvailable   0x002420    program     extern D:\Work\robocon\Project\20140513_Miwi_Soccer_Robot\Miwi_Board_Firmware\Microchip\WirelessProtocols\P2P\P2P.c
       MiApp_ProtocolInit   0x001f22    program     extern D:\Work\robocon\Project\20140513_Miwi_Soccer_Robot\Miwi_Board_Firmware\Microchip\WirelessProtocols\P2P\P2P.c
   MiApp_RemoveConnection   0x0028b2    program     extern D:\Work\robocon\Project\20140513_Miwi_Soccer_Robot\Miwi_Board_Firmware\Microchip\WirelessProtocols\P2P\P2P.c
         MiApp_SetChannel   0x0023f2    program     extern D:\Work\robocon\Project\20140513_Miwi_Soccer_Robot\Miwi_Board_Firmware\Microchip\WirelessProtocols\P2P\P2P.c
    MiApp_StartConnection   0x0021ec    program     extern D:\Work\robocon\Project\20140513_Miwi_Soccer_Robot\Miwi_Board_Firmware\Microchip\WirelessProtocols\P2P\P2P.c
     MiApp_UnicastAddress   0x002170    program     extern D:\Work\robocon\Project\20140513_Miwi_Soccer_Robot\Miwi_Board_Firmware\Microchip\WirelessProtocols\P2P\P2P.c
  MiApp_UnicastConnection   0x002106    program     extern D:\Work\robocon\Project\20140513_Miwi_Soccer_Robot\Miwi_Board_Firmware\Microchip\WirelessProtocols\P2P\P2P.c
      MiMAC_DiscardPacket   0x000d5a    program     extern D:\Work\robocon\Project\20140513_Miwi_Soccer_Robot\Miwi_Board_Firmware\Microchip\Transceivers\MRF24J40\MRF24J40.c
               MiMAC_Init   0x001440    program     extern D:\Work\robocon\Project\20140513_Miwi_Soccer_Robot\Miwi_Board_Firmware\Microchip\Transceivers\MRF24J40\MRF24J40.c
     MiMAC_ReceivedPacket   0x0003b8    program     extern D:\Work\robocon\Project\20140513_Miwi_Soccer_Robot\Miwi_Board_Firmware\Microchip\Transceivers\MRF24J40\MRF24J40.c
         MiMAC_SendPacket   0x000d7a    program     extern D:\Work\robocon\Project\20140513_Miwi_Soccer_Robot\Miwi_Board_Firmware\Microchip\Transceivers\MRF24J40\MRF24J40.c
      MiMAC_SetAltAddress   0x0013be    program     extern D:\Work\robocon\Project\20140513_Miwi_Soccer_Robot\Miwi_Board_Firmware\Microchip\Transceivers\MRF24J40\MRF24J40.c
         MiMAC_SetChannel   0x0012cc    program     extern D:\Work\robocon\Project\20140513_Miwi_Soccer_Robot\Miwi_Board_Firmware\Microchip\Transceivers\MRF24J40\MRF24J40.c
           MiMAC_SetPower   0x001328    program     extern D:\Work\robocon\Project\20140513_Miwi_Soccer_Robot\Miwi_Board_Firmware\Microchip\Transceivers\MRF24J40\MRF24J40.c
                     MiWi   0x003886    program     extern D:\Work\robocon\Project\20140513_Miwi_Soccer_Robot\Miwi_Board_Firmware\MiWi DE Demo\Basic Demos\Simple Example\Node 1\DemoOutput.c
             MiWi_TickGet   0x0039f8    program     extern D:\Work\robocon\Project\20140513_Miwi_Soccer_Robot\Miwi_Board_Firmware\Microchip\WirelessProtocols\SymbolTime.c
                 P2PTasks   0x001a86    program     extern D:\Work\robocon\Project\20140513_Miwi_Soccer_Robot\Miwi_Board_Firmware\Microchip\WirelessProtocols\P2P\P2P.c
        PHYGetLongRAMAddr   0x000178    program     extern D:\Work\robocon\Project\20140513_Miwi_Soccer_Robot\Miwi_Board_Firmware\Microchip\Transceivers\MRF24J40\MRF24J40.c
       PHYGetShortRAMAddr   0x000136    program     extern D:\Work\robocon\Project\20140513_Miwi_Soccer_Robot\Miwi_Board_Firmware\Microchip\Transceivers\MRF24J40\MRF24J40.c
        PHYSetLongRAMAddr   0x000070    program     extern D:\Work\robocon\Project\20140513_Miwi_Soccer_Robot\Miwi_Board_Firmware\Microchip\Transceivers\MRF24J40\MRF24J40.c
       PHYSetShortRAMAddr   0x0000f4    program     extern D:\Work\robocon\Project\20140513_Miwi_Soccer_Robot\Miwi_Board_Firmware\Microchip\Transceivers\MRF24J40\MRF24J40.c
                PrintChar   0x00341e    program     extern D:\Work\robocon\Project\20140513_Miwi_Soccer_Robot\Miwi_Board_Firmware\Microchip\WirelessProtocols\Console.c
                 PrintDec   0x003472    program     extern D:\Work\robocon\Project\20140513_Miwi_Soccer_Robot\Miwi_Board_Firmware\Microchip\WirelessProtocols\Console.c
                  RESTORE   0x0037ca    program     static E:\3.46\pic18-lt\cxx-framework\src\extended\math\div08u.asm
                 SETUPSTK   0x003788    program     static E:\3.46\pic18-lt\cxx-framework\src\extended\math\div08u.asm
                   SPIGet   0x003a8a    program     extern D:\Work\robocon\Project\20140513_Miwi_Soccer_Robot\Miwi_Board_Firmware\Microchip\WirelessProtocols\MSPI.c
                   SPIPut   0x003a62    program     extern D:\Work\robocon\Project\20140513_Miwi_Soccer_Robot\Miwi_Board_Firmware\Microchip\WirelessProtocols\MSPI.c
               SendPacket   0x002008    program     extern D:\Work\robocon\Project\20140513_Miwi_Soccer_Robot\Miwi_Board_Firmware\Microchip\WirelessProtocols\P2P\P2P.c
     UserInterruptHandler   0x00364a    program     extern D:\Work\robocon\Project\20140513_Miwi_Soccer_Robot\Miwi_Board_Firmware\MiWi DE Demo\Basic Demos\Simple Example\Node 1\HardwareProfile.c
         ___else_lbl00004   0x0032b6    program     static                          
         ___else_lbl00006   0x003242    program     static                          
         ___else_lbl00011   0x003372    program     static                          
           ___if_lbl00003   0x0032ea    program     static                          
           ___if_lbl00005   0x0032ea    program     static                          
           ___if_lbl00010   0x0033a6    program     static                          
       ___return_lbl00000   0x000004    program     static                          
       ___return_lbl00000   0x001a84    program     static                          
       ___return_lbl00000   0x0032ea    program     static                          
       ___return_lbl00001   0x003ace    program     static                          
       ___return_lbl00002   0x0039e2    program     static                          
       ___return_lbl00007   0x0033a6    program     static                          
       ___return_lbl00211   0x00000c    program     static                          
       ___return_lbl00212   0x00001c    program     static                          
        ___while_lbl00001   0x0032b6    program     static                          
        ___while_lbl00002   0x0032ea    program     static                          
        ___while_lbl00008   0x003372    program     static                          
        ___while_lbl00009   0x0033a6    program     static                          
               __config_0   0x300001    program     static D:\Work\robocon\Project\20140513_Miwi_Soccer_Robot\Miwi_Board_Firmware\MiWi DE Demo\Basic Demos\Simple Example\Node 1\HardwareProfile.c
               __config_1   0x300002    program     static D:\Work\robocon\Project\20140513_Miwi_Soccer_Robot\Miwi_Board_Firmware\MiWi DE Demo\Basic Demos\Simple Example\Node 1\HardwareProfile.c
               __config_2   0x300003    program     static D:\Work\robocon\Project\20140513_Miwi_Soccer_Robot\Miwi_Board_Firmware\MiWi DE Demo\Basic Demos\Simple Example\Node 1\HardwareProfile.c
               __config_3   0x300005    program     static D:\Work\robocon\Project\20140513_Miwi_Soccer_Robot\Miwi_Board_Firmware\MiWi DE Demo\Basic Demos\Simple Example\Node 1\HardwareProfile.c
               __config_4   0x300006    program     static D:\Work\robocon\Project\20140513_Miwi_Soccer_Robot\Miwi_Board_Firmware\MiWi DE Demo\Basic Demos\Simple Example\Node 1\HardwareProfile.c
                 __div08u   0x0037a0    program     extern E:\3.46\pic18-lt\cxx-framework\src\extended\math\div08u.asm
                   __init   0x00000e    program     extern E:\3.46\pic18-lt\cxx-framework\src\extended\stdclib\__init.c
                 __mod08u   0x0037a6    program     extern E:\3.46\pic18-lt\cxx-framework\src\extended\math\div08u.asm
                  __mul32   0x0037e4    program     extern E:\3.46\pic18-lt\cxx-framework\src\extended\math\mul32.asm
               __string_0   0x003045    program     static D:\Work\robocon\Project\20140513_Miwi_Soccer_Robot\Miwi_Board_Firmware\MiWi DE Demo\Basic Demos\Simple Example\Node 1\DemoOutput.c
               __string_0   0x002e17    program     static D:\Work\robocon\Project\20140513_Miwi_Soccer_Robot\Miwi_Board_Firmware\Microchip\WirelessProtocols\P2P\P2P.c
               __string_1   0x002e0b    program     static D:\Work\robocon\Project\20140513_Miwi_Soccer_Robot\Miwi_Board_Firmware\Microchip\WirelessProtocols\P2P\P2P.c
               __string_1   0x003009    program     static D:\Work\robocon\Project\20140513_Miwi_Soccer_Robot\Miwi_Board_Firmware\MiWi DE Demo\Basic Demos\Simple Example\Node 1\DemoOutput.c
              __string_10   0x002ed2    program     static D:\Work\robocon\Project\20140513_Miwi_Soccer_Robot\Miwi_Board_Firmware\MiWi DE Demo\Basic Demos\Simple Example\Node 1\DemoOutput.c
              __string_11   0x002ecf    program     static D:\Work\robocon\Project\20140513_Miwi_Soccer_Robot\Miwi_Board_Firmware\MiWi DE Demo\Basic Demos\Simple Example\Node 1\DemoOutput.c
              __string_12   0x002eb0    program     static D:\Work\robocon\Project\20140513_Miwi_Soccer_Robot\Miwi_Board_Firmware\MiWi DE Demo\Basic Demos\Simple Example\Node 1\DemoOutput.c
              __string_13   0x002e93    program     static D:\Work\robocon\Project\20140513_Miwi_Soccer_Robot\Miwi_Board_Firmware\MiWi DE Demo\Basic Demos\Simple Example\Node 1\DemoOutput.c
              __string_14   0x002e7b    program     static D:\Work\robocon\Project\20140513_Miwi_Soccer_Robot\Miwi_Board_Firmware\MiWi DE Demo\Basic Demos\Simple Example\Node 1\DemoOutput.c
              __string_15   0x002e4d    program     static D:\Work\robocon\Project\20140513_Miwi_Soccer_Robot\Miwi_Board_Firmware\MiWi DE Demo\Basic Demos\Simple Example\Node 1\DemoOutput.c
              __string_16   0x002e3a    program     static D:\Work\robocon\Project\20140513_Miwi_Soccer_Robot\Miwi_Board_Firmware\MiWi DE Demo\Basic Demos\Simple Example\Node 1\DemoOutput.c
              __string_17   0x002e2a    program     static D:\Work\robocon\Project\20140513_Miwi_Soccer_Robot\Miwi_Board_Firmware\MiWi DE Demo\Basic Demos\Simple Example\Node 1\DemoOutput.c
               __string_2   0x002dff    program     static D:\Work\robocon\Project\20140513_Miwi_Soccer_Robot\Miwi_Board_Firmware\Microchip\WirelessProtocols\P2P\P2P.c
               __string_2   0x002fef    program     static D:\Work\robocon\Project\20140513_Miwi_Soccer_Robot\Miwi_Board_Firmware\MiWi DE Demo\Basic Demos\Simple Example\Node 1\DemoOutput.c
               __string_3   0x002dcf    program     static D:\Work\robocon\Project\20140513_Miwi_Soccer_Robot\Miwi_Board_Firmware\Microchip\WirelessProtocols\P2P\P2P.c
               __string_3   0x002fd8    program     static D:\Work\robocon\Project\20140513_Miwi_Soccer_Robot\Miwi_Board_Firmware\MiWi DE Demo\Basic Demos\Simple Example\Node 1\DemoOutput.c
               __string_4   0x002fba    program     static D:\Work\robocon\Project\20140513_Miwi_Soccer_Robot\Miwi_Board_Firmware\MiWi DE Demo\Basic Demos\Simple Example\Node 1\DemoOutput.c
               __string_4   0x002dc1    program     static D:\Work\robocon\Project\20140513_Miwi_Soccer_Robot\Miwi_Board_Firmware\Microchip\WirelessProtocols\P2P\P2P.c
               __string_5   0x002dbe    program     static D:\Work\robocon\Project\20140513_Miwi_Soccer_Robot\Miwi_Board_Firmware\Microchip\WirelessProtocols\P2P\P2P.c
               __string_5   0x002fa3    program     static D:\Work\robocon\Project\20140513_Miwi_Soccer_Robot\Miwi_Board_Firmware\MiWi DE Demo\Basic Demos\Simple Example\Node 1\DemoOutput.c
               __string_6   0x002db9    program     static D:\Work\robocon\Project\20140513_Miwi_Soccer_Robot\Miwi_Board_Firmware\Microchip\WirelessProtocols\P2P\P2P.c
               __string_6   0x002f61    program     static D:\Work\robocon\Project\20140513_Miwi_Soccer_Robot\Miwi_Board_Firmware\MiWi DE Demo\Basic Demos\Simple Example\Node 1\DemoOutput.c
               __string_7   0x002db6    program     static D:\Work\robocon\Project\20140513_Miwi_Soccer_Robot\Miwi_Board_Firmware\Microchip\WirelessProtocols\P2P\P2P.c
               __string_7   0x002f15    program     static D:\Work\robocon\Project\20140513_Miwi_Soccer_Robot\Miwi_Board_Firmware\MiWi DE Demo\Basic Demos\Simple Example\Node 1\DemoOutput.c
               __string_8   0x002d84    program     static D:\Work\robocon\Project\20140513_Miwi_Soccer_Robot\Miwi_Board_Firmware\Microchip\WirelessProtocols\P2P\P2P.c
               __string_8   0x002f10    program     static D:\Work\robocon\Project\20140513_Miwi_Soccer_Robot\Miwi_Board_Firmware\MiWi DE Demo\Basic Demos\Simple Example\Node 1\DemoOutput.c
               __string_9   0x002ef0    program     static D:\Work\robocon\Project\20140513_Miwi_Soccer_Robot\Miwi_Board_Firmware\MiWi DE Demo\Basic Demos\Simple Example\Node 1\DemoOutput.c
              __tmplbl_27   0x000d4e    program     static                          
            __zero_memory   0x003a96    program     extern E:\3.46\pic18-lt\cxx-framework\src\extended\proc\p18f25k20.asm
                _do_cinit   0x003946    program     extern E:\3.46\pic18-lt\cxx-framework\src\extended\startup\c018i_e.c
            _early08uexit   0x0037aa    program     extern E:\3.46\pic18-lt\cxx-framework\src\extended\math\div08u.asm
                   _entry   0x000000    program     extern E:\3.46\pic18-lt\cxx-framework\src\extended\startup\c018i_e.c
                 _startup   0x003ab6    program     extern E:\3.46\pic18-lt\cxx-framework\src\extended\startup\c018i_e.c
                compare_l   0x003aac    program     static E:\3.46\pic18-lt\cxx-framework\src\extended\proc\p18f25k20.asm
                copy_loop   0x0039b8    program     static                          
            copy_one_byte   0x0039be    program     static                          
                divmod08u   0x0037ac    program     static E:\3.46\pic18-lt\cxx-framework\src\extended\math\div08u.asm
                     done   0x0039e2    program     static                          
             done_copying   0x0039cc    program     static                          
                  endloop   0x0037c2    program     static E:\3.46\pic18-lt\cxx-framework\src\extended\math\div08u.asm
                  get_psx   0x002b4e    program     extern D:\Work\robocon\Project\20140513_Miwi_Soccer_Robot\Miwi_Board_Firmware\MiWi DE Demo\Basic Demos\Simple Example\Node 1\ps2.c
            isSameAddress   0x0021a0    program     extern D:\Work\robocon\Project\20140513_Miwi_Soccer_Robot\Miwi_Board_Firmware\Microchip\WirelessProtocols\P2P\P2P.c
                     loop   0x0037b4    program     static E:\3.46\pic18-lt\cxx-framework\src\extended\math\div08u.asm
                     loop   0x003ac4    program     static                          
                   loop_h   0x003aa4    program     static E:\3.46\pic18-lt\cxx-framework\src\extended\proc\p18f25k20.asm
                   loop_l   0x003aae    program     static E:\3.46\pic18-lt\cxx-framework\src\extended\proc\p18f25k20.asm
                     main   0x00364c    program     extern D:\Work\robocon\Project\20140513_Miwi_Soccer_Robot\Miwi_Board_Firmware\MiWi DE Demo\Basic Demos\Simple Example\Node 1\main.c
      myKeySequenceNumber   0x000007    program     extern D:\Work\robocon\Project\20140513_Miwi_Soccer_Robot\Miwi_Board_Firmware\Microchip\Transceivers\MRF24J40\MRF24J40.c
            mySecurityKey   0x00002e    program     extern D:\Work\robocon\Project\20140513_Miwi_Soccer_Robot\Miwi_Board_Firmware\Microchip\Transceivers\MRF24J40\MRF24J40.c
          mySecurityLevel   0x000006    program     extern D:\Work\robocon\Project\20140513_Miwi_Soccer_Robot\Miwi_Board_Firmware\Microchip\Transceivers\MRF24J40\MRF24J40.c
         psx_LowLevelInit   0x002b36    program     static D:\Work\robocon\Project\20140513_Miwi_Soccer_Robot\Miwi_Board_Firmware\MiWi DE Demo\Basic Demos\Simple Example\Node 1\ps2.c
                 psx_init   0x002a5c    program     extern D:\Work\robocon\Project\20140513_Miwi_Soccer_Robot\Miwi_Board_Firmware\MiWi DE Demo\Basic Demos\Simple Example\Node 1\ps2.c
               psx_status   0x002cb2    program     extern D:\Work\robocon\Project\20140513_Miwi_Soccer_Robot\Miwi_Board_Firmware\MiWi DE Demo\Basic Demos\Simple Example\Node 1\ps2.c
                psx_write   0x002bd2    program     static D:\Work\robocon\Project\20140513_Miwi_Soccer_Robot\Miwi_Board_Firmware\MiWi DE Demo\Basic Demos\Simple Example\Node 1\ps2.c
       psx_write_lastbyte   0x002c44    program     static D:\Work\robocon\Project\20140513_Miwi_Soccer_Robot\Miwi_Board_Firmware\MiWi DE Demo\Basic Demos\Simple Example\Node 1\ps2.c
                     test   0x003960    program     static                          
               zero_block   0x003aa4    program     static E:\3.46\pic18-lt\cxx-framework\src\extended\proc\p18f25k20.asm
                   ADCON0   0x000fc2       data     extern E:\3.46\pic18-lt\cxx-framework\src\extended\proc\p18f25k20.asm
               ADCON0bits   0x000fc2       data     extern E:\3.46\pic18-lt\cxx-framework\src\extended\proc\p18f25k20.asm
                   ADCON1   0x000fc1       data     extern E:\3.46\pic18-lt\cxx-framework\src\extended\proc\p18f25k20.asm
               ADCON1bits   0x000fc1       data     extern E:\3.46\pic18-lt\cxx-framework\src\extended\proc\p18f25k20.asm
                   ADCON2   0x000fc0       data     extern E:\3.46\pic18-lt\cxx-framework\src\extended\proc\p18f25k20.asm
               ADCON2bits   0x000fc0       data     extern E:\3.46\pic18-lt\cxx-framework\src\extended\proc\p18f25k20.asm
                    ADRES   0x000fc3       data     extern E:\3.46\pic18-lt\cxx-framework\src\extended\proc\p18f25k20.asm
                   ADRESH   0x000fc4       data     extern E:\3.46\pic18-lt\cxx-framework\src\extended\proc\p18f25k20.asm
                   ADRESL   0x000fc3       data     extern E:\3.46\pic18-lt\cxx-framework\src\extended\proc\p18f25k20.asm
                    ANSEL   0x000f7e       data     extern E:\3.46\pic18-lt\cxx-framework\src\extended\proc\p18f25k20.asm
                   ANSELH   0x000f7f       data     extern E:\3.46\pic18-lt\cxx-framework\src\extended\proc\p18f25k20.asm
               ANSELHbits   0x000f7f       data     extern E:\3.46\pic18-lt\cxx-framework\src\extended\proc\p18f25k20.asm
                ANSELbits   0x000f7e       data     extern E:\3.46\pic18-lt\cxx-framework\src\extended\proc\p18f25k20.asm
         AdditionalNodeID   0x000196       data     extern D:\Work\robocon\Project\20140513_Miwi_Soccer_Robot\Miwi_Board_Firmware\MiWi DE Demo\Basic Demos\Simple Example\Node 1\main.c
                  BAUDCON   0x000fb8       data     extern E:\3.46\pic18-lt\cxx-framework\src\extended\proc\p18f25k20.asm
              BAUDCONbits   0x000fb8       data     extern E:\3.46\pic18-lt\cxx-framework\src\extended\proc\p18f25k20.asm
                  BAUDCTL   0x000fb8       data     extern E:\3.46\pic18-lt\cxx-framework\src\extended\proc\p18f25k20.asm
              BAUDCTLbits   0x000fb8       data     extern E:\3.46\pic18-lt\cxx-framework\src\extended\proc\p18f25k20.asm
                      BSR   0x000fe0       data     extern E:\3.46\pic18-lt\cxx-framework\src\extended\proc\p18f25k20.asm
                BankIndex   0x00005d       data     extern D:\Work\robocon\Project\20140513_Miwi_Soccer_Robot\Miwi_Board_Firmware\Microchip\Transceivers\MRF24J40\MRF24J40.c
                  CCP1CON   0x000fbd       data     extern E:\3.46\pic18-lt\cxx-framework\src\extended\proc\p18f25k20.asm
              CCP1CONbits   0x000fbd       data     extern E:\3.46\pic18-lt\cxx-framework\src\extended\proc\p18f25k20.asm
                  CCP2CON   0x000fba       data     extern E:\3.46\pic18-lt\cxx-framework\src\extended\proc\p18f25k20.asm
              CCP2CONbits   0x000fba       data     extern E:\3.46\pic18-lt\cxx-framework\src\extended\proc\p18f25k20.asm
                    CCPR1   0x000fbe       data     extern E:\3.46\pic18-lt\cxx-framework\src\extended\proc\p18f25k20.asm
                   CCPR1H   0x000fbf       data     extern E:\3.46\pic18-lt\cxx-framework\src\extended\proc\p18f25k20.asm
                   CCPR1L   0x000fbe       data     extern E:\3.46\pic18-lt\cxx-framework\src\extended\proc\p18f25k20.asm
                    CCPR2   0x000fbb       data     extern E:\3.46\pic18-lt\cxx-framework\src\extended\proc\p18f25k20.asm
                   CCPR2H   0x000fbc       data     extern E:\3.46\pic18-lt\cxx-framework\src\extended\proc\p18f25k20.asm
                   CCPR2L   0x000fbb       data     extern E:\3.46\pic18-lt\cxx-framework\src\extended\proc\p18f25k20.asm
                  CM1CON0   0x000f7b       data     extern E:\3.46\pic18-lt\cxx-framework\src\extended\proc\p18f25k20.asm
              CM1CON0bits   0x000f7b       data     extern E:\3.46\pic18-lt\cxx-framework\src\extended\proc\p18f25k20.asm
                  CM2CON0   0x000f7a       data     extern E:\3.46\pic18-lt\cxx-framework\src\extended\proc\p18f25k20.asm
              CM2CON0bits   0x000f7a       data     extern E:\3.46\pic18-lt\cxx-framework\src\extended\proc\p18f25k20.asm
                  CM2CON1   0x000f79       data     extern E:\3.46\pic18-lt\cxx-framework\src\extended\proc\p18f25k20.asm
              CM2CON1bits   0x000f79       data     extern E:\3.46\pic18-lt\cxx-framework\src\extended\proc\p18f25k20.asm
                   CVRCON   0x000fb5       data     extern E:\3.46\pic18-lt\cxx-framework\src\extended\proc\p18f25k20.asm
                  CVRCON2   0x000fb4       data     extern E:\3.46\pic18-lt\cxx-framework\src\extended\proc\p18f25k20.asm
              CVRCON2bits   0x000fb4       data     extern E:\3.46\pic18-lt\cxx-framework\src\extended\proc\p18f25k20.asm
               CVRCONbits   0x000fb5       data     extern E:\3.46\pic18-lt\cxx-framework\src\extended\proc\p18f25k20.asm
                 ConnMode   0x0001a9       data     extern D:\Work\robocon\Project\20140513_Miwi_Soccer_Robot\Miwi_Board_Firmware\Microchip\WirelessProtocols\P2P\P2P.c
          ConnectionTable   0x000100       data     extern D:\Work\robocon\Project\20140513_Miwi_Soccer_Robot\Miwi_Board_Firmware\Microchip\WirelessProtocols\P2P\P2P.c
                     DDRA   0x000f92       data     extern E:\3.46\pic18-lt\cxx-framework\src\extended\proc\p18f25k20.asm
                 DDRAbits   0x000f92       data     extern E:\3.46\pic18-lt\cxx-framework\src\extended\proc\p18f25k20.asm
                     DDRB   0x000f93       data     extern E:\3.46\pic18-lt\cxx-framework\src\extended\proc\p18f25k20.asm
                 DDRBbits   0x000f93       data     extern E:\3.46\pic18-lt\cxx-framework\src\extended\proc\p18f25k20.asm
                     DDRC   0x000f94       data     extern E:\3.46\pic18-lt\cxx-framework\src\extended\proc\p18f25k20.asm
                 DDRCbits   0x000f94       data     extern E:\3.46\pic18-lt\cxx-framework\src\extended\proc\p18f25k20.asm
                  ECCP1AS   0x000fb6       data     extern E:\3.46\pic18-lt\cxx-framework\src\extended\proc\p18f25k20.asm
              ECCP1ASbits   0x000fb6       data     extern E:\3.46\pic18-lt\cxx-framework\src\extended\proc\p18f25k20.asm
                    EEADR   0x000fa9       data     extern E:\3.46\pic18-lt\cxx-framework\src\extended\proc\p18f25k20.asm
                EEADRbits   0x000fa9       data     extern E:\3.46\pic18-lt\cxx-framework\src\extended\proc\p18f25k20.asm
                   EECON1   0x000fa6       data     extern E:\3.46\pic18-lt\cxx-framework\src\extended\proc\p18f25k20.asm
               EECON1bits   0x000fa6       data     extern E:\3.46\pic18-lt\cxx-framework\src\extended\proc\p18f25k20.asm
                   EECON2   0x000fa7       data     extern E:\3.46\pic18-lt\cxx-framework\src\extended\proc\p18f25k20.asm
                   EEDATA   0x000fa8       data     extern E:\3.46\pic18-lt\cxx-framework\src\extended\proc\p18f25k20.asm
                     FSR0   0x000fe9       data     extern E:\3.46\pic18-lt\cxx-framework\src\extended\proc\p18f25k20.asm
                    FSR0H   0x000fea       data     extern E:\3.46\pic18-lt\cxx-framework\src\extended\proc\p18f25k20.asm
                    FSR0L   0x000fe9       data     extern E:\3.46\pic18-lt\cxx-framework\src\extended\proc\p18f25k20.asm
                     FSR1   0x000fe1       data     extern E:\3.46\pic18-lt\cxx-framework\src\extended\proc\p18f25k20.asm
                    FSR1H   0x000fe2       data     extern E:\3.46\pic18-lt\cxx-framework\src\extended\proc\p18f25k20.asm
                    FSR1L   0x000fe1       data     extern E:\3.46\pic18-lt\cxx-framework\src\extended\proc\p18f25k20.asm
                     FSR2   0x000fd9       data     extern E:\3.46\pic18-lt\cxx-framework\src\extended\proc\p18f25k20.asm
                    FSR2H   0x000fda       data     extern E:\3.46\pic18-lt\cxx-framework\src\extended\proc\p18f25k20.asm
                    FSR2L   0x000fd9       data     extern E:\3.46\pic18-lt\cxx-framework\src\extended\proc\p18f25k20.asm
                  HLVDCON   0x000fd2       data     extern E:\3.46\pic18-lt\cxx-framework\src\extended\proc\p18f25k20.asm
              HLVDCONbits   0x000fd2       data     extern E:\3.46\pic18-lt\cxx-framework\src\extended\proc\p18f25k20.asm
               IEEESeqNum   0x000056       data     extern D:\Work\robocon\Project\20140513_Miwi_Soccer_Robot\Miwi_Board_Firmware\Microchip\Transceivers\MRF24J40\MRF24J40.c
                    INDF0   0x000fef       data     extern E:\3.46\pic18-lt\cxx-framework\src\extended\proc\p18f25k20.asm
                    INDF1   0x000fe7       data     extern E:\3.46\pic18-lt\cxx-framework\src\extended\proc\p18f25k20.asm
                    INDF2   0x000fdf       data     extern E:\3.46\pic18-lt\cxx-framework\src\extended\proc\p18f25k20.asm
                   INTCON   0x000ff2       data     extern E:\3.46\pic18-lt\cxx-framework\src\extended\proc\p18f25k20.asm
                  INTCON2   0x000ff1       data     extern E:\3.46\pic18-lt\cxx-framework\src\extended\proc\p18f25k20.asm
              INTCON2bits   0x000ff1       data     extern E:\3.46\pic18-lt\cxx-framework\src\extended\proc\p18f25k20.asm
                  INTCON3   0x000ff0       data     extern E:\3.46\pic18-lt\cxx-framework\src\extended\proc\p18f25k20.asm
              INTCON3bits   0x000ff0       data     extern E:\3.46\pic18-lt\cxx-framework\src\extended\proc\p18f25k20.asm
               INTCONbits   0x000ff2       data     extern E:\3.46\pic18-lt\cxx-framework\src\extended\proc\p18f25k20.asm
                     IOCB   0x000f7d       data     extern E:\3.46\pic18-lt\cxx-framework\src\extended\proc\p18f25k20.asm
                 IOCBbits   0x000f7d       data     extern E:\3.46\pic18-lt\cxx-framework\src\extended\proc\p18f25k20.asm
                     IPR1   0x000f9f       data     extern E:\3.46\pic18-lt\cxx-framework\src\extended\proc\p18f25k20.asm
                 IPR1bits   0x000f9f       data     extern E:\3.46\pic18-lt\cxx-framework\src\extended\proc\p18f25k20.asm
                     IPR2   0x000fa2       data     extern E:\3.46\pic18-lt\cxx-framework\src\extended\proc\p18f25k20.asm
                 IPR2bits   0x000fa2       data     extern E:\3.46\pic18-lt\cxx-framework\src\extended\proc\p18f25k20.asm
     IncomingFrameCounter   0x00001b       data     extern D:\Work\robocon\Project\20140513_Miwi_Soccer_Robot\Miwi_Board_Firmware\Microchip\WirelessProtocols\P2P\P2P.c
                     LATA   0x000f89       data     extern E:\3.46\pic18-lt\cxx-framework\src\extended\proc\p18f25k20.asm
                 LATAbits   0x000f89       data     extern E:\3.46\pic18-lt\cxx-framework\src\extended\proc\p18f25k20.asm
                     LATB   0x000f8a       data     extern E:\3.46\pic18-lt\cxx-framework\src\extended\proc\p18f25k20.asm
                 LATBbits   0x000f8a       data     extern E:\3.46\pic18-lt\cxx-framework\src\extended\proc\p18f25k20.asm
                     LATC   0x000f8b       data     extern E:\3.46\pic18-lt\cxx-framework\src\extended\proc\p18f25k20.asm
                 LATCbits   0x000f8b       data     extern E:\3.46\pic18-lt\cxx-framework\src\extended\proc\p18f25k20.asm
                   LVDCON   0x000fd2       data     extern E:\3.46\pic18-lt\cxx-framework\src\extended\proc\p18f25k20.asm
               LVDCONbits   0x000fd2       data     extern E:\3.46\pic18-lt\cxx-framework\src\extended\proc\p18f25k20.asm
         LatestConnection   0x00000e       data     extern D:\Work\robocon\Project\20140513_Miwi_Soccer_Robot\Miwi_Board_Firmware\Microchip\WirelessProtocols\P2P\P2P.c
        MACCurrentChannel   0x000057       data     extern D:\Work\robocon\Project\20140513_Miwi_Soccer_Robot\Miwi_Board_Firmware\Microchip\Transceivers\MRF24J40\MRF24J40.c
            MACInitParams   0x000043       data     extern D:\Work\robocon\Project\20140513_Miwi_Soccer_Robot\Miwi_Board_Firmware\Microchip\Transceivers\MRF24J40\MRF24J40.c
              MACRxPacket   0x000010       data     extern D:\Work\robocon\Project\20140513_Miwi_Soccer_Robot\Miwi_Board_Firmware\Microchip\WirelessProtocols\P2P\P2P.c
                MAC_PANID   0x000058       data     extern D:\Work\robocon\Project\20140513_Miwi_Soccer_Robot\Miwi_Board_Firmware\Microchip\Transceivers\MRF24J40\MRF24J40.c
           MRF24J40Status   0x00005c       data     extern D:\Work\robocon\Project\20140513_Miwi_Soccer_Robot\Miwi_Board_Firmware\Microchip\Transceivers\MRF24J40\MRF24J40.c
                   OSCCON   0x000fd3       data     extern E:\3.46\pic18-lt\cxx-framework\src\extended\proc\p18f25k20.asm
               OSCCONbits   0x000fd3       data     extern E:\3.46\pic18-lt\cxx-framework\src\extended\proc\p18f25k20.asm
                  OSCTUNE   0x000f9b       data     extern E:\3.46\pic18-lt\cxx-framework\src\extended\proc\p18f25k20.asm
              OSCTUNEbits   0x000f9b       data     extern E:\3.46\pic18-lt\cxx-framework\src\extended\proc\p18f25k20.asm
     OutgoingFrameCounter   0x000046       data     extern D:\Work\robocon\Project\20140513_Miwi_Soccer_Robot\Miwi_Board_Firmware\Microchip\Transceivers\MRF24J40\MRF24J40.c
          P2PCapacityInfo   0x000003       data     extern D:\Work\robocon\Project\20140513_Miwi_Soccer_Robot\Miwi_Board_Firmware\Microchip\WirelessProtocols\P2P\P2P.c
                P2PStatus   0x00000f       data     extern D:\Work\robocon\Project\20140513_Miwi_Soccer_Robot\Miwi_Board_Firmware\Microchip\WirelessProtocols\P2P\P2P.c
                       PC   0x000ff9       data     extern E:\3.46\pic18-lt\cxx-framework\src\extended\proc\p18f25k20.asm
                      PCL   0x000ff9       data     extern E:\3.46\pic18-lt\cxx-framework\src\extended\proc\p18f25k20.asm
                   PCLATH   0x000ffa       data     extern E:\3.46\pic18-lt\cxx-framework\src\extended\proc\p18f25k20.asm
                   PCLATU   0x000ffb       data     extern E:\3.46\pic18-lt\cxx-framework\src\extended\proc\p18f25k20.asm
                     PIE1   0x000f9d       data     extern E:\3.46\pic18-lt\cxx-framework\src\extended\proc\p18f25k20.asm
                 PIE1bits   0x000f9d       data     extern E:\3.46\pic18-lt\cxx-framework\src\extended\proc\p18f25k20.asm
                     PIE2   0x000fa0       data     extern E:\3.46\pic18-lt\cxx-framework\src\extended\proc\p18f25k20.asm
                 PIE2bits   0x000fa0       data     extern E:\3.46\pic18-lt\cxx-framework\src\extended\proc\p18f25k20.asm
                     PIR1   0x000f9e       data     extern E:\3.46\pic18-lt\cxx-framework\src\extended\proc\p18f25k20.asm
                 PIR1bits   0x000f9e       data     extern E:\3.46\pic18-lt\cxx-framework\src\extended\proc\p18f25k20.asm
                     PIR2   0x000fa1       data     extern E:\3.46\pic18-lt\cxx-framework\src\extended\proc\p18f25k20.asm
                 PIR2bits   0x000fa1       data     extern E:\3.46\pic18-lt\cxx-framework\src\extended\proc\p18f25k20.asm
                   PLUSW0   0x000feb       data     extern E:\3.46\pic18-lt\cxx-framework\src\extended\proc\p18f25k20.asm
                   PLUSW1   0x000fe3       data     extern E:\3.46\pic18-lt\cxx-framework\src\extended\proc\p18f25k20.asm
                   PLUSW2   0x000fdb       data     extern E:\3.46\pic18-lt\cxx-framework\src\extended\proc\p18f25k20.asm
                    PORTA   0x000f80       data     extern E:\3.46\pic18-lt\cxx-framework\src\extended\proc\p18f25k20.asm
                PORTAbits   0x000f80       data     extern E:\3.46\pic18-lt\cxx-framework\src\extended\proc\p18f25k20.asm
                    PORTB   0x000f81       data     extern E:\3.46\pic18-lt\cxx-framework\src\extended\proc\p18f25k20.asm
                PORTBbits   0x000f81       data     extern E:\3.46\pic18-lt\cxx-framework\src\extended\proc\p18f25k20.asm
                    PORTC   0x000f82       data     extern E:\3.46\pic18-lt\cxx-framework\src\extended\proc\p18f25k20.asm
                PORTCbits   0x000f82       data     extern E:\3.46\pic18-lt\cxx-framework\src\extended\proc\p18f25k20.asm
                    PORTE   0x000f84       data     extern E:\3.46\pic18-lt\cxx-framework\src\extended\proc\p18f25k20.asm
                PORTEbits   0x000f84       data     extern E:\3.46\pic18-lt\cxx-framework\src\extended\proc\p18f25k20.asm
                 POSTDEC0   0x000fed       data     extern E:\3.46\pic18-lt\cxx-framework\src\extended\proc\p18f25k20.asm
                 POSTDEC1   0x000fe5       data     extern E:\3.46\pic18-lt\cxx-framework\src\extended\proc\p18f25k20.asm
                 POSTDEC2   0x000fdd       data     extern E:\3.46\pic18-lt\cxx-framework\src\extended\proc\p18f25k20.asm
                 POSTINC0   0x000fee       data     extern E:\3.46\pic18-lt\cxx-framework\src\extended\proc\p18f25k20.asm
                 POSTINC1   0x000fe6       data     extern E:\3.46\pic18-lt\cxx-framework\src\extended\proc\p18f25k20.asm
                 POSTINC2   0x000fde       data     extern E:\3.46\pic18-lt\cxx-framework\src\extended\proc\p18f25k20.asm
                      PR2   0x000fcb       data     extern E:\3.46\pic18-lt\cxx-framework\src\extended\proc\p18f25k20.asm
                  PREINC0   0x000fec       data     extern E:\3.46\pic18-lt\cxx-framework\src\extended\proc\p18f25k20.asm
                  PREINC1   0x000fe4       data     extern E:\3.46\pic18-lt\cxx-framework\src\extended\proc\p18f25k20.asm
                  PREINC2   0x000fdc       data     extern E:\3.46\pic18-lt\cxx-framework\src\extended\proc\p18f25k20.asm
                     PROD   0x000ff3       data     extern E:\3.46\pic18-lt\cxx-framework\src\extended\proc\p18f25k20.asm
                    PRODH   0x000ff4       data     extern E:\3.46\pic18-lt\cxx-framework\src\extended\proc\p18f25k20.asm
                    PRODL   0x000ff3       data     extern E:\3.46\pic18-lt\cxx-framework\src\extended\proc\p18f25k20.asm
                  PSTRCON   0x000fb9       data     extern E:\3.46\pic18-lt\cxx-framework\src\extended\proc\p18f25k20.asm
              PSTRCONbits   0x000fb9       data     extern E:\3.46\pic18-lt\cxx-framework\src\extended\proc\p18f25k20.asm
   PUSH_BUTTON_press_time   0x0001ba       data     extern D:\Work\robocon\Project\20140513_Miwi_Soccer_Robot\Miwi_Board_Firmware\MiWi DE Demo\Basic Demos\Simple Example\Node 1\HardwareProfile.c
      PUSH_BUTTON_pressed   0x0001b9       data     extern D:\Work\robocon\Project\20140513_Miwi_Soccer_Robot\Miwi_Board_Firmware\MiWi DE Demo\Basic Demos\Simple Example\Node 1\HardwareProfile.c
                  PWM1CON   0x000fb7       data     extern E:\3.46\pic18-lt\cxx-framework\src\extended\proc\p18f25k20.asm
              PWM1CONbits   0x000fb7       data     extern E:\3.46\pic18-lt\cxx-framework\src\extended\proc\p18f25k20.asm
                     RCON   0x000fd0       data     extern E:\3.46\pic18-lt\cxx-framework\src\extended\proc\p18f25k20.asm
                 RCONbits   0x000fd0       data     extern E:\3.46\pic18-lt\cxx-framework\src\extended\proc\p18f25k20.asm
                    RCREG   0x000fae       data     extern E:\3.46\pic18-lt\cxx-framework\src\extended\proc\p18f25k20.asm
                    RCSTA   0x000fab       data     extern E:\3.46\pic18-lt\cxx-framework\src\extended\proc\p18f25k20.asm
                RCSTAbits   0x000fab       data     extern E:\3.46\pic18-lt\cxx-framework\src\extended\proc\p18f25k20.asm
                 RxBuffer   0x000060       data     extern D:\Work\robocon\Project\20140513_Miwi_Soccer_Robot\Miwi_Board_Firmware\Microchip\Transceivers\MRF24J40\MRF24J40.c
                   SLRCON   0x000f78       data     extern E:\3.46\pic18-lt\cxx-framework\src\extended\proc\p18f25k20.asm
               SLRCONbits   0x000f78       data     extern E:\3.46\pic18-lt\cxx-framework\src\extended\proc\p18f25k20.asm
                    SPBRG   0x000faf       data     extern E:\3.46\pic18-lt\cxx-framework\src\extended\proc\p18f25k20.asm
                   SPBRGH   0x000fb0       data     extern E:\3.46\pic18-lt\cxx-framework\src\extended\proc\p18f25k20.asm
                   SSPADD   0x000fc8       data     extern E:\3.46\pic18-lt\cxx-framework\src\extended\proc\p18f25k20.asm
                   SSPBUF   0x000fc9       data     extern E:\3.46\pic18-lt\cxx-framework\src\extended\proc\p18f25k20.asm
                  SSPCON1   0x000fc6       data     extern E:\3.46\pic18-lt\cxx-framework\src\extended\proc\p18f25k20.asm
              SSPCON1bits   0x000fc6       data     extern E:\3.46\pic18-lt\cxx-framework\src\extended\proc\p18f25k20.asm
                  SSPCON2   0x000fc5       data     extern E:\3.46\pic18-lt\cxx-framework\src\extended\proc\p18f25k20.asm
              SSPCON2bits   0x000fc5       data     extern E:\3.46\pic18-lt\cxx-framework\src\extended\proc\p18f25k20.asm
                   SSPMSK   0x000f77       data     extern E:\3.46\pic18-lt\cxx-framework\src\extended\proc\p18f25k20.asm
               SSPMSKbits   0x000f77       data     extern E:\3.46\pic18-lt\cxx-framework\src\extended\proc\p18f25k20.asm
                  SSPSTAT   0x000fc7       data     extern E:\3.46\pic18-lt\cxx-framework\src\extended\proc\p18f25k20.asm
              SSPSTATbits   0x000fc7       data     extern E:\3.46\pic18-lt\cxx-framework\src\extended\proc\p18f25k20.asm
                   STATUS   0x000fd8       data     extern E:\3.46\pic18-lt\cxx-framework\src\extended\proc\p18f25k20.asm
               STATUSbits   0x000fd8       data     extern E:\3.46\pic18-lt\cxx-framework\src\extended\proc\p18f25k20.asm
                   STKPTR   0x000ffc       data     extern E:\3.46\pic18-lt\cxx-framework\src\extended\proc\p18f25k20.asm
               STKPTRbits   0x000ffc       data     extern E:\3.46\pic18-lt\cxx-framework\src\extended\proc\p18f25k20.asm
                    T0CON   0x000fd5       data     extern E:\3.46\pic18-lt\cxx-framework\src\extended\proc\p18f25k20.asm
                T0CONbits   0x000fd5       data     extern E:\3.46\pic18-lt\cxx-framework\src\extended\proc\p18f25k20.asm
                    T1CON   0x000fcd       data     extern E:\3.46\pic18-lt\cxx-framework\src\extended\proc\p18f25k20.asm
                T1CONbits   0x000fcd       data     extern E:\3.46\pic18-lt\cxx-framework\src\extended\proc\p18f25k20.asm
                    T2CON   0x000fca       data     extern E:\3.46\pic18-lt\cxx-framework\src\extended\proc\p18f25k20.asm
                T2CONbits   0x000fca       data     extern E:\3.46\pic18-lt\cxx-framework\src\extended\proc\p18f25k20.asm
                    T3CON   0x000fb1       data     extern E:\3.46\pic18-lt\cxx-framework\src\extended\proc\p18f25k20.asm
                T3CONbits   0x000fb1       data     extern E:\3.46\pic18-lt\cxx-framework\src\extended\proc\p18f25k20.asm
                   TABLAT   0x000ff5       data     extern E:\3.46\pic18-lt\cxx-framework\src\extended\proc\p18f25k20.asm
                   TBLPTR   0x000ff6       data     extern E:\3.46\pic18-lt\cxx-framework\src\extended\proc\p18f25k20.asm
                  TBLPTRH   0x000ff7       data     extern E:\3.46\pic18-lt\cxx-framework\src\extended\proc\p18f25k20.asm
                  TBLPTRL   0x000ff6       data     extern E:\3.46\pic18-lt\cxx-framework\src\extended\proc\p18f25k20.asm
                  TBLPTRU   0x000ff8       data     extern E:\3.46\pic18-lt\cxx-framework\src\extended\proc\p18f25k20.asm
                    TMR0H   0x000fd7       data     extern E:\3.46\pic18-lt\cxx-framework\src\extended\proc\p18f25k20.asm
                    TMR0L   0x000fd6       data     extern E:\3.46\pic18-lt\cxx-framework\src\extended\proc\p18f25k20.asm
                    TMR1H   0x000fcf       data     extern E:\3.46\pic18-lt\cxx-framework\src\extended\proc\p18f25k20.asm
                    TMR1L   0x000fce       data     extern E:\3.46\pic18-lt\cxx-framework\src\extended\proc\p18f25k20.asm
                     TMR2   0x000fcc       data     extern E:\3.46\pic18-lt\cxx-framework\src\extended\proc\p18f25k20.asm
                    TMR3H   0x000fb3       data     extern E:\3.46\pic18-lt\cxx-framework\src\extended\proc\p18f25k20.asm
                    TMR3L   0x000fb2       data     extern E:\3.46\pic18-lt\cxx-framework\src\extended\proc\p18f25k20.asm
                      TOS   0x000ffd       data     extern E:\3.46\pic18-lt\cxx-framework\src\extended\proc\p18f25k20.asm
                     TOSH   0x000ffe       data     extern E:\3.46\pic18-lt\cxx-framework\src\extended\proc\p18f25k20.asm
                     TOSL   0x000ffd       data     extern E:\3.46\pic18-lt\cxx-framework\src\extended\proc\p18f25k20.asm
                     TOSU   0x000fff       data     extern E:\3.46\pic18-lt\cxx-framework\src\extended\proc\p18f25k20.asm
                    TRISA   0x000f92       data     extern E:\3.46\pic18-lt\cxx-framework\src\extended\proc\p18f25k20.asm
                TRISAbits   0x000f92       data     extern E:\3.46\pic18-lt\cxx-framework\src\extended\proc\p18f25k20.asm
                    TRISB   0x000f93       data     extern E:\3.46\pic18-lt\cxx-framework\src\extended\proc\p18f25k20.asm
                TRISBbits   0x000f93       data     extern E:\3.46\pic18-lt\cxx-framework\src\extended\proc\p18f25k20.asm
                    TRISC   0x000f94       data     extern E:\3.46\pic18-lt\cxx-framework\src\extended\proc\p18f25k20.asm
                TRISCbits   0x000f94       data     extern E:\3.46\pic18-lt\cxx-framework\src\extended\proc\p18f25k20.asm
                    TXREG   0x000fad       data     extern E:\3.46\pic18-lt\cxx-framework\src\extended\proc\p18f25k20.asm
                    TXSTA   0x000fac       data     extern E:\3.46\pic18-lt\cxx-framework\src\extended\proc\p18f25k20.asm
                TXSTAbits   0x000fac       data     extern E:\3.46\pic18-lt\cxx-framework\src\extended\proc\p18f25k20.asm
                 TxBuffer   0x000164       data     extern D:\Work\robocon\Project\20140513_Miwi_Soccer_Robot\Miwi_Board_Firmware\Microchip\WirelessProtocols\P2P\P2P.c
                   TxData   0x000002       data     extern D:\Work\robocon\Project\20140513_Miwi_Soccer_Robot\Miwi_Board_Firmware\Microchip\WirelessProtocols\P2P\P2P.c
                        W   0x000fe8       data     extern E:\3.46\pic18-lt\cxx-framework\src\extended\proc\p18f25k20.asm
                   WDTCON   0x000fd1       data     extern E:\3.46\pic18-lt\cxx-framework\src\extended\proc\p18f25k20.asm
               WDTCONbits   0x000fd1       data     extern E:\3.46\pic18-lt\cxx-framework\src\extended\proc\p18f25k20.asm
                     WPUB   0x000f7c       data     extern E:\3.46\pic18-lt\cxx-framework\src\extended\proc\p18f25k20.asm
                 WPUBbits   0x000f7c       data     extern E:\3.46\pic18-lt\cxx-framework\src\extended\proc\p18f25k20.asm
                     WREG   0x000fe8       data     extern E:\3.46\pic18-lt\cxx-framework\src\extended\proc\p18f25k20.asm
                __RETVAL0   0x0000fc       data     extern E:\3.46\pic18-lt\cxx-framework\src\extended\math\cmath18.asm
                __RETVAL1   0x0000fd       data     extern E:\3.46\pic18-lt\cxx-framework\src\extended\math\cmath18.asm
                __RETVAL2   0x0000fe       data     extern E:\3.46\pic18-lt\cxx-framework\src\extended\math\cmath18.asm
                __RETVAL3   0x0000ff       data     extern E:\3.46\pic18-lt\cxx-framework\src\extended\math\cmath18.asm
                  __tmp_0   0x0001aa       data     static D:\Work\robocon\Project\20140513_Miwi_Soccer_Robot\Miwi_Board_Firmware\Microchip\Common\TimeDelay.c
                  __tmp_0   0x0001aa       data     static D:\Work\robocon\Project\20140513_Miwi_Soccer_Robot\Miwi_Board_Firmware\MiWi DE Demo\Basic Demos\Simple Example\Node 1\HardwareProfile.c
                  __tmp_0   0x0001aa       data     static D:\Work\robocon\Project\20140513_Miwi_Soccer_Robot\Miwi_Board_Firmware\Microchip\WirelessProtocols\P2P\P2P.c
                  __tmp_0   0x0001aa       data     static D:\Work\robocon\Project\20140513_Miwi_Soccer_Robot\Miwi_Board_Firmware\Microchip\Transceivers\MRF24J40\MRF24J40.c
                  __tmp_0   0x0001aa       data     static D:\Work\robocon\Project\20140513_Miwi_Soccer_Robot\Miwi_Board_Firmware\MiWi DE Demo\Basic Demos\Simple Example\Node 1\ps2.c
                  __tmp_1   0x0001be       data     static D:\Work\robocon\Project\20140513_Miwi_Soccer_Robot\Miwi_Board_Firmware\Microchip\Transceivers\MRF24J40\MRF24J40.c
               clockDelay   0x0001c4       data     static D:\Work\robocon\Project\20140513_Miwi_Soccer_Robot\Miwi_Board_Firmware\MiWi DE Demo\Basic Demos\Simple Example\Node 1\ps2.c
                curr_byte   0x00018f       data     static E:\3.46\pic18-lt\cxx-framework\src\extended\startup\c018i_e.c
               curr_entry   0x000191       data     static E:\3.46\pic18-lt\cxx-framework\src\extended\startup\c018i_e.c
           currentChannel   0x0001a8       data     extern D:\Work\robocon\Project\20140513_Miwi_Soccer_Robot\Miwi_Board_Firmware\Microchip\WirelessProtocols\P2P\P2P.c
                 data_ptr   0x000193       data     static E:\3.46\pic18-lt\cxx-framework\src\extended\startup\c018i_e.c
           failureCounter   0x00005e       data     extern D:\Work\robocon\Project\20140513_Miwi_Soccer_Robot\Miwi_Board_Firmware\Microchip\Transceivers\MRF24J40\MRF24J40.c
                myChannel   0x000197       data     extern D:\Work\robocon\Project\20140513_Miwi_Soccer_Robot\Miwi_Board_Firmware\MiWi DE Demo\Basic Demos\Simple Example\Node 1\main.c
            myLongAddress   0x0001a0       data     extern D:\Work\robocon\Project\20140513_Miwi_Soccer_Robot\Miwi_Board_Firmware\Microchip\WirelessProtocols\P2P\P2P.c
         myNetworkAddress   0x00005a       data     extern D:\Work\robocon\Project\20140513_Miwi_Soccer_Robot\Miwi_Board_Firmware\Microchip\Transceivers\MRF24J40\MRF24J40.c
                  myPANID   0x000000       data     extern D:\Work\robocon\Project\20140513_Miwi_Soccer_Robot\Miwi_Board_Firmware\Microchip\WirelessProtocols\P2P\P2P.c
                     prom   0x00018c       data     static E:\3.46\pic18-lt\cxx-framework\src\extended\startup\c018i_e.c
                  psxData   0x0001b2       data     extern D:\Work\robocon\Project\20140513_Miwi_Soccer_Robot\Miwi_Board_Firmware\MiWi DE Demo\Basic Demos\Simple Example\Node 1\ps2.c
                rxMessage   0x000004       data     extern D:\Work\robocon\Project\20140513_Miwi_Soccer_Robot\Miwi_Board_Firmware\Microchip\WirelessProtocols\P2P\P2P.c
                 tempAddr   0x000198       data     extern D:\Work\robocon\Project\20140513_Miwi_Soccer_Robot\Miwi_Board_Firmware\MiWi DE Demo\Basic Demos\Simple Example\Node 1\main.c
          timerExtension1   0x0001c2       data     extern D:\Work\robocon\Project\20140513_Miwi_Soccer_Robot\Miwi_Board_Firmware\Microchip\WirelessProtocols\SymbolTime.c
          timerExtension2   0x0001c3       data     extern D:\Work\robocon\Project\20140513_Miwi_Soccer_Robot\Miwi_Board_Firmware\Microchip\WirelessProtocols\SymbolTime.c
          tmpFrameCounter   0x000052       data     extern D:\Work\robocon\Project\20140513_Miwi_Soccer_Robot\Miwi_Board_Firmware\Microchip\Transceivers\MRF24J40\MRF24J40.c
     tmpSourceLongAddress   0x00004a       data     extern D:\Work\robocon\Project\20140513_Miwi_Soccer_Robot\Miwi_Board_Firmware\Microchip\Transceivers\MRF24J40\MRF24J40.c



                              Symbols - Sorted by Address
                     Name    Address   Location    Storage File                     
                ---------  ---------  ---------  --------- ---------                
                   _entry   0x000000    program     extern E:\3.46\pic18-lt\cxx-framework\src\extended\startup\c018i_e.c
       ___return_lbl00000   0x000004    program     static                          
          mySecurityLevel   0x000006    program     extern D:\Work\robocon\Project\20140513_Miwi_Soccer_Robot\Miwi_Board_Firmware\Microchip\Transceivers\MRF24J40\MRF24J40.c
      myKeySequenceNumber   0x000007    program     extern D:\Work\robocon\Project\20140513_Miwi_Soccer_Robot\Miwi_Board_Firmware\Microchip\Transceivers\MRF24J40\MRF24J40.c
               HighVector   0x000008    program     extern D:\Work\robocon\Project\20140513_Miwi_Soccer_Robot\Miwi_Board_Firmware\Microchip\Transceivers\MRF24J40\MRF24J40.c
       ___return_lbl00211   0x00000c    program     static                          
                   __init   0x00000e    program     extern E:\3.46\pic18-lt\cxx-framework\src\extended\stdclib\__init.c
                LowVector   0x000018    program     extern D:\Work\robocon\Project\20140513_Miwi_Soccer_Robot\Miwi_Board_Firmware\Microchip\Transceivers\MRF24J40\MRF24J40.c
       ___return_lbl00212   0x00001c    program     static                          
           CharacterArray   0x00001e    program     extern D:\Work\robocon\Project\20140513_Miwi_Soccer_Robot\Miwi_Board_Firmware\Microchip\WirelessProtocols\Console.c
            mySecurityKey   0x00002e    program     extern D:\Work\robocon\Project\20140513_Miwi_Soccer_Robot\Miwi_Board_Firmware\Microchip\Transceivers\MRF24J40\MRF24J40.c
        PHYSetLongRAMAddr   0x000070    program     extern D:\Work\robocon\Project\20140513_Miwi_Soccer_Robot\Miwi_Board_Firmware\Microchip\Transceivers\MRF24J40\MRF24J40.c
       PHYSetShortRAMAddr   0x0000f4    program     extern D:\Work\robocon\Project\20140513_Miwi_Soccer_Robot\Miwi_Board_Firmware\Microchip\Transceivers\MRF24J40\MRF24J40.c
       PHYGetShortRAMAddr   0x000136    program     extern D:\Work\robocon\Project\20140513_Miwi_Soccer_Robot\Miwi_Board_Firmware\Microchip\Transceivers\MRF24J40\MRF24J40.c
        PHYGetLongRAMAddr   0x000178    program     extern D:\Work\robocon\Project\20140513_Miwi_Soccer_Robot\Miwi_Board_Firmware\Microchip\Transceivers\MRF24J40\MRF24J40.c
             InitMRF24J40   0x000200    program     extern D:\Work\robocon\Project\20140513_Miwi_Soccer_Robot\Miwi_Board_Firmware\Microchip\Transceivers\MRF24J40\MRF24J40.c
     MiMAC_ReceivedPacket   0x0003b8    program     extern D:\Work\robocon\Project\20140513_Miwi_Soccer_Robot\Miwi_Board_Firmware\Microchip\Transceivers\MRF24J40\MRF24J40.c
              __tmplbl_27   0x000d4e    program     static                          
      MiMAC_DiscardPacket   0x000d5a    program     extern D:\Work\robocon\Project\20140513_Miwi_Soccer_Robot\Miwi_Board_Firmware\Microchip\Transceivers\MRF24J40\MRF24J40.c
         MiMAC_SendPacket   0x000d7a    program     extern D:\Work\robocon\Project\20140513_Miwi_Soccer_Robot\Miwi_Board_Firmware\Microchip\Transceivers\MRF24J40\MRF24J40.c
         MiMAC_SetChannel   0x0012cc    program     extern D:\Work\robocon\Project\20140513_Miwi_Soccer_Robot\Miwi_Board_Firmware\Microchip\Transceivers\MRF24J40\MRF24J40.c
           MiMAC_SetPower   0x001328    program     extern D:\Work\robocon\Project\20140513_Miwi_Soccer_Robot\Miwi_Board_Firmware\Microchip\Transceivers\MRF24J40\MRF24J40.c
      MiMAC_SetAltAddress   0x0013be    program     extern D:\Work\robocon\Project\20140513_Miwi_Soccer_Robot\Miwi_Board_Firmware\Microchip\Transceivers\MRF24J40\MRF24J40.c
               MiMAC_Init   0x001440    program     extern D:\Work\robocon\Project\20140513_Miwi_Soccer_Robot\Miwi_Board_Firmware\Microchip\Transceivers\MRF24J40\MRF24J40.c
                  HighISR   0x0014a2    program     extern D:\Work\robocon\Project\20140513_Miwi_Soccer_Robot\Miwi_Board_Firmware\Microchip\Transceivers\MRF24J40\MRF24J40.c
                 MacroNop   0x001a82    program     extern D:\Work\robocon\Project\20140513_Miwi_Soccer_Robot\Miwi_Board_Firmware\Microchip\WirelessProtocols\P2P\P2P.c
       ___return_lbl00000   0x001a84    program     static                          
                 P2PTasks   0x001a86    program     extern D:\Work\robocon\Project\20140513_Miwi_Soccer_Robot\Miwi_Board_Firmware\Microchip\WirelessProtocols\P2P\P2P.c
       MiApp_ProtocolInit   0x001f22    program     extern D:\Work\robocon\Project\20140513_Miwi_Soccer_Robot\Miwi_Board_Firmware\Microchip\WirelessProtocols\P2P\P2P.c
               SendPacket   0x002008    program     extern D:\Work\robocon\Project\20140513_Miwi_Soccer_Robot\Miwi_Board_Firmware\Microchip\WirelessProtocols\P2P\P2P.c
    MiApp_BroadcastPacket   0x0020d6    program     extern D:\Work\robocon\Project\20140513_Miwi_Soccer_Robot\Miwi_Board_Firmware\Microchip\WirelessProtocols\P2P\P2P.c
  MiApp_UnicastConnection   0x002106    program     extern D:\Work\robocon\Project\20140513_Miwi_Soccer_Robot\Miwi_Board_Firmware\Microchip\WirelessProtocols\P2P\P2P.c
     MiApp_UnicastAddress   0x002170    program     extern D:\Work\robocon\Project\20140513_Miwi_Soccer_Robot\Miwi_Board_Firmware\Microchip\WirelessProtocols\P2P\P2P.c
            isSameAddress   0x0021a0    program     extern D:\Work\robocon\Project\20140513_Miwi_Soccer_Robot\Miwi_Board_Firmware\Microchip\WirelessProtocols\P2P\P2P.c
    MiApp_StartConnection   0x0021ec    program     extern D:\Work\robocon\Project\20140513_Miwi_Soccer_Robot\Miwi_Board_Firmware\Microchip\WirelessProtocols\P2P\P2P.c
MiApp_EstablishConnection   0x002244    program     extern D:\Work\robocon\Project\20140513_Miwi_Soccer_Robot\Miwi_Board_Firmware\Microchip\WirelessProtocols\P2P\P2P.c
     MiApp_DiscardMessage   0x0023ea    program     extern D:\Work\robocon\Project\20140513_Miwi_Soccer_Robot\Miwi_Board_Firmware\Microchip\WirelessProtocols\P2P\P2P.c
         MiApp_SetChannel   0x0023f2    program     extern D:\Work\robocon\Project\20140513_Miwi_Soccer_Robot\Miwi_Board_Firmware\Microchip\WirelessProtocols\P2P\P2P.c
   MiApp_MessageAvailable   0x002420    program     extern D:\Work\robocon\Project\20140513_Miwi_Soccer_Robot\Miwi_Board_Firmware\Microchip\WirelessProtocols\P2P\P2P.c
           DumpConnection   0x002432    program     extern D:\Work\robocon\Project\20140513_Miwi_Soccer_Robot\Miwi_Board_Firmware\Microchip\WirelessProtocols\P2P\P2P.c
            AddConnection   0x0026de    program     extern D:\Work\robocon\Project\20140513_Miwi_Soccer_Robot\Miwi_Board_Firmware\Microchip\WirelessProtocols\P2P\P2P.c
   MiApp_RemoveConnection   0x0028b2    program     extern D:\Work\robocon\Project\20140513_Miwi_Soccer_Robot\Miwi_Board_Firmware\Microchip\WirelessProtocols\P2P\P2P.c
     MiApp_ConnectionMode   0x002a26    program     extern D:\Work\robocon\Project\20140513_Miwi_Soccer_Robot\Miwi_Board_Firmware\Microchip\WirelessProtocols\P2P\P2P.c
                 psx_init   0x002a5c    program     extern D:\Work\robocon\Project\20140513_Miwi_Soccer_Robot\Miwi_Board_Firmware\MiWi DE Demo\Basic Demos\Simple Example\Node 1\ps2.c
         psx_LowLevelInit   0x002b36    program     static D:\Work\robocon\Project\20140513_Miwi_Soccer_Robot\Miwi_Board_Firmware\MiWi DE Demo\Basic Demos\Simple Example\Node 1\ps2.c
                  get_psx   0x002b4e    program     extern D:\Work\robocon\Project\20140513_Miwi_Soccer_Robot\Miwi_Board_Firmware\MiWi DE Demo\Basic Demos\Simple Example\Node 1\ps2.c
                psx_write   0x002bd2    program     static D:\Work\robocon\Project\20140513_Miwi_Soccer_Robot\Miwi_Board_Firmware\MiWi DE Demo\Basic Demos\Simple Example\Node 1\ps2.c
       psx_write_lastbyte   0x002c44    program     static D:\Work\robocon\Project\20140513_Miwi_Soccer_Robot\Miwi_Board_Firmware\MiWi DE Demo\Basic Demos\Simple Example\Node 1\ps2.c
               psx_status   0x002cb2    program     extern D:\Work\robocon\Project\20140513_Miwi_Soccer_Robot\Miwi_Board_Firmware\MiWi DE Demo\Basic Demos\Simple Example\Node 1\ps2.c
               __string_8   0x002d84    program     static D:\Work\robocon\Project\20140513_Miwi_Soccer_Robot\Miwi_Board_Firmware\Microchip\WirelessProtocols\P2P\P2P.c
               __string_7   0x002db6    program     static D:\Work\robocon\Project\20140513_Miwi_Soccer_Robot\Miwi_Board_Firmware\Microchip\WirelessProtocols\P2P\P2P.c
               __string_6   0x002db9    program     static D:\Work\robocon\Project\20140513_Miwi_Soccer_Robot\Miwi_Board_Firmware\Microchip\WirelessProtocols\P2P\P2P.c
               __string_5   0x002dbe    program     static D:\Work\robocon\Project\20140513_Miwi_Soccer_Robot\Miwi_Board_Firmware\Microchip\WirelessProtocols\P2P\P2P.c
               __string_4   0x002dc1    program     static D:\Work\robocon\Project\20140513_Miwi_Soccer_Robot\Miwi_Board_Firmware\Microchip\WirelessProtocols\P2P\P2P.c
               __string_3   0x002dcf    program     static D:\Work\robocon\Project\20140513_Miwi_Soccer_Robot\Miwi_Board_Firmware\Microchip\WirelessProtocols\P2P\P2P.c
               __string_2   0x002dff    program     static D:\Work\robocon\Project\20140513_Miwi_Soccer_Robot\Miwi_Board_Firmware\Microchip\WirelessProtocols\P2P\P2P.c
               __string_1   0x002e0b    program     static D:\Work\robocon\Project\20140513_Miwi_Soccer_Robot\Miwi_Board_Firmware\Microchip\WirelessProtocols\P2P\P2P.c
               __string_0   0x002e17    program     static D:\Work\robocon\Project\20140513_Miwi_Soccer_Robot\Miwi_Board_Firmware\Microchip\WirelessProtocols\P2P\P2P.c
              __string_17   0x002e2a    program     static D:\Work\robocon\Project\20140513_Miwi_Soccer_Robot\Miwi_Board_Firmware\MiWi DE Demo\Basic Demos\Simple Example\Node 1\DemoOutput.c
              __string_16   0x002e3a    program     static D:\Work\robocon\Project\20140513_Miwi_Soccer_Robot\Miwi_Board_Firmware\MiWi DE Demo\Basic Demos\Simple Example\Node 1\DemoOutput.c
              __string_15   0x002e4d    program     static D:\Work\robocon\Project\20140513_Miwi_Soccer_Robot\Miwi_Board_Firmware\MiWi DE Demo\Basic Demos\Simple Example\Node 1\DemoOutput.c
              __string_14   0x002e7b    program     static D:\Work\robocon\Project\20140513_Miwi_Soccer_Robot\Miwi_Board_Firmware\MiWi DE Demo\Basic Demos\Simple Example\Node 1\DemoOutput.c
              __string_13   0x002e93    program     static D:\Work\robocon\Project\20140513_Miwi_Soccer_Robot\Miwi_Board_Firmware\MiWi DE Demo\Basic Demos\Simple Example\Node 1\DemoOutput.c
              __string_12   0x002eb0    program     static D:\Work\robocon\Project\20140513_Miwi_Soccer_Robot\Miwi_Board_Firmware\MiWi DE Demo\Basic Demos\Simple Example\Node 1\DemoOutput.c
              __string_11   0x002ecf    program     static D:\Work\robocon\Project\20140513_Miwi_Soccer_Robot\Miwi_Board_Firmware\MiWi DE Demo\Basic Demos\Simple Example\Node 1\DemoOutput.c
              __string_10   0x002ed2    program     static D:\Work\robocon\Project\20140513_Miwi_Soccer_Robot\Miwi_Board_Firmware\MiWi DE Demo\Basic Demos\Simple Example\Node 1\DemoOutput.c
               __string_9   0x002ef0    program     static D:\Work\robocon\Project\20140513_Miwi_Soccer_Robot\Miwi_Board_Firmware\MiWi DE Demo\Basic Demos\Simple Example\Node 1\DemoOutput.c
               __string_8   0x002f10    program     static D:\Work\robocon\Project\20140513_Miwi_Soccer_Robot\Miwi_Board_Firmware\MiWi DE Demo\Basic Demos\Simple Example\Node 1\DemoOutput.c
               __string_7   0x002f15    program     static D:\Work\robocon\Project\20140513_Miwi_Soccer_Robot\Miwi_Board_Firmware\MiWi DE Demo\Basic Demos\Simple Example\Node 1\DemoOutput.c
               __string_6   0x002f61    program     static D:\Work\robocon\Project\20140513_Miwi_Soccer_Robot\Miwi_Board_Firmware\MiWi DE Demo\Basic Demos\Simple Example\Node 1\DemoOutput.c
               __string_5   0x002fa3    program     static D:\Work\robocon\Project\20140513_Miwi_Soccer_Robot\Miwi_Board_Firmware\MiWi DE Demo\Basic Demos\Simple Example\Node 1\DemoOutput.c
               __string_4   0x002fba    program     static D:\Work\robocon\Project\20140513_Miwi_Soccer_Robot\Miwi_Board_Firmware\MiWi DE Demo\Basic Demos\Simple Example\Node 1\DemoOutput.c
               __string_3   0x002fd8    program     static D:\Work\robocon\Project\20140513_Miwi_Soccer_Robot\Miwi_Board_Firmware\MiWi DE Demo\Basic Demos\Simple Example\Node 1\DemoOutput.c
               __string_2   0x002fef    program     static D:\Work\robocon\Project\20140513_Miwi_Soccer_Robot\Miwi_Board_Firmware\MiWi DE Demo\Basic Demos\Simple Example\Node 1\DemoOutput.c
               __string_1   0x003009    program     static D:\Work\robocon\Project\20140513_Miwi_Soccer_Robot\Miwi_Board_Firmware\MiWi DE Demo\Basic Demos\Simple Example\Node 1\DemoOutput.c
               __string_0   0x003045    program     static D:\Work\robocon\Project\20140513_Miwi_Soccer_Robot\Miwi_Board_Firmware\MiWi DE Demo\Basic Demos\Simple Example\Node 1\DemoOutput.c
      DemoOutput_Greeting   0x003066    program     extern D:\Work\robocon\Project\20140513_Miwi_Soccer_Robot\Miwi_Board_Firmware\MiWi DE Demo\Basic Demos\Simple Example\Node 1\DemoOutput.c
       DemoOutput_Channel   0x0030ec    program     extern D:\Work\robocon\Project\20140513_Miwi_Soccer_Robot\Miwi_Board_Firmware\MiWi DE Demo\Basic Demos\Simple Example\Node 1\DemoOutput.c
   DemoOutput_Instruction   0x00317c    program     extern D:\Work\robocon\Project\20140513_Miwi_Soccer_Robot\Miwi_Board_Firmware\MiWi DE Demo\Basic Demos\Simple Example\Node 1\DemoOutput.c
 DemoOutput_HandleMessage   0x00317e    program     extern D:\Work\robocon\Project\20140513_Miwi_Soccer_Robot\Miwi_Board_Firmware\MiWi DE Demo\Basic Demos\Simple Example\Node 1\DemoOutput.c
    DemoOutput_UpdateTxRx   0x0031b6    program     extern D:\Work\robocon\Project\20140513_Miwi_Soccer_Robot\Miwi_Board_Firmware\MiWi DE Demo\Basic Demos\Simple Example\Node 1\DemoOutput.c
  DemoOutput_ChannelError   0x0031d6    program     extern D:\Work\robocon\Project\20140513_Miwi_Soccer_Robot\Miwi_Board_Firmware\MiWi DE Demo\Basic Demos\Simple Example\Node 1\DemoOutput.c
   DemoOutput_UnicastFail   0x00320e    program     extern D:\Work\robocon\Project\20140513_Miwi_Soccer_Robot\Miwi_Board_Firmware\MiWi DE Demo\Basic Demos\Simple Example\Node 1\DemoOutput.c
                Delay10us   0x003232    program     extern D:\Work\robocon\Project\20140513_Miwi_Soccer_Robot\Miwi_Board_Firmware\Microchip\Common\TimeDelay.c
         ___else_lbl00006   0x003242    program     static                          
         ___else_lbl00004   0x0032b6    program     static                          
        ___while_lbl00001   0x0032b6    program     static                          
       ___return_lbl00000   0x0032ea    program     static                          
           ___if_lbl00005   0x0032ea    program     static                          
           ___if_lbl00003   0x0032ea    program     static                          
        ___while_lbl00002   0x0032ea    program     static                          
                  DelayMs   0x0032f2    program     extern D:\Work\robocon\Project\20140513_Miwi_Soccer_Robot\Miwi_Board_Firmware\Microchip\Common\TimeDelay.c
         ___else_lbl00011   0x003372    program     static                          
        ___while_lbl00008   0x003372    program     static                          
        ___while_lbl00009   0x0033a6    program     static                          
       ___return_lbl00007   0x0033a6    program     static                          
           ___if_lbl00010   0x0033a6    program     static                          
              ConsoleInit   0x0033ae    program     extern D:\Work\robocon\Project\20140513_Miwi_Soccer_Robot\Miwi_Board_Firmware\Microchip\WirelessProtocols\Console.c
      ConsolePutROMString   0x0033c0    program     extern D:\Work\robocon\Project\20140513_Miwi_Soccer_Robot\Miwi_Board_Firmware\Microchip\WirelessProtocols\Console.c
               ConsolePut   0x0033f6    program     extern D:\Work\robocon\Project\20140513_Miwi_Soccer_Robot\Miwi_Board_Firmware\Microchip\WirelessProtocols\Console.c
[...]
                     LATB   0x000f8a       data     extern E:\3.46\pic18-lt\cxx-framework\src\extended\proc\p18f25k20.asm
                 LATCbits   0x000f8b       data     extern E:\3.46\pic18-lt\cxx-framework\src\extended\proc\p18f25k20.asm
                     LATC   0x000f8b       data     extern E:\3.46\pic18-lt\cxx-framework\src\extended\proc\p18f25k20.asm
                TRISAbits   0x000f92       data     extern E:\3.46\pic18-lt\cxx-framework\src\extended\proc\p18f25k20.asm
                    TRISA   0x000f92       data     extern E:\3.46\pic18-lt\cxx-framework\src\extended\proc\p18f25k20.asm
                     DDRA   0x000f92       data     extern E:\3.46\pic18-lt\cxx-framework\src\extended\proc\p18f25k20.asm
                 DDRAbits   0x000f92       data     extern E:\3.46\pic18-lt\cxx-framework\src\extended\proc\p18f25k20.asm
                TRISBbits   0x000f93       data     extern E:\3.46\pic18-lt\cxx-framework\src\extended\proc\p18f25k20.asm
                    TRISB   0x000f93       data     extern E:\3.46\pic18-lt\cxx-framework\src\extended\proc\p18f25k20.asm
                     DDRB   0x000f93       data     extern E:\3.46\pic18-lt\cxx-framework\src\extended\proc\p18f25k20.asm
                 DDRBbits   0x000f93       data     extern E:\3.46\pic18-lt\cxx-framework\src\extended\proc\p18f25k20.asm
                    TRISC   0x000f94       data     extern E:\3.46\pic18-lt\cxx-framework\src\extended\proc\p18f25k20.asm
                TRISCbits   0x000f94       data     extern E:\3.46\pic18-lt\cxx-framework\src\extended\proc\p18f25k20.asm
                 DDRCbits   0x000f94       data     extern E:\3.46\pic18-lt\cxx-framework\src\extended\proc\p18f25k20.asm
                     DDRC   0x000f94       data     extern E:\3.46\pic18-lt\cxx-framework\src\extended\proc\p18f25k20.asm
              OSCTUNEbits   0x000f9b       data     extern E:\3.46\pic18-lt\cxx-framework\src\extended\proc\p18f25k20.asm
                  OSCTUNE   0x000f9b       data     extern E:\3.46\pic18-lt\cxx-framework\src\extended\proc\p18f25k20.asm
                 PIE1bits   0x000f9d       data     extern E:\3.46\pic18-lt\cxx-framework\src\extended\proc\p18f25k20.asm
                     PIE1   0x000f9d       data     extern E:\3.46\pic18-lt\cxx-framework\src\extended\proc\p18f25k20.asm
                     PIR1   0x000f9e       data     extern E:\3.46\pic18-lt\cxx-framework\src\extended\proc\p18f25k20.asm
                 PIR1bits   0x000f9e       data     extern E:\3.46\pic18-lt\cxx-framework\src\extended\proc\p18f25k20.asm
                 IPR1bits   0x000f9f       data     extern E:\3.46\pic18-lt\cxx-framework\src\extended\proc\p18f25k20.asm
                     IPR1   0x000f9f       data     extern E:\3.46\pic18-lt\cxx-framework\src\extended\proc\p18f25k20.asm
                     PIE2   0x000fa0       data     extern E:\3.46\pic18-lt\cxx-framework\src\extended\proc\p18f25k20.asm
                 PIE2bits   0x000fa0       data     extern E:\3.46\pic18-lt\cxx-framework\src\extended\proc\p18f25k20.asm
                     PIR2   0x000fa1       data     extern E:\3.46\pic18-lt\cxx-framework\src\extended\proc\p18f25k20.asm
                 PIR2bits   0x000fa1       data     extern E:\3.46\pic18-lt\cxx-framework\src\extended\proc\p18f25k20.asm
                 IPR2bits   0x000fa2       data     extern E:\3.46\pic18-lt\cxx-framework\src\extended\proc\p18f25k20.asm
                     IPR2   0x000fa2       data     extern E:\3.46\pic18-lt\cxx-framework\src\extended\proc\p18f25k20.asm
               EECON1bits   0x000fa6       data     extern E:\3.46\pic18-lt\cxx-framework\src\extended\proc\p18f25k20.asm
                   EECON1   0x000fa6       data     extern E:\3.46\pic18-lt\cxx-framework\src\extended\proc\p18f25k20.asm
                   EECON2   0x000fa7       data     extern E:\3.46\pic18-lt\cxx-framework\src\extended\proc\p18f25k20.asm
                   EEDATA   0x000fa8       data     extern E:\3.46\pic18-lt\cxx-framework\src\extended\proc\p18f25k20.asm
                EEADRbits   0x000fa9       data     extern E:\3.46\pic18-lt\cxx-framework\src\extended\proc\p18f25k20.asm
                    EEADR   0x000fa9       data     extern E:\3.46\pic18-lt\cxx-framework\src\extended\proc\p18f25k20.asm
                RCSTAbits   0x000fab       data     extern E:\3.46\pic18-lt\cxx-framework\src\extended\proc\p18f25k20.asm
                    RCSTA   0x000fab       data     extern E:\3.46\pic18-lt\cxx-framework\src\extended\proc\p18f25k20.asm
                TXSTAbits   0x000fac       data     extern E:\3.46\pic18-lt\cxx-framework\src\extended\proc\p18f25k20.asm
                    TXSTA   0x000fac       data     extern E:\3.46\pic18-lt\cxx-framework\src\extended\proc\p18f25k20.asm
                    TXREG   0x000fad       data     extern E:\3.46\pic18-lt\cxx-framework\src\extended\proc\p18f25k20.asm
                    RCREG   0x000fae       data     extern E:\3.46\pic18-lt\cxx-framework\src\extended\proc\p18f25k20.asm
                    SPBRG   0x000faf       data     extern E:\3.46\pic18-lt\cxx-framework\src\extended\proc\p18f25k20.asm
                   SPBRGH   0x000fb0       data     extern E:\3.46\pic18-lt\cxx-framework\src\extended\proc\p18f25k20.asm
                    T3CON   0x000fb1       data     extern E:\3.46\pic18-lt\cxx-framework\src\extended\proc\p18f25k20.asm
                T3CONbits   0x000fb1       data     extern E:\3.46\pic18-lt\cxx-framework\src\extended\proc\p18f25k20.asm
                    TMR3L   0x000fb2       data     extern E:\3.46\pic18-lt\cxx-framework\src\extended\proc\p18f25k20.asm
                    TMR3H   0x000fb3       data     extern E:\3.46\pic18-lt\cxx-framework\src\extended\proc\p18f25k20.asm
              CVRCON2bits   0x000fb4       data     extern E:\3.46\pic18-lt\cxx-framework\src\extended\proc\p18f25k20.asm
                  CVRCON2   0x000fb4       data     extern E:\3.46\pic18-lt\cxx-framework\src\extended\proc\p18f25k20.asm
               CVRCONbits   0x000fb5       data     extern E:\3.46\pic18-lt\cxx-framework\src\extended\proc\p18f25k20.asm
                   CVRCON   0x000fb5       data     extern E:\3.46\pic18-lt\cxx-framework\src\extended\proc\p18f25k20.asm
                  ECCP1AS   0x000fb6       data     extern E:\3.46\pic18-lt\cxx-framework\src\extended\proc\p18f25k20.asm
              ECCP1ASbits   0x000fb6       data     extern E:\3.46\pic18-lt\cxx-framework\src\extended\proc\p18f25k20.asm
              PWM1CONbits   0x000fb7       data     extern E:\3.46\pic18-lt\cxx-framework\src\extended\proc\p18f25k20.asm
                  PWM1CON   0x000fb7       data     extern E:\3.46\pic18-lt\cxx-framework\src\extended\proc\p18f25k20.asm
                  BAUDCON   0x000fb8       data     extern E:\3.46\pic18-lt\cxx-framework\src\extended\proc\p18f25k20.asm
              BAUDCONbits   0x000fb8       data     extern E:\3.46\pic18-lt\cxx-framework\src\extended\proc\p18f25k20.asm
                  BAUDCTL   0x000fb8       data     extern E:\3.46\pic18-lt\cxx-framework\src\extended\proc\p18f25k20.asm
              BAUDCTLbits   0x000fb8       data     extern E:\3.46\pic18-lt\cxx-framework\src\extended\proc\p18f25k20.asm
              PSTRCONbits   0x000fb9       data     extern E:\3.46\pic18-lt\cxx-framework\src\extended\proc\p18f25k20.asm
                  PSTRCON   0x000fb9       data     extern E:\3.46\pic18-lt\cxx-framework\src\extended\proc\p18f25k20.asm
              CCP2CONbits   0x000fba       data     extern E:\3.46\pic18-lt\cxx-framework\src\extended\proc\p18f25k20.asm
                  CCP2CON   0x000fba       data     extern E:\3.46\pic18-lt\cxx-framework\src\extended\proc\p18f25k20.asm
                    CCPR2   0x000fbb       data     extern E:\3.46\pic18-lt\cxx-framework\src\extended\proc\p18f25k20.asm
                   CCPR2L   0x000fbb       data     extern E:\3.46\pic18-lt\cxx-framework\src\extended\proc\p18f25k20.asm
                   CCPR2H   0x000fbc       data     extern E:\3.46\pic18-lt\cxx-framework\src\extended\proc\p18f25k20.asm
                  CCP1CON   0x000fbd       data     extern E:\3.46\pic18-lt\cxx-framework\src\extended\proc\p18f25k20.asm
              CCP1CONbits   0x000fbd       data     extern E:\3.46\pic18-lt\cxx-framework\src\extended\proc\p18f25k20.asm
                    CCPR1   0x000fbe       data     extern E:\3.46\pic18-lt\cxx-framework\src\extended\proc\p18f25k20.asm
                   CCPR1L   0x000fbe       data     extern E:\3.46\pic18-lt\cxx-framework\src\extended\proc\p18f25k20.asm
                   CCPR1H   0x000fbf       data     extern E:\3.46\pic18-lt\cxx-framework\src\extended\proc\p18f25k20.asm
               ADCON2bits   0x000fc0       data     extern E:\3.46\pic18-lt\cxx-framework\src\extended\proc\p18f25k20.asm
                   ADCON2   0x000fc0       data     extern E:\3.46\pic18-lt\cxx-framework\src\extended\proc\p18f25k20.asm
               ADCON1bits   0x000fc1       data     extern E:\3.46\pic18-lt\cxx-framework\src\extended\proc\p18f25k20.asm
                   ADCON1   0x000fc1       data     extern E:\3.46\pic18-lt\cxx-framework\src\extended\proc\p18f25k20.asm
               ADCON0bits   0x000fc2       data     extern E:\3.46\pic18-lt\cxx-framework\src\extended\proc\p18f25k20.asm
                   ADCON0   0x000fc2       data     extern E:\3.46\pic18-lt\cxx-framework\src\extended\proc\p18f25k20.asm
                   ADRESL   0x000fc3       data     extern E:\3.46\pic18-lt\cxx-framework\src\extended\proc\p18f25k20.asm
                    ADRES   0x000fc3       data     extern E:\3.46\pic18-lt\cxx-framework\src\extended\proc\p18f25k20.asm
                   ADRESH   0x000fc4       data     extern E:\3.46\pic18-lt\cxx-framework\src\extended\proc\p18f25k20.asm
              SSPCON2bits   0x000fc5       data     extern E:\3.46\pic18-lt\cxx-framework\src\extended\proc\p18f25k20.asm
                  SSPCON2   0x000fc5       data     extern E:\3.46\pic18-lt\cxx-framework\src\extended\proc\p18f25k20.asm
                  SSPCON1   0x000fc6       data     extern E:\3.46\pic18-lt\cxx-framework\src\extended\proc\p18f25k20.asm
              SSPCON1bits   0x000fc6       data     extern E:\3.46\pic18-lt\cxx-framework\src\extended\proc\p18f25k20.asm
                  SSPSTAT   0x000fc7       data     extern E:\3.46\pic18-lt\cxx-framework\src\extended\proc\p18f25k20.asm
              SSPSTATbits   0x000fc7       data     extern E:\3.46\pic18-lt\cxx-framework\src\extended\proc\p18f25k20.asm
                   SSPADD   0x000fc8       data     extern E:\3.46\pic18-lt\cxx-framework\src\extended\proc\p18f25k20.asm
                   SSPBUF   0x000fc9       data     extern E:\3.46\pic18-lt\cxx-framework\src\extended\proc\p18f25k20.asm
                T2CONbits   0x000fca       data     extern E:\3.46\pic18-lt\cxx-framework\src\extended\proc\p18f25k20.asm
                    T2CON   0x000fca       data     extern E:\3.46\pic18-lt\cxx-framework\src\extended\proc\p18f25k20.asm
                      PR2   0x000fcb       data     extern E:\3.46\pic18-lt\cxx-framework\src\extended\proc\p18f25k20.asm
                     TMR2   0x000fcc       data     extern E:\3.46\pic18-lt\cxx-framework\src\extended\proc\p18f25k20.asm
                T1CONbits   0x000fcd       data     extern E:\3.46\pic18-lt\cxx-framework\src\extended\proc\p18f25k20.asm
                    T1CON   0x000fcd       data     extern E:\3.46\pic18-lt\cxx-framework\src\extended\proc\p18f25k20.asm
                    TMR1L   0x000fce       data     extern E:\3.46\pic18-lt\cxx-framework\src\extended\proc\p18f25k20.asm
                    TMR1H   0x000fcf       data     extern E:\3.46\pic18-lt\cxx-framework\src\extended\proc\p18f25k20.asm
                     RCON   0x000fd0       data     extern E:\3.46\pic18-lt\cxx-framework\src\extended\proc\p18f25k20.asm
                 RCONbits   0x000fd0       data     extern E:\3.46\pic18-lt\cxx-framework\src\extended\proc\p18f25k20.asm
                   WDTCON   0x000fd1       data     extern E:\3.46\pic18-lt\cxx-framework\src\extended\proc\p18f25k20.asm
               WDTCONbits   0x000fd1       data     extern E:\3.46\pic18-lt\cxx-framework\src\extended\proc\p18f25k20.asm
               LVDCONbits   0x000fd2       data     extern E:\3.46\pic18-lt\cxx-framework\src\extended\proc\p18f25k20.asm
              HLVDCONbits   0x000fd2       data     extern E:\3.46\pic18-lt\cxx-framework\src\extended\proc\p18f25k20.asm
                  HLVDCON   0x000fd2       data     extern E:\3.46\pic18-lt\cxx-framework\src\extended\proc\p18f25k20.asm
                   LVDCON   0x000fd2       data     extern E:\3.46\pic18-lt\cxx-framework\src\extended\proc\p18f25k20.asm
                   OSCCON   0x000fd3       data     extern E:\3.46\pic18-lt\cxx-framework\src\extended\proc\p18f25k20.asm
               OSCCONbits   0x000fd3       data     extern E:\3.46\pic18-lt\cxx-framework\src\extended\proc\p18f25k20.asm
                T0CONbits   0x000fd5       data     extern E:\3.46\pic18-lt\cxx-framework\src\extended\proc\p18f25k20.asm
                    T0CON   0x000fd5       data     extern E:\3.46\pic18-lt\cxx-framework\src\extended\proc\p18f25k20.asm
                    TMR0L   0x000fd6       data     extern E:\3.46\pic18-lt\cxx-framework\src\extended\proc\p18f25k20.asm
                    TMR0H   0x000fd7       data     extern E:\3.46\pic18-lt\cxx-framework\src\extended\proc\p18f25k20.asm
                   STATUS   0x000fd8       data     extern E:\3.46\pic18-lt\cxx-framework\src\extended\proc\p18f25k20.asm
               STATUSbits   0x000fd8       data     extern E:\3.46\pic18-lt\cxx-framework\src\extended\proc\p18f25k20.asm
                    FSR2L   0x000fd9       data     extern E:\3.46\pic18-lt\cxx-framework\src\extended\proc\p18f25k20.asm
                     FSR2   0x000fd9       data     extern E:\3.46\pic18-lt\cxx-framework\src\extended\proc\p18f25k20.asm
                    FSR2H   0x000fda       data     extern E:\3.46\pic18-lt\cxx-framework\src\extended\proc\p18f25k20.asm
                   PLUSW2   0x000fdb       data     extern E:\3.46\pic18-lt\cxx-framework\src\extended\proc\p18f25k20.asm
                  PREINC2   0x000fdc       data     extern E:\3.46\pic18-lt\cxx-framework\src\extended\proc\p18f25k20.asm
                 POSTDEC2   0x000fdd       data     extern E:\3.46\pic18-lt\cxx-framework\src\extended\proc\p18f25k20.asm
                 POSTINC2   0x000fde       data     extern E:\3.46\pic18-lt\cxx-framework\src\extended\proc\p18f25k20.asm
                    INDF2   0x000fdf       data     extern E:\3.46\pic18-lt\cxx-framework\src\extended\proc\p18f25k20.asm
                      BSR   0x000fe0       data     extern E:\3.46\pic18-lt\cxx-framework\src\extended\proc\p18f25k20.asm
                    FSR1L   0x000fe1       data     extern E:\3.46\pic18-lt\cxx-framework\src\extended\proc\p18f25k20.asm
                     FSR1   0x000fe1       data     extern E:\3.46\pic18-lt\cxx-framework\src\extended\proc\p18f25k20.asm
                    FSR1H   0x000fe2       data     extern E:\3.46\pic18-lt\cxx-framework\src\extended\proc\p18f25k20.asm
                   PLUSW1   0x000fe3       data     extern E:\3.46\pic18-lt\cxx-framework\src\extended\proc\p18f25k20.asm
                  PREINC1   0x000fe4       data     extern E:\3.46\pic18-lt\cxx-framework\src\extended\proc\p18f25k20.asm
                 POSTDEC1   0x000fe5       data     extern E:\3.46\pic18-lt\cxx-framework\src\extended\proc\p18f25k20.asm
                 POSTINC1   0x000fe6       data     extern E:\3.46\pic18-lt\cxx-framework\src\extended\proc\p18f25k20.asm
                    INDF1   0x000fe7       data     extern E:\3.46\pic18-lt\cxx-framework\src\extended\proc\p18f25k20.asm
                     WREG   0x000fe8       data     extern E:\3.46\pic18-lt\cxx-framework\src\extended\proc\p18f25k20.asm
                        W   0x000fe8       data     extern E:\3.46\pic18-lt\cxx-framework\src\extended\proc\p18f25k20.asm
                     FSR0   0x000fe9       data     extern E:\3.46\pic18-lt\cxx-framework\src\extended\proc\p18f25k20.asm
                    FSR0L   0x000fe9       data     extern E:\3.46\pic18-lt\cxx-framework\src\extended\proc\p18f25k20.asm
                    FSR0H   0x000fea       data     extern E:\3.46\pic18-lt\cxx-framework\src\extended\proc\p18f25k20.asm
                   PLUSW0   0x000feb       data     extern E:\3.46\pic18-lt\cxx-framework\src\extended\proc\p18f25k20.asm
                  PREINC0   0x000fec       data     extern E:\3.46\pic18-lt\cxx-framework\src\extended\proc\p18f25k20.asm
                 POSTDEC0   0x000fed       data     extern E:\3.46\pic18-lt\cxx-framework\src\extended\proc\p18f25k20.asm
                 POSTINC0   0x000fee       data     extern E:\3.46\pic18-lt\cxx-framework\src\extended\proc\p18f25k20.asm
                    INDF0   0x000fef       data     extern E:\3.46\pic18-lt\cxx-framework\src\extended\proc\p18f25k20.asm
                  INTCON3   0x000ff0       data     extern E:\3.46\pic18-lt\cxx-framework\src\extended\proc\p18f25k20.asm
              INTCON3bits   0x000ff0       data     extern E:\3.46\pic18-lt\cxx-framework\src\extended\proc\p18f25k20.asm
                  INTCON2   0x000ff1       data     extern E:\3.46\pic18-lt\cxx-framework\src\extended\proc\p18f25k20.asm
              INTCON2bits   0x000ff1       data     extern E:\3.46\pic18-lt\cxx-framework\src\extended\proc\p18f25k20.asm
                   INTCON   0x000ff2       data     extern E:\3.46\pic18-lt\cxx-framework\src\extended\proc\p18f25k20.asm
               INTCONbits   0x000ff2       data     extern E:\3.46\pic18-lt\cxx-framework\src\extended\proc\p18f25k20.asm
                    PRODL   0x000ff3       data     extern E:\3.46\pic18-lt\cxx-framework\src\extended\proc\p18f25k20.asm
                     PROD   0x000ff3       data     extern E:\3.46\pic18-lt\cxx-framework\src\extended\proc\p18f25k20.asm
                    PRODH   0x000ff4       data     extern E:\3.46\pic18-lt\cxx-framework\src\extended\proc\p18f25k20.asm
                   TABLAT   0x000ff5       data     extern E:\3.46\pic18-lt\cxx-framework\src\extended\proc\p18f25k20.asm
                   TBLPTR   0x000ff6       data     extern E:\3.46\pic18-lt\cxx-framework\src\extended\proc\p18f25k20.asm
                  TBLPTRL   0x000ff6       data     extern E:\3.46\pic18-lt\cxx-framework\src\extended\proc\p18f25k20.asm
                  TBLPTRH   0x000ff7       data     extern E:\3.46\pic18-lt\cxx-framework\src\extended\proc\p18f25k20.asm
                  TBLPTRU   0x000ff8       data     extern E:\3.46\pic18-lt\cxx-framework\src\extended\proc\p18f25k20.asm
                      PCL   0x000ff9       data     extern E:\3.46\pic18-lt\cxx-framework\src\extended\proc\p18f25k20.asm
                       PC   0x000ff9       data     extern E:\3.46\pic18-lt\cxx-framework\src\extended\proc\p18f25k20.asm
                   PCLATH   0x000ffa       data     extern E:\3.46\pic18-lt\cxx-framework\src\extended\proc\p18f25k20.asm
                   PCLATU   0x000ffb       data     extern E:\3.46\pic18-lt\cxx-framework\src\extended\proc\p18f25k20.asm
               STKPTRbits   0x000ffc       data     extern E:\3.46\pic18-lt\cxx-framework\src\extended\proc\p18f25k20.asm
                   STKPTR   0x000ffc       data     extern E:\3.46\pic18-lt\cxx-framework\src\extended\proc\p18f25k20.asm
                      TOS   0x000ffd       data     extern E:\3.46\pic18-lt\cxx-framework\src\extended\proc\p18f25k20.asm
                     TOSL   0x000ffd       data     extern E:\3.46\pic18-lt\cxx-framework\src\extended\proc\p18f25k20.asm
                     TOSH   0x000ffe       data     extern E:\3.46\pic18-lt\cxx-framework\src\extended\proc\p18f25k20.asm
                     TOSU   0x000fff       data     extern E:\3.46\pic18-lt\cxx-framework\src\extended\proc\p18f25k20.asm


