MPLINK 5.00, LINKER
Linker Map File - Created Tue Jun 03 09:51:03 2014

                                 Section Info
                  Section       Type    Address   Location Size(Bytes)
                ---------  ---------  ---------  ---------  ---------
               _entry_scn       code   0x000000    program   0x000006
      .romdata_MRF24J40.o    romdata   0x000006    program   0x000002
               highVector       code   0x000008    program   0x000006
           .code___init.o       code   0x00000e    program   0x000002
          .idata_MSPI.o_i    romdata   0x000010    program   0x000000
          .idata_MiWi.o_i    romdata   0x000010    program   0x000000
           .idata_NVM.o_i    romdata   0x000010    program   0x000000
       .idata_MiWiPRO.o_i    romdata   0x000010    program   0x000000
           .idata_crc.o_i    romdata   0x000010    program   0x000000
    .idata_SymbolTime.o_i    romdata   0x000010    program   0x000000
      .idata_MRF24J40.o_i    romdata   0x000010    program   0x000003
     .idata_TimeDelay.o_i    romdata   0x000010    program   0x000000
       .idata_MRF49XA.o_i    romdata   0x000010    program   0x000000
       .idata_MRF89XA.o_i    romdata   0x000010    program   0x000000
         .idata_c018i.o_i    romdata   0x000010    program   0x000000
        .idata___init.o_i    romdata   0x000010    program   0x000000
       .idata_fxm3232.o_i    romdata   0x000010    program   0x000000
      .idata_fxd0808u.o_i    romdata   0x000010    program   0x000000
       .idata_Console.o_i    romdata   0x000013    program   0x000000
        .idata_EEPROM.o_i    romdata   0x000013    program   0x000000
   .idata_LCDBlocking.o_i    romdata   0x000013    program   0x000000
.idata_HardwareProfile.o_i    romdata   0x000013    program   0x000000
    .idata_DemoOutput.o_i    romdata   0x000013    program   0x000000
          .code_MiWiPRO.o       code   0x000014    program   0x000000
              .code_crc.o       code   0x000014    program   0x000000
             .code_MiWi.o       code   0x000014    program   0x000000
         .code_security.o       code   0x000014    program   0x000000
           .code_EEPROM.o       code   0x000014    program   0x000000
          .code_MRF89XA.o       code   0x000014    program   0x000000
          .code_MRF49XA.o       code   0x000014    program   0x000000
            .code_c018i.o       code   0x000014    program   0x000000
      .code_LCDBlocking.o       code   0x000014    program   0x000000
              .code_NVM.o       code   0x000014    program   0x000000
               lowhVector       code   0x000018    program   0x000006
       .romdata_Console.o    romdata   0x00001e    program   0x000010
              securityKey    romdata   0x00002e    program   0x000010
                   .cinit    romdata   0x00003e    program   0x000032
         .code_MRF24J40.o       code   0x000070    program   0x001e3a
              .code_P2P.o       code   0x001eaa    program   0x0012a0
              .code_ps2.o       code   0x00314a    program   0x0003bc
             .stringtable    romdata   0x003506    program   0x0002e1
       .romdata_fxm3232.o    romdata   0x0037e7    program   0x000000
      .romdata_fxd0808u.o    romdata   0x0037e7    program   0x000000
           .romdata_ps2.o    romdata   0x0037e7    program   0x000000
           .idata_ps2.o_i    romdata   0x0037e7    program   0x000001
.romdata_HardwareProfile.o    romdata   0x0037e7    program   0x000000
          .romdata_main.o    romdata   0x0037e7    program   0x000000
       .romdata_MRF89XA.o    romdata   0x0037e7    program   0x000000
       .romdata_MRF49XA.o    romdata   0x0037e7    program   0x000000
        .romdata___init.o    romdata   0x0037e7    program   0x000000
         .romdata_c018i.o    romdata   0x0037e7    program   0x000000
          .romdata_MSPI.o    romdata   0x0037e7    program   0x000000
           .romdata_P2P.o    romdata   0x0037e7    program   0x000000
        .romdata_EEPROM.o    romdata   0x0037e7    program   0x000000
          .romdata_MiWi.o    romdata   0x0037e7    program   0x000000
           .romdata_NVM.o    romdata   0x0037e7    program   0x000000
       .romdata_MiWiPRO.o    romdata   0x0037e7    program   0x000000
   .romdata_LCDBlocking.o    romdata   0x0037e7    program   0x000000
           .romdata_crc.o    romdata   0x0037e7    program   0x000000
    .romdata_SymbolTime.o    romdata   0x0037e7    program   0x000000
     .romdata_TimeDelay.o    romdata   0x0037e7    program   0x000000
      .idata_security.o_i    romdata   0x0037e7    program   0x000000
      .romdata_security.o    romdata   0x0037e7    program   0x000000
        .code_TimeDelay.o       code   0x0037e8    program   0x000224
       .code_DemoOutput.o       code   0x003a0c    program   0x00020e
          .code_Console.o       code   0x003c1a    program   0x000194
             .code_main.o       code   0x003dae    program   0x000162
  .code_HardwareProfile.o       code   0x003f10    program   0x000146
       .code_SymbolTime.o       code   0x004056    program   0x0000c2
    .romdata_DemoOutput.o    romdata   0x004118    program   0x0000c0
               _cinit_scn       code   0x0041d8    program   0x00009e
          .code_fxm3232.o       code   0x004276    program   0x000070
             .code_MSPI.o       code   0x0042e6    program   0x000036
                    .code       code   0x00431c    program   0x000020
             _startup_scn       code   0x00433c    program   0x00001c
         .code_fxd0808u.o       code   0x004358    program   0x00001c
          .idata_main.o_i    romdata   0x004374    program   0x00000a
           .idata_P2P.o_i    romdata   0x00437e    program   0x00000a
.config_300001_HardwareProfile.o    romdata   0x300001    program   0x000001
.config_300002_HardwareProfile.o    romdata   0x300002    program   0x000001
.config_300003_HardwareProfile.o    romdata   0x300003    program   0x000001
.config_300005_HardwareProfile.o    romdata   0x300005    program   0x000001
.config_300006_HardwareProfile.o    romdata   0x300006    program   0x000001
                MATH_DATA      udata   0x000000       data   0x000010
                 .tmpdata      udata   0x000010       data   0x000008
              HighISR_tmp      udata   0x000018       data   0x000004
              MAC_RX_BUFF      udata   0x000060       data   0x00009c
      .udata_SymbolTime.o      udata   0x0000fc       data   0x000002
             .idata_ps2.o      idata   0x0000fe       data   0x000001
         .udata_MiWiPRO.o      udata   0x0000ff       data   0x000000
         .idata_MiWiPRO.o      idata   0x0000ff       data   0x000000
             .udata_crc.o      udata   0x0000ff       data   0x000000
             .idata_crc.o      idata   0x0000ff       data   0x000000
        .udata_security.o      udata   0x0000ff       data   0x000000
        .idata_security.o      idata   0x0000ff       data   0x000000
         .udata_MRF49XA.o      udata   0x0000ff       data   0x000000
         .idata_MRF49XA.o      idata   0x0000ff       data   0x000000
         .udata_MRF89XA.o      udata   0x0000ff       data   0x000000
         .idata_MRF89XA.o      idata   0x0000ff       data   0x000000
            .udata_main.o      udata   0x0000ff       data   0x000000
      .udata_DemoOutput.o      udata   0x0000ff       data   0x000000
      .idata_DemoOutput.o      idata   0x0000ff       data   0x000000
        .udata_fxd0808u.o      udata   0x0000ff       data   0x000000
        .idata_fxd0808u.o      idata   0x0000ff       data   0x000000
         .udata_fxm3232.o      udata   0x0000ff       data   0x000000
         .idata_fxm3232.o      idata   0x0000ff       data   0x000000
          .udata___init.o      udata   0x0000ff       data   0x000000
          .idata___init.o      idata   0x0000ff       data   0x000000
           .idata_c018i.o      idata   0x0000ff       data   0x000000
 .idata_HardwareProfile.o      idata   0x0000ff       data   0x000000
       .udata_TimeDelay.o      udata   0x0000ff       data   0x000000
       .idata_TimeDelay.o      idata   0x0000ff       data   0x000000
      .idata_SymbolTime.o      idata   0x0000ff       data   0x000000
     .udata_LCDBlocking.o      udata   0x0000ff       data   0x000000
     .idata_LCDBlocking.o      idata   0x0000ff       data   0x000000
             .udata_NVM.o      udata   0x0000ff       data   0x000000
             .idata_NVM.o      idata   0x0000ff       data   0x000000
            .udata_MSPI.o      udata   0x0000ff       data   0x000000
            .idata_MSPI.o      idata   0x0000ff       data   0x000000
         .udata_Console.o      udata   0x0000ff       data   0x000000
         .idata_Console.o      idata   0x0000ff       data   0x000000
          .udata_EEPROM.o      udata   0x0000ff       data   0x000000
          .idata_EEPROM.o      idata   0x0000ff       data   0x000000
            .idata_MiWi.o      idata   0x0000ff       data   0x000000
            .udata_MiWi.o      udata   0x0000ff       data   0x000000
            BIGvariables1      udata   0x000100       data   0x000064
             .udata_P2P.o      udata   0x000164       data   0x000043
               TRX_BUFFER      udata   0x0001a7       data   0x000028
        .udata_MRF24J40.o      udata   0x0001cf       data   0x00001a
           .udata_c018i.o      udata   0x0001e9       data   0x00000a
            .idata_main.o      idata   0x0001f3       data   0x00000a
        .idata_MRF24J40.o      idata   0x0001fd       data   0x000003
             .idata_P2P.o      idata   0x000200       data   0x00000a
             .udata_ps2.o      udata   0x00020a       data   0x000007
 .udata_HardwareProfile.o      udata   0x000211       data   0x000005
                   .stack      udata   0x000500       data   0x000100
            SFR_UNBANKED0      udata   0x000f77       data   0x000089



                              Program Memory Usage 
                               Start         End      
                           ---------   ---------      
                            0x000000    0x000012      
                            0x000018    0x004387      
                            0x300001    0x300003      
                            0x300005    0x300006      
            17288 out of 33048 program addresses used, program memory utilization is 52%



                              Symbols - Sorted by Name
                     Name    Address   Location    Storage File                     
                ---------  ---------  ---------  --------- ---------                
            AddConnection   0x002d56    program     extern D:\Work\robocon\Project\20140513_Miwi_Soccer_Robot\Miwi_Board_Firmware\Microchip\WirelessProtocols\P2P\P2P.c
                BoardInit   0x003f10    program     extern D:\Work\robocon\Project\20140513_Miwi_Soccer_Robot\Miwi_Board_Firmware\MiWi DE Demo\Basic Demos\Simple Example\Node 1\HardwareProfile.c
            ButtonPressed   0x003f68    program     extern D:\Work\robocon\Project\20140513_Miwi_Soccer_Robot\Miwi_Board_Firmware\MiWi DE Demo\Basic Demos\Simple Example\Node 1\HardwareProfile.c
           CharacterArray   0x00001e    program     extern D:\Work\robocon\Project\20140513_Miwi_Soccer_Robot\Miwi_Board_Firmware\Microchip\WirelessProtocols\Console.c
               ConsoleGet   0x003c80    program     extern D:\Work\robocon\Project\20140513_Miwi_Soccer_Robot\Miwi_Board_Firmware\Microchip\WirelessProtocols\Console.c
              ConsoleInit   0x003c1a    program     extern D:\Work\robocon\Project\20140513_Miwi_Soccer_Robot\Miwi_Board_Firmware\Microchip\WirelessProtocols\Console.c
               ConsolePut   0x003c66    program     extern D:\Work\robocon\Project\20140513_Miwi_Soccer_Robot\Miwi_Board_Firmware\Microchip\WirelessProtocols\Console.c
      ConsolePutROMString   0x003c2c    program     extern D:\Work\robocon\Project\20140513_Miwi_Soccer_Robot\Miwi_Board_Firmware\Microchip\WirelessProtocols\Console.c
                       DE   0x004196    program     extern D:\Work\robocon\Project\20140513_Miwi_Soccer_Robot\Miwi_Board_Firmware\MiWi DE Demo\Basic Demos\Simple Example\Node 1\DemoOutput.c
                Delay10us   0x0037e8    program     extern D:\Work\robocon\Project\20140513_Miwi_Soccer_Robot\Miwi_Board_Firmware\Microchip\Common\TimeDelay.c
                  DelayMs   0x0038fe    program     extern D:\Work\robocon\Project\20140513_Miwi_Soccer_Robot\Miwi_Board_Firmware\Microchip\Common\TimeDelay.c
       DemoOutput_Channel   0x003aa8    program     extern D:\Work\robocon\Project\20140513_Miwi_Soccer_Robot\Miwi_Board_Firmware\MiWi DE Demo\Basic Demos\Simple Example\Node 1\DemoOutput.c
  DemoOutput_ChannelError   0x003bb2    program     extern D:\Work\robocon\Project\20140513_Miwi_Soccer_Robot\Miwi_Board_Firmware\MiWi DE Demo\Basic Demos\Simple Example\Node 1\DemoOutput.c
      DemoOutput_Greeting   0x003a0c    program     extern D:\Work\robocon\Project\20140513_Miwi_Soccer_Robot\Miwi_Board_Firmware\MiWi DE Demo\Basic Demos\Simple Example\Node 1\DemoOutput.c
 DemoOutput_HandleMessage   0x003b56    program     extern D:\Work\robocon\Project\20140513_Miwi_Soccer_Robot\Miwi_Board_Firmware\MiWi DE Demo\Basic Demos\Simple Example\Node 1\DemoOutput.c
   DemoOutput_Instruction   0x003b54    program     extern D:\Work\robocon\Project\20140513_Miwi_Soccer_Robot\Miwi_Board_Firmware\MiWi DE Demo\Basic Demos\Simple Example\Node 1\DemoOutput.c
   DemoOutput_UnicastFail   0x003bee    program     extern D:\Work\robocon\Project\20140513_Miwi_Soccer_Robot\Miwi_Board_Firmware\MiWi DE Demo\Basic Demos\Simple Example\Node 1\DemoOutput.c
    DemoOutput_UpdateTxRx   0x003b8e    program     extern D:\Work\robocon\Project\20140513_Miwi_Soccer_Robot\Miwi_Board_Firmware\MiWi DE Demo\Basic Demos\Simple Example\Node 1\DemoOutput.c
           DumpConnection   0x002a42    program     extern D:\Work\robocon\Project\20140513_Miwi_Soccer_Robot\Miwi_Board_Firmware\Microchip\WirelessProtocols\P2P\P2P.c
                 FXD0808U   0x004358    program     extern E:\3.46\pic18-lt\cxx-framework\src\traditional\math\fxd0808u.c
                  FXM3232   0x004276    program     extern E:\3.46\pic18-lt\cxx-framework\src\traditional\math\fxm3232.c
                  HighISR   0x001814    program     extern D:\Work\robocon\Project\20140513_Miwi_Soccer_Robot\Miwi_Board_Firmware\Microchip\Transceivers\MRF24J40\MRF24J40.c
               HighVector   0x000008    program     extern D:\Work\robocon\Project\20140513_Miwi_Soccer_Robot\Miwi_Board_Firmware\Microchip\Transceivers\MRF24J40\MRF24J40.c
             InitMRF24J40   0x000238    program     extern D:\Work\robocon\Project\20140513_Miwi_Soccer_Robot\Miwi_Board_Firmware\Microchip\Transceivers\MRF24J40\MRF24J40.c
          InitSymbolTimer   0x004056    program     extern D:\Work\robocon\Project\20140513_Miwi_Soccer_Robot\Miwi_Board_Firmware\Microchip\WirelessProtocols\SymbolTime.c
               LCDDisplay   0x003f58    program     extern D:\Work\robocon\Project\20140513_Miwi_Soccer_Robot\Miwi_Board_Firmware\MiWi DE Demo\Basic Demos\Simple Example\Node 1\HardwareProfile.c
              LCDTRXCount   0x003f48    program     extern D:\Work\robocon\Project\20140513_Miwi_Soccer_Robot\Miwi_Board_Firmware\MiWi DE Demo\Basic Demos\Simple Example\Node 1\HardwareProfile.c
                LowVector   0x000018    program     extern D:\Work\robocon\Project\20140513_Miwi_Soccer_Robot\Miwi_Board_Firmware\Microchip\Transceivers\MRF24J40\MRF24J40.c
                 MacroNop   0x001eaa    program     extern D:\Work\robocon\Project\20140513_Miwi_Soccer_Robot\Miwi_Board_Firmware\Microchip\WirelessProtocols\P2P\P2P.c
    MiApp_BroadcastPacket   0x002658    program     extern D:\Work\robocon\Project\20140513_Miwi_Soccer_Robot\Miwi_Board_Firmware\Microchip\WirelessProtocols\P2P\P2P.c
     MiApp_ConnectionMode   0x003118    program     extern D:\Work\robocon\Project\20140513_Miwi_Soccer_Robot\Miwi_Board_Firmware\Microchip\WirelessProtocols\P2P\P2P.c
     MiApp_DiscardMessage   0x0029f6    program     extern D:\Work\robocon\Project\20140513_Miwi_Soccer_Robot\Miwi_Board_Firmware\Microchip\WirelessProtocols\P2P\P2P.c
MiApp_EstablishConnection   0x00280c    program     extern D:\Work\robocon\Project\20140513_Miwi_Soccer_Robot\Miwi_Board_Firmware\Microchip\WirelessProtocols\P2P\P2P.c
   MiApp_MessageAvailable   0x002a30    program     extern D:\Work\robocon\Project\20140513_Miwi_Soccer_Robot\Miwi_Board_Firmware\Microchip\WirelessProtocols\P2P\P2P.c
       MiApp_ProtocolInit   0x0023a6    program     extern D:\Work\robocon\Project\20140513_Miwi_Soccer_Robot\Miwi_Board_Firmware\Microchip\WirelessProtocols\P2P\P2P.c
   MiApp_RemoveConnection   0x002f5c    program     extern D:\Work\robocon\Project\20140513_Miwi_Soccer_Robot\Miwi_Board_Firmware\Microchip\WirelessProtocols\P2P\P2P.c
         MiApp_SetChannel   0x0029fe    program     extern D:\Work\robocon\Project\20140513_Miwi_Soccer_Robot\Miwi_Board_Firmware\Microchip\WirelessProtocols\P2P\P2P.c
    MiApp_StartConnection   0x00279e    program     extern D:\Work\robocon\Project\20140513_Miwi_Soccer_Robot\Miwi_Board_Firmware\Microchip\WirelessProtocols\P2P\P2P.c
     MiApp_UnicastAddress   0x002702    program     extern D:\Work\robocon\Project\20140513_Miwi_Soccer_Robot\Miwi_Board_Firmware\Microchip\WirelessProtocols\P2P\P2P.c
  MiApp_UnicastConnection   0x00268e    program     extern D:\Work\robocon\Project\20140513_Miwi_Soccer_Robot\Miwi_Board_Firmware\Microchip\WirelessProtocols\P2P\P2P.c
      MiMAC_DiscardPacket   0x000e3e    program     extern D:\Work\robocon\Project\20140513_Miwi_Soccer_Robot\Miwi_Board_Firmware\Microchip\Transceivers\MRF24J40\MRF24J40.c
               MiMAC_Init   0x0017ac    program     extern D:\Work\robocon\Project\20140513_Miwi_Soccer_Robot\Miwi_Board_Firmware\Microchip\Transceivers\MRF24J40\MRF24J40.c
     MiMAC_ReceivedPacket   0x000476    program     extern D:\Work\robocon\Project\20140513_Miwi_Soccer_Robot\Miwi_Board_Firmware\Microchip\Transceivers\MRF24J40\MRF24J40.c
         MiMAC_SendPacket   0x000e5e    program     extern D:\Work\robocon\Project\20140513_Miwi_Soccer_Robot\Miwi_Board_Firmware\Microchip\Transceivers\MRF24J40\MRF24J40.c
      MiMAC_SetAltAddress   0x001700    program     extern D:\Work\robocon\Project\20140513_Miwi_Soccer_Robot\Miwi_Board_Firmware\Microchip\Transceivers\MRF24J40\MRF24J40.c
         MiMAC_SetChannel   0x0015ce    program     extern D:\Work\robocon\Project\20140513_Miwi_Soccer_Robot\Miwi_Board_Firmware\Microchip\Transceivers\MRF24J40\MRF24J40.c
           MiMAC_SetPower   0x00163e    program     extern D:\Work\robocon\Project\20140513_Miwi_Soccer_Robot\Miwi_Board_Firmware\Microchip\Transceivers\MRF24J40\MRF24J40.c
                     MiWi   0x004118    program     extern D:\Work\robocon\Project\20140513_Miwi_Soccer_Robot\Miwi_Board_Firmware\MiWi DE Demo\Basic Demos\Simple Example\Node 1\DemoOutput.c
             MiWi_TickGet   0x00406a    program     extern D:\Work\robocon\Project\20140513_Miwi_Soccer_Robot\Miwi_Board_Firmware\Microchip\WirelessProtocols\SymbolTime.c
                 P2PTasks   0x001eae    program     extern D:\Work\robocon\Project\20140513_Miwi_Soccer_Robot\Miwi_Board_Firmware\Microchip\WirelessProtocols\P2P\P2P.c
        PHYGetLongRAMAddr   0x000198    program     extern D:\Work\robocon\Project\20140513_Miwi_Soccer_Robot\Miwi_Board_Firmware\Microchip\Transceivers\MRF24J40\MRF24J40.c
       PHYGetShortRAMAddr   0x00013c    program     extern D:\Work\robocon\Project\20140513_Miwi_Soccer_Robot\Miwi_Board_Firmware\Microchip\Transceivers\MRF24J40\MRF24J40.c
        PHYSetLongRAMAddr   0x000070    program     extern D:\Work\robocon\Project\20140513_Miwi_Soccer_Robot\Miwi_Board_Firmware\Microchip\Transceivers\MRF24J40\MRF24J40.c
       PHYSetShortRAMAddr   0x0000f6    program     extern D:\Work\robocon\Project\20140513_Miwi_Soccer_Robot\Miwi_Board_Firmware\Microchip\Transceivers\MRF24J40\MRF24J40.c
                PrintChar   0x003c8e    program     extern D:\Work\robocon\Project\20140513_Miwi_Soccer_Robot\Miwi_Board_Firmware\Microchip\WirelessProtocols\Console.c
                 PrintDec   0x003cf2    program     extern D:\Work\robocon\Project\20140513_Miwi_Soccer_Robot\Miwi_Board_Firmware\Microchip\WirelessProtocols\Console.c
                   SPIGet   0x004310    program     extern D:\Work\robocon\Project\20140513_Miwi_Soccer_Robot\Miwi_Board_Firmware\Microchip\WirelessProtocols\MSPI.c
                   SPIPut   0x0042e6    program     extern D:\Work\robocon\Project\20140513_Miwi_Soccer_Robot\Miwi_Board_Firmware\Microchip\WirelessProtocols\MSPI.c
               SendPacket   0x0024d8    program     extern D:\Work\robocon\Project\20140513_Miwi_Soccer_Robot\Miwi_Board_Firmware\Microchip\WirelessProtocols\P2P\P2P.c
     UserInterruptHandler   0x004054    program     extern D:\Work\robocon\Project\20140513_Miwi_Soccer_Robot\Miwi_Board_Firmware\MiWi DE Demo\Basic Demos\Simple Example\Node 1\HardwareProfile.c
         ___else_lbl00004   0x00389e    program     static                          
         ___else_lbl00006   0x0037f8    program     static                          
         ___else_lbl00011   0x0039ac    program     static                          
           ___if_lbl00003   0x0038ea    program     static                          
           ___if_lbl00005   0x0038ea    program     static                          
           ___if_lbl00010   0x0039f8    program     static                          
       ___return_lbl00000   0x001eac    program     static                          
       ___return_lbl00000   0x004372    program     static                          
       ___return_lbl00000   0x000004    program     static                          
       ___return_lbl00000   0x0038ea    program     static                          
       ___return_lbl00000   0x0042e4    program     static                          
       ___return_lbl00001   0x004356    program     static                          
       ___return_lbl00002   0x004274    program     static                          
       ___return_lbl00007   0x0039f8    program     static                          
       ___return_lbl00211   0x00000c    program     static                          
       ___return_lbl00212   0x00001c    program     static                          
        ___while_lbl00001   0x00389e    program     static                          
        ___while_lbl00002   0x0038ea    program     static                          
        ___while_lbl00008   0x0039ac    program     static                          
        ___while_lbl00009   0x0039f8    program     static                          
               __config_0   0x300001    program     static D:\Work\robocon\Project\20140513_Miwi_Soccer_Robot\Miwi_Board_Firmware\MiWi DE Demo\Basic Demos\Simple Example\Node 1\HardwareProfile.c
               __config_1   0x300002    program     static D:\Work\robocon\Project\20140513_Miwi_Soccer_Robot\Miwi_Board_Firmware\MiWi DE Demo\Basic Demos\Simple Example\Node 1\HardwareProfile.c
               __config_2   0x300003    program     static D:\Work\robocon\Project\20140513_Miwi_Soccer_Robot\Miwi_Board_Firmware\MiWi DE Demo\Basic Demos\Simple Example\Node 1\HardwareProfile.c
               __config_3   0x300005    program     static D:\Work\robocon\Project\20140513_Miwi_Soccer_Robot\Miwi_Board_Firmware\MiWi DE Demo\Basic Demos\Simple Example\Node 1\HardwareProfile.c
               __config_4   0x300006    program     static D:\Work\robocon\Project\20140513_Miwi_Soccer_Robot\Miwi_Board_Firmware\MiWi DE Demo\Basic Demos\Simple Example\Node 1\HardwareProfile.c
                   __init   0x00000e    program     extern E:\3.46\pic18-lt\cxx-framework\src\traditional\stdclib\__init.c
               __string_0   0x0037c7    program     static D:\Work\robocon\Project\20140513_Miwi_Soccer_Robot\Miwi_Board_Firmware\MiWi DE Demo\Basic Demos\Simple Example\Node 1\DemoOutput.c
               __string_0   0x003599    program     static D:\Work\robocon\Project\20140513_Miwi_Soccer_Robot\Miwi_Board_Firmware\Microchip\WirelessProtocols\P2P\P2P.c
               __string_1   0x00378b    program     static D:\Work\robocon\Project\20140513_Miwi_Soccer_Robot\Miwi_Board_Firmware\MiWi DE Demo\Basic Demos\Simple Example\Node 1\DemoOutput.c
               __string_1   0x00358d    program     static D:\Work\robocon\Project\20140513_Miwi_Soccer_Robot\Miwi_Board_Firmware\Microchip\WirelessProtocols\P2P\P2P.c
              __string_10   0x003654    program     static D:\Work\robocon\Project\20140513_Miwi_Soccer_Robot\Miwi_Board_Firmware\MiWi DE Demo\Basic Demos\Simple Example\Node 1\DemoOutput.c
              __string_11   0x003651    program     static D:\Work\robocon\Project\20140513_Miwi_Soccer_Robot\Miwi_Board_Firmware\MiWi DE Demo\Basic Demos\Simple Example\Node 1\DemoOutput.c
              __string_12   0x003632    program     static D:\Work\robocon\Project\20140513_Miwi_Soccer_Robot\Miwi_Board_Firmware\MiWi DE Demo\Basic Demos\Simple Example\Node 1\DemoOutput.c
              __string_13   0x003615    program     static D:\Work\robocon\Project\20140513_Miwi_Soccer_Robot\Miwi_Board_Firmware\MiWi DE Demo\Basic Demos\Simple Example\Node 1\DemoOutput.c
              __string_14   0x0035fd    program     static D:\Work\robocon\Project\20140513_Miwi_Soccer_Robot\Miwi_Board_Firmware\MiWi DE Demo\Basic Demos\Simple Example\Node 1\DemoOutput.c
              __string_15   0x0035cf    program     static D:\Work\robocon\Project\20140513_Miwi_Soccer_Robot\Miwi_Board_Firmware\MiWi DE Demo\Basic Demos\Simple Example\Node 1\DemoOutput.c
              __string_16   0x0035bc    program     static D:\Work\robocon\Project\20140513_Miwi_Soccer_Robot\Miwi_Board_Firmware\MiWi DE Demo\Basic Demos\Simple Example\Node 1\DemoOutput.c
              __string_17   0x0035ac    program     static D:\Work\robocon\Project\20140513_Miwi_Soccer_Robot\Miwi_Board_Firmware\MiWi DE Demo\Basic Demos\Simple Example\Node 1\DemoOutput.c
               __string_2   0x003771    program     static D:\Work\robocon\Project\20140513_Miwi_Soccer_Robot\Miwi_Board_Firmware\MiWi DE Demo\Basic Demos\Simple Example\Node 1\DemoOutput.c
               __string_2   0x003581    program     static D:\Work\robocon\Project\20140513_Miwi_Soccer_Robot\Miwi_Board_Firmware\Microchip\WirelessProtocols\P2P\P2P.c
               __string_3   0x003551    program     static D:\Work\robocon\Project\20140513_Miwi_Soccer_Robot\Miwi_Board_Firmware\Microchip\WirelessProtocols\P2P\P2P.c
               __string_3   0x00375a    program     static D:\Work\robocon\Project\20140513_Miwi_Soccer_Robot\Miwi_Board_Firmware\MiWi DE Demo\Basic Demos\Simple Example\Node 1\DemoOutput.c
               __string_4   0x00373c    program     static D:\Work\robocon\Project\20140513_Miwi_Soccer_Robot\Miwi_Board_Firmware\MiWi DE Demo\Basic Demos\Simple Example\Node 1\DemoOutput.c
               __string_4   0x003543    program     static D:\Work\robocon\Project\20140513_Miwi_Soccer_Robot\Miwi_Board_Firmware\Microchip\WirelessProtocols\P2P\P2P.c
               __string_5   0x003725    program     static D:\Work\robocon\Project\20140513_Miwi_Soccer_Robot\Miwi_Board_Firmware\MiWi DE Demo\Basic Demos\Simple Example\Node 1\DemoOutput.c
               __string_5   0x003540    program     static D:\Work\robocon\Project\20140513_Miwi_Soccer_Robot\Miwi_Board_Firmware\Microchip\WirelessProtocols\P2P\P2P.c
               __string_6   0x00353b    program     static D:\Work\robocon\Project\20140513_Miwi_Soccer_Robot\Miwi_Board_Firmware\Microchip\WirelessProtocols\P2P\P2P.c
               __string_6   0x0036e3    program     static D:\Work\robocon\Project\20140513_Miwi_Soccer_Robot\Miwi_Board_Firmware\MiWi DE Demo\Basic Demos\Simple Example\Node 1\DemoOutput.c
               __string_7   0x003697    program     static D:\Work\robocon\Project\20140513_Miwi_Soccer_Robot\Miwi_Board_Firmware\MiWi DE Demo\Basic Demos\Simple Example\Node 1\DemoOutput.c
               __string_7   0x003538    program     static D:\Work\robocon\Project\20140513_Miwi_Soccer_Robot\Miwi_Board_Firmware\Microchip\WirelessProtocols\P2P\P2P.c
               __string_8   0x003506    program     static D:\Work\robocon\Project\20140513_Miwi_Soccer_Robot\Miwi_Board_Firmware\Microchip\WirelessProtocols\P2P\P2P.c
               __string_8   0x003692    program     static D:\Work\robocon\Project\20140513_Miwi_Soccer_Robot\Miwi_Board_Firmware\MiWi DE Demo\Basic Demos\Simple Example\Node 1\DemoOutput.c
               __string_9   0x003672    program     static D:\Work\robocon\Project\20140513_Miwi_Soccer_Robot\Miwi_Board_Firmware\MiWi DE Demo\Basic Demos\Simple Example\Node 1\DemoOutput.c
               __tmplbl_0   0x00389a    program     static                          
               __tmplbl_1   0x0038cc    program     static                          
               __tmplbl_2   0x0039a6    program     static                          
              __tmplbl_27   0x000e22    program     static                          
               __tmplbl_3   0x0039da    program     static                          
            __zero_memory   0x00431c    program     extern E:\3.46\pic18-lt\cxx-framework\src\traditional\proc\p18f25k20.asm
                _do_cinit   0x0041d8    program     extern E:\3.46\pic18-lt\cxx-framework\src\traditional\startup\c018i.c
                   _entry   0x000000    program     extern E:\3.46\pic18-lt\cxx-framework\src\traditional\startup\c018i.c
                 _startup   0x00433c    program     extern E:\3.46\pic18-lt\cxx-framework\src\traditional\startup\c018i.c
                compare_l   0x004332    program     static E:\3.46\pic18-lt\cxx-framework\src\traditional\proc\p18f25k20.asm
                copy_loop   0x00424a    program     static                          
            copy_one_byte   0x004250    program     static                          
                     done   0x004274    program     static                          
             done_copying   0x00425e    program     static                          
                  endloop   0x00436e    program     static                          
                  get_psx   0x003242    program     extern D:\Work\robocon\Project\20140513_Miwi_Soccer_Robot\Miwi_Board_Firmware\MiWi DE Demo\Basic Demos\Simple Example\Node 1\ps2.c
            isSameAddress   0x00273c    program     extern D:\Work\robocon\Project\20140513_Miwi_Soccer_Robot\Miwi_Board_Firmware\Microchip\WirelessProtocols\P2P\P2P.c
                     loop   0x00434c    program     static                          
                     loop   0x004360    program     static                          
                   loop_h   0x00432a    program     static E:\3.46\pic18-lt\cxx-framework\src\traditional\proc\p18f25k20.asm
                   loop_l   0x004334    program     static E:\3.46\pic18-lt\cxx-framework\src\traditional\proc\p18f25k20.asm
                     main   0x003dae    program     extern D:\Work\robocon\Project\20140513_Miwi_Soccer_Robot\Miwi_Board_Firmware\MiWi DE Demo\Basic Demos\Simple Example\Node 1\main.c
      myKeySequenceNumber   0x000007    program     extern D:\Work\robocon\Project\20140513_Miwi_Soccer_Robot\Miwi_Board_Firmware\Microchip\Transceivers\MRF24J40\MRF24J40.c
            mySecurityKey   0x00002e    program     extern D:\Work\robocon\Project\20140513_Miwi_Soccer_Robot\Miwi_Board_Firmware\Microchip\Transceivers\MRF24J40\MRF24J40.c
          mySecurityLevel   0x000006    program     extern D:\Work\robocon\Project\20140513_Miwi_Soccer_Robot\Miwi_Board_Firmware\Microchip\Transceivers\MRF24J40\MRF24J40.c
         psx_LowLevelInit   0x00322a    program     static D:\Work\robocon\Project\20140513_Miwi_Soccer_Robot\Miwi_Board_Firmware\MiWi DE Demo\Basic Demos\Simple Example\Node 1\ps2.c
                 psx_init   0x00314a    program     extern D:\Work\robocon\Project\20140513_Miwi_Soccer_Robot\Miwi_Board_Firmware\MiWi DE Demo\Basic Demos\Simple Example\Node 1\ps2.c
               psx_status   0x003432    program     extern D:\Work\robocon\Project\20140513_Miwi_Soccer_Robot\Miwi_Board_Firmware\MiWi DE Demo\Basic Demos\Simple Example\Node 1\ps2.c
                psx_write   0x0032c6    program     static D:\Work\robocon\Project\20140513_Miwi_Soccer_Robot\Miwi_Board_Firmware\MiWi DE Demo\Basic Demos\Simple Example\Node 1\ps2.c
       psx_write_lastbyte   0x00337e    program     static D:\Work\robocon\Project\20140513_Miwi_Soccer_Robot\Miwi_Board_Firmware\MiWi DE Demo\Basic Demos\Simple Example\Node 1\ps2.c
                     test   0x0041f2    program     static                          
               zero_block   0x00432a    program     static E:\3.46\pic18-lt\cxx-framework\src\traditional\proc\p18f25k20.asm
                   ADCON0   0x000fc2       data     extern E:\3.46\pic18-lt\cxx-framework\src\traditional\proc\p18f25k20.asm
               ADCON0bits   0x000fc2       data     extern E:\3.46\pic18-lt\cxx-framework\src\traditional\proc\p18f25k20.asm
                   ADCON1   0x000fc1       data     extern E:\3.46\pic18-lt\cxx-framework\src\traditional\proc\p18f25k20.asm
               ADCON1bits   0x000fc1       data     extern E:\3.46\pic18-lt\cxx-framework\src\traditional\proc\p18f25k20.asm
                   ADCON2   0x000fc0       data     extern E:\3.46\pic18-lt\cxx-framework\src\traditional\proc\p18f25k20.asm
               ADCON2bits   0x000fc0       data     extern E:\3.46\pic18-lt\cxx-framework\src\traditional\proc\p18f25k20.asm
                    ADRES   0x000fc3       data     extern E:\3.46\pic18-lt\cxx-framework\src\traditional\proc\p18f25k20.asm
                   ADRESH   0x000fc4       data     extern E:\3.46\pic18-lt\cxx-framework\src\traditional\proc\p18f25k20.asm
                   ADRESL   0x000fc3       data     extern E:\3.46\pic18-lt\cxx-framework\src\traditional\proc\p18f25k20.asm
                    ANSEL   0x000f7e       data     extern E:\3.46\pic18-lt\cxx-framework\src\traditional\proc\p18f25k20.asm
                   ANSELH   0x000f7f       data     extern E:\3.46\pic18-lt\cxx-framework\src\traditional\proc\p18f25k20.asm
               ANSELHbits   0x000f7f       data     extern E:\3.46\pic18-lt\cxx-framework\src\traditional\proc\p18f25k20.asm
                ANSELbits   0x000f7e       data     extern E:\3.46\pic18-lt\cxx-framework\src\traditional\proc\p18f25k20.asm
         AdditionalNodeID   0x0001f3       data     extern D:\Work\robocon\Project\20140513_Miwi_Soccer_Robot\Miwi_Board_Firmware\MiWi DE Demo\Basic Demos\Simple Example\Node 1\main.c
                  BAUDCON   0x000fb8       data     extern E:\3.46\pic18-lt\cxx-framework\src\traditional\proc\p18f25k20.asm
              BAUDCONbits   0x000fb8       data     extern E:\3.46\pic18-lt\cxx-framework\src\traditional\proc\p18f25k20.asm
                  BAUDCTL   0x000fb8       data     extern E:\3.46\pic18-lt\cxx-framework\src\traditional\proc\p18f25k20.asm
              BAUDCTLbits   0x000fb8       data     extern E:\3.46\pic18-lt\cxx-framework\src\traditional\proc\p18f25k20.asm
                      BSR   0x000fe0       data     extern E:\3.46\pic18-lt\cxx-framework\src\traditional\proc\p18f25k20.asm
                BankIndex   0x0001fd       data     extern D:\Work\robocon\Project\20140513_Miwi_Soccer_Robot\Miwi_Board_Firmware\Microchip\Transceivers\MRF24J40\MRF24J40.c
                  CCP1CON   0x000fbd       data     extern E:\3.46\pic18-lt\cxx-framework\src\traditional\proc\p18f25k20.asm
              CCP1CONbits   0x000fbd       data     extern E:\3.46\pic18-lt\cxx-framework\src\traditional\proc\p18f25k20.asm
                  CCP2CON   0x000fba       data     extern E:\3.46\pic18-lt\cxx-framework\src\traditional\proc\p18f25k20.asm
              CCP2CONbits   0x000fba       data     extern E:\3.46\pic18-lt\cxx-framework\src\traditional\proc\p18f25k20.asm
                    CCPR1   0x000fbe       data     extern E:\3.46\pic18-lt\cxx-framework\src\traditional\proc\p18f25k20.asm
                   CCPR1H   0x000fbf       data     extern E:\3.46\pic18-lt\cxx-framework\src\traditional\proc\p18f25k20.asm
                   CCPR1L   0x000fbe       data     extern E:\3.46\pic18-lt\cxx-framework\src\traditional\proc\p18f25k20.asm
                    CCPR2   0x000fbb       data     extern E:\3.46\pic18-lt\cxx-framework\src\traditional\proc\p18f25k20.asm
                   CCPR2H   0x000fbc       data     extern E:\3.46\pic18-lt\cxx-framework\src\traditional\proc\p18f25k20.asm
                   CCPR2L   0x000fbb       data     extern E:\3.46\pic18-lt\cxx-framework\src\traditional\proc\p18f25k20.asm
                  CM1CON0   0x000f7b       data     extern E:\3.46\pic18-lt\cxx-framework\src\traditional\proc\p18f25k20.asm
              CM1CON0bits   0x000f7b       data     extern E:\3.46\pic18-lt\cxx-framework\src\traditional\proc\p18f25k20.asm
                  CM2CON0   0x000f7a       data     extern E:\3.46\pic18-lt\cxx-framework\src\traditional\proc\p18f25k20.asm
              CM2CON0bits   0x000f7a       data     extern E:\3.46\pic18-lt\cxx-framework\src\traditional\proc\p18f25k20.asm
                  CM2CON1   0x000f79       data     extern E:\3.46\pic18-lt\cxx-framework\src\traditional\proc\p18f25k20.asm
              CM2CON1bits   0x000f79       data     extern E:\3.46\pic18-lt\cxx-framework\src\traditional\proc\p18f25k20.asm
                   CVRCON   0x000fb5       data     extern E:\3.46\pic18-lt\cxx-framework\src\traditional\proc\p18f25k20.asm
                  CVRCON2   0x000fb4       data     extern E:\3.46\pic18-lt\cxx-framework\src\traditional\proc\p18f25k20.asm
              CVRCON2bits   0x000fb4       data     extern E:\3.46\pic18-lt\cxx-framework\src\traditional\proc\p18f25k20.asm
               CVRCONbits   0x000fb5       data     extern E:\3.46\pic18-lt\cxx-framework\src\traditional\proc\p18f25k20.asm
                 ConnMode   0x000209       data     extern D:\Work\robocon\Project\20140513_Miwi_Soccer_Robot\Miwi_Board_Firmware\Microchip\WirelessProtocols\P2P\P2P.c
          ConnectionTable   0x000100       data     extern D:\Work\robocon\Project\20140513_Miwi_Soccer_Robot\Miwi_Board_Firmware\Microchip\WirelessProtocols\P2P\P2P.c
                     DDRA   0x000f92       data     extern E:\3.46\pic18-lt\cxx-framework\src\traditional\proc\p18f25k20.asm
                 DDRAbits   0x000f92       data     extern E:\3.46\pic18-lt\cxx-framework\src\traditional\proc\p18f25k20.asm
                     DDRB   0x000f93       data     extern E:\3.46\pic18-lt\cxx-framework\src\traditional\proc\p18f25k20.asm
                 DDRBbits   0x000f93       data     extern E:\3.46\pic18-lt\cxx-framework\src\traditional\proc\p18f25k20.asm
                     DDRC   0x000f94       data     extern E:\3.46\pic18-lt\cxx-framework\src\traditional\proc\p18f25k20.asm
                 DDRCbits   0x000f94       data     extern E:\3.46\pic18-lt\cxx-framework\src\traditional\proc\p18f25k20.asm
                  ECCP1AS   0x000fb6       data     extern E:\3.46\pic18-lt\cxx-framework\src\traditional\proc\p18f25k20.asm
              ECCP1ASbits   0x000fb6       data     extern E:\3.46\pic18-lt\cxx-framework\src\traditional\proc\p18f25k20.asm
                    EEADR   0x000fa9       data     extern E:\3.46\pic18-lt\cxx-framework\src\traditional\proc\p18f25k20.asm
                EEADRbits   0x000fa9       data     extern E:\3.46\pic18-lt\cxx-framework\src\traditional\proc\p18f25k20.asm
                   EECON1   0x000fa6       data     extern E:\3.46\pic18-lt\cxx-framework\src\traditional\proc\p18f25k20.asm
               EECON1bits   0x000fa6       data     extern E:\3.46\pic18-lt\cxx-framework\src\traditional\proc\p18f25k20.asm
                   EECON2   0x000fa7       data     extern E:\3.46\pic18-lt\cxx-framework\src\traditional\proc\p18f25k20.asm
                   EEDATA   0x000fa8       data     extern E:\3.46\pic18-lt\cxx-framework\src\traditional\proc\p18f25k20.asm
                     FSR0   0x000fe9       data     extern E:\3.46\pic18-lt\cxx-framework\src\traditional\proc\p18f25k20.asm
                    FSR0H   0x000fea       data     extern E:\3.46\pic18-lt\cxx-framework\src\traditional\proc\p18f25k20.asm
                    FSR0L   0x000fe9       data     extern E:\3.46\pic18-lt\cxx-framework\src\traditional\proc\p18f25k20.asm
                     FSR1   0x000fe1       data     extern E:\3.46\pic18-lt\cxx-framework\src\traditional\proc\p18f25k20.asm
                    FSR1H   0x000fe2       data     extern E:\3.46\pic18-lt\cxx-framework\src\traditional\proc\p18f25k20.asm
                    FSR1L   0x000fe1       data     extern E:\3.46\pic18-lt\cxx-framework\src\traditional\proc\p18f25k20.asm
                     FSR2   0x000fd9       data     extern E:\3.46\pic18-lt\cxx-framework\src\traditional\proc\p18f25k20.asm
                    FSR2H   0x000fda       data     extern E:\3.46\pic18-lt\cxx-framework\src\traditional\proc\p18f25k20.asm
                    FSR2L   0x000fd9       data     extern E:\3.46\pic18-lt\cxx-framework\src\traditional\proc\p18f25k20.asm
                  HLVDCON   0x000fd2       data     extern E:\3.46\pic18-lt\cxx-framework\src\traditional\proc\p18f25k20.asm
              HLVDCONbits   0x000fd2       data     extern E:\3.46\pic18-lt\cxx-framework\src\traditional\proc\p18f25k20.asm
               IEEESeqNum   0x0001e2       data     extern D:\Work\robocon\Project\20140513_Miwi_Soccer_Robot\Miwi_Board_Firmware\Microchip\Transceivers\MRF24J40\MRF24J40.c
                    INDF0   0x000fef       data     extern E:\3.46\pic18-lt\cxx-framework\src\traditional\proc\p18f25k20.asm
                    INDF1   0x000fe7       data     extern E:\3.46\pic18-lt\cxx-framework\src\traditional\proc\p18f25k20.asm
                    INDF2   0x000fdf       data     extern E:\3.46\pic18-lt\cxx-framework\src\traditional\proc\p18f25k20.asm
                   INTCON   0x000ff2       data     extern E:\3.46\pic18-lt\cxx-framework\src\traditional\proc\p18f25k20.asm
                  INTCON2   0x000ff1       data     extern E:\3.46\pic18-lt\cxx-framework\src\traditional\proc\p18f25k20.asm
              INTCON2bits   0x000ff1       data     extern E:\3.46\pic18-lt\cxx-framework\src\traditional\proc\p18f25k20.asm
                  INTCON3   0x000ff0       data     extern E:\3.46\pic18-lt\cxx-framework\src\traditional\proc\p18f25k20.asm
              INTCON3bits   0x000ff0       data     extern E:\3.46\pic18-lt\cxx-framework\src\traditional\proc\p18f25k20.asm
               INTCONbits   0x000ff2       data     extern E:\3.46\pic18-lt\cxx-framework\src\traditional\proc\p18f25k20.asm
                     IOCB   0x000f7d       data     extern E:\3.46\pic18-lt\cxx-framework\src\traditional\proc\p18f25k20.asm
                 IOCBbits   0x000f7d       data     extern E:\3.46\pic18-lt\cxx-framework\src\traditional\proc\p18f25k20.asm
                     IPR1   0x000f9f       data     extern E:\3.46\pic18-lt\cxx-framework\src\traditional\proc\p18f25k20.asm
                 IPR1bits   0x000f9f       data     extern E:\3.46\pic18-lt\cxx-framework\src\traditional\proc\p18f25k20.asm
                     IPR2   0x000fa2       data     extern E:\3.46\pic18-lt\cxx-framework\src\traditional\proc\p18f25k20.asm
                 IPR2bits   0x000fa2       data     extern E:\3.46\pic18-lt\cxx-framework\src\traditional\proc\p18f25k20.asm
     IncomingFrameCounter   0x00017f       data     extern D:\Work\robocon\Project\20140513_Miwi_Soccer_Robot\Miwi_Board_Firmware\Microchip\WirelessProtocols\P2P\P2P.c
                     LATA   0x000f89       data     extern E:\3.46\pic18-lt\cxx-framework\src\traditional\proc\p18f25k20.asm
                 LATAbits   0x000f89       data     extern E:\3.46\pic18-lt\cxx-framework\src\traditional\proc\p18f25k20.asm
                     LATB   0x000f8a       data     extern E:\3.46\pic18-lt\cxx-framework\src\traditional\proc\p18f25k20.asm
                 LATBbits   0x000f8a       data     extern E:\3.46\pic18-lt\cxx-framework\src\traditional\proc\p18f25k20.asm
                     LATC   0x000f8b       data     extern E:\3.46\pic18-lt\cxx-framework\src\traditional\proc\p18f25k20.asm
                 LATCbits   0x000f8b       data     extern E:\3.46\pic18-lt\cxx-framework\src\traditional\proc\p18f25k20.asm
                   LVDCON   0x000fd2       data     extern E:\3.46\pic18-lt\cxx-framework\src\traditional\proc\p18f25k20.asm
               LVDCONbits   0x000fd2       data     extern E:\3.46\pic18-lt\cxx-framework\src\traditional\proc\p18f25k20.asm
         LatestConnection   0x000172       data     extern D:\Work\robocon\Project\20140513_Miwi_Soccer_Robot\Miwi_Board_Firmware\Microchip\WirelessProtocols\P2P\P2P.c
        MACCurrentChannel   0x0001e3       data     extern D:\Work\robocon\Project\20140513_Miwi_Soccer_Robot\Miwi_Board_Firmware\Microchip\Transceivers\MRF24J40\MRF24J40.c
            MACInitParams   0x0001cf       data     extern D:\Work\robocon\Project\20140513_Miwi_Soccer_Robot\Miwi_Board_Firmware\Microchip\Transceivers\MRF24J40\MRF24J40.c
              MACRxPacket   0x000174       data     extern D:\Work\robocon\Project\20140513_Miwi_Soccer_Robot\Miwi_Board_Firmware\Microchip\WirelessProtocols\P2P\P2P.c
                MAC_PANID   0x0001e4       data     extern D:\Work\robocon\Project\20140513_Miwi_Soccer_Robot\Miwi_Board_Firmware\Microchip\Transceivers\MRF24J40\MRF24J40.c
           MRF24J40Status   0x0001e8       data     extern D:\Work\robocon\Project\20140513_Miwi_Soccer_Robot\Miwi_Board_Firmware\Microchip\Transceivers\MRF24J40\MRF24J40.c
                   OSCCON   0x000fd3       data     extern E:\3.46\pic18-lt\cxx-framework\src\traditional\proc\p18f25k20.asm
               OSCCONbits   0x000fd3       data     extern E:\3.46\pic18-lt\cxx-framework\src\traditional\proc\p18f25k20.asm
                  OSCTUNE   0x000f9b       data     extern E:\3.46\pic18-lt\cxx-framework\src\traditional\proc\p18f25k20.asm
              OSCTUNEbits   0x000f9b       data     extern E:\3.46\pic18-lt\cxx-framework\src\traditional\proc\p18f25k20.asm
     OutgoingFrameCounter   0x0001d2       data     extern D:\Work\robocon\Project\20140513_Miwi_Soccer_Robot\Miwi_Board_Firmware\Microchip\Transceivers\MRF24J40\MRF24J40.c
          P2PCapacityInfo   0x000167       data     extern D:\Work\robocon\Project\20140513_Miwi_Soccer_Robot\Miwi_Board_Firmware\Microchip\WirelessProtocols\P2P\P2P.c
                P2PStatus   0x000173       data     extern D:\Work\robocon\Project\20140513_Miwi_Soccer_Robot\Miwi_Board_Firmware\Microchip\WirelessProtocols\P2P\P2P.c
                       PC   0x000ff9       data     extern E:\3.46\pic18-lt\cxx-framework\src\traditional\proc\p18f25k20.asm
                      PCL   0x000ff9       data     extern E:\3.46\pic18-lt\cxx-framework\src\traditional\proc\p18f25k20.asm
                   PCLATH   0x000ffa       data     extern E:\3.46\pic18-lt\cxx-framework\src\traditional\proc\p18f25k20.asm
                   PCLATU   0x000ffb       data     extern E:\3.46\pic18-lt\cxx-framework\src\traditional\proc\p18f25k20.asm
                     PIE1   0x000f9d       data     extern E:\3.46\pic18-lt\cxx-framework\src\traditional\proc\p18f25k20.asm
                 PIE1bits   0x000f9d       data     extern E:\3.46\pic18-lt\cxx-framework\src\traditional\proc\p18f25k20.asm
                     PIE2   0x000fa0       data     extern E:\3.46\pic18-lt\cxx-framework\src\traditional\proc\p18f25k20.asm
                 PIE2bits   0x000fa0       data     extern E:\3.46\pic18-lt\cxx-framework\src\traditional\proc\p18f25k20.asm
                     PIR1   0x000f9e       data     extern E:\3.46\pic18-lt\cxx-framework\src\traditional\proc\p18f25k20.asm
                 PIR1bits   0x000f9e       data     extern E:\3.46\pic18-lt\cxx-framework\src\traditional\proc\p18f25k20.asm
                     PIR2   0x000fa1       data     extern E:\3.46\pic18-lt\cxx-framework\src\traditional\proc\p18f25k20.asm
                 PIR2bits   0x000fa1       data     extern E:\3.46\pic18-lt\cxx-framework\src\traditional\proc\p18f25k20.asm
                   PLUSW0   0x000feb       data     extern E:\3.46\pic18-lt\cxx-framework\src\traditional\proc\p18f25k20.asm
                   PLUSW1   0x000fe3       data     extern E:\3.46\pic18-lt\cxx-framework\src\traditional\proc\p18f25k20.asm
                   PLUSW2   0x000fdb       data     extern E:\3.46\pic18-lt\cxx-framework\src\traditional\proc\p18f25k20.asm
                    PORTA   0x000f80       data     extern E:\3.46\pic18-lt\cxx-framework\src\traditional\proc\p18f25k20.asm
                PORTAbits   0x000f80       data     extern E:\3.46\pic18-lt\cxx-framework\src\traditional\proc\p18f25k20.asm
                    PORTB   0x000f81       data     extern E:\3.46\pic18-lt\cxx-framework\src\traditional\proc\p18f25k20.asm
                PORTBbits   0x000f81       data     extern E:\3.46\pic18-lt\cxx-framework\src\traditional\proc\p18f25k20.asm
                    PORTC   0x000f82       data     extern E:\3.46\pic18-lt\cxx-framework\src\traditional\proc\p18f25k20.asm
                PORTCbits   0x000f82       data     extern E:\3.46\pic18-lt\cxx-framework\src\traditional\proc\p18f25k20.asm
                    PORTE   0x000f84       data     extern E:\3.46\pic18-lt\cxx-framework\src\traditional\proc\p18f25k20.asm
                PORTEbits   0x000f84       data     extern E:\3.46\pic18-lt\cxx-framework\src\traditional\proc\p18f25k20.asm
                 POSTDEC0   0x000fed       data     extern E:\3.46\pic18-lt\cxx-framework\src\traditional\proc\p18f25k20.asm
                 POSTDEC1   0x000fe5       data     extern E:\3.46\pic18-lt\cxx-framework\src\traditional\proc\p18f25k20.asm
                 POSTDEC2   0x000fdd       data     extern E:\3.46\pic18-lt\cxx-framework\src\traditional\proc\p18f25k20.asm
                 POSTINC0   0x000fee       data     extern E:\3.46\pic18-lt\cxx-framework\src\traditional\proc\p18f25k20.asm
                 POSTINC1   0x000fe6       data     extern E:\3.46\pic18-lt\cxx-framework\src\traditional\proc\p18f25k20.asm
                 POSTINC2   0x000fde       data     extern E:\3.46\pic18-lt\cxx-framework\src\traditional\proc\p18f25k20.asm
                      PR2   0x000fcb       data     extern E:\3.46\pic18-lt\cxx-framework\src\traditional\proc\p18f25k20.asm
                  PREINC0   0x000fec       data     extern E:\3.46\pic18-lt\cxx-framework\src\traditional\proc\p18f25k20.asm
                  PREINC1   0x000fe4       data     extern E:\3.46\pic18-lt\cxx-framework\src\traditional\proc\p18f25k20.asm
                  PREINC2   0x000fdc       data     extern E:\3.46\pic18-lt\cxx-framework\src\traditional\proc\p18f25k20.asm
                     PROD   0x000ff3       data     extern E:\3.46\pic18-lt\cxx-framework\src\traditional\proc\p18f25k20.asm
                    PRODH   0x000ff4       data     extern E:\3.46\pic18-lt\cxx-framework\src\traditional\proc\p18f25k20.asm
                    PRODL   0x000ff3       data     extern E:\3.46\pic18-lt\cxx-framework\src\traditional\proc\p18f25k20.asm
                  PSTRCON   0x000fb9       data     extern E:\3.46\pic18-lt\cxx-framework\src\traditional\proc\p18f25k20.asm
              PSTRCONbits   0x000fb9       data     extern E:\3.46\pic18-lt\cxx-framework\src\traditional\proc\p18f25k20.asm
   PUSH_BUTTON_press_time   0x000212       data     extern D:\Work\robocon\Project\20140513_Miwi_Soccer_Robot\Miwi_Board_Firmware\MiWi DE Demo\Basic Demos\Simple Example\Node 1\HardwareProfile.c
      PUSH_BUTTON_pressed   0x000211       data     extern D:\Work\robocon\Project\20140513_Miwi_Soccer_Robot\Miwi_Board_Firmware\MiWi DE Demo\Basic Demos\Simple Example\Node 1\HardwareProfile.c
                  PWM1CON   0x000fb7       data     extern E:\3.46\pic18-lt\cxx-framework\src\traditional\proc\p18f25k20.asm
              PWM1CONbits   0x000fb7       data     extern E:\3.46\pic18-lt\cxx-framework\src\traditional\proc\p18f25k20.asm
                     RCON   0x000fd0       data     extern E:\3.46\pic18-lt\cxx-framework\src\traditional\proc\p18f25k20.asm
                 RCONbits   0x000fd0       data     extern E:\3.46\pic18-lt\cxx-framework\src\traditional\proc\p18f25k20.asm
                    RCREG   0x000fae       data     extern E:\3.46\pic18-lt\cxx-framework\src\traditional\proc\p18f25k20.asm
                    RCSTA   0x000fab       data     extern E:\3.46\pic18-lt\cxx-framework\src\traditional\proc\p18f25k20.asm
                RCSTAbits   0x000fab       data     extern E:\3.46\pic18-lt\cxx-framework\src\traditional\proc\p18f25k20.asm
                 RxBuffer   0x000060       data     extern D:\Work\robocon\Project\20140513_Miwi_Soccer_Robot\Miwi_Board_Firmware\Microchip\Transceivers\MRF24J40\MRF24J40.c
                     SIGN   0x00000e       data     extern E:\3.46\pic18-lt\cxx-framework\src\traditional\math\cmath18.asm
                   SLRCON   0x000f78       data     extern E:\3.46\pic18-lt\cxx-framework\src\traditional\proc\p18f25k20.asm
               SLRCONbits   0x000f78       data     extern E:\3.46\pic18-lt\cxx-framework\src\traditional\proc\p18f25k20.asm
                    SPBRG   0x000faf       data     extern E:\3.46\pic18-lt\cxx-framework\src\traditional\proc\p18f25k20.asm
                   SPBRGH   0x000fb0       data     extern E:\3.46\pic18-lt\cxx-framework\src\traditional\proc\p18f25k20.asm
                   SSPADD   0x000fc8       data     extern E:\3.46\pic18-lt\cxx-framework\src\traditional\proc\p18f25k20.asm
                   SSPBUF   0x000fc9       data     extern E:\3.46\pic18-lt\cxx-framework\src\traditional\proc\p18f25k20.asm
                  SSPCON1   0x000fc6       data     extern E:\3.46\pic18-lt\cxx-framework\src\traditional\proc\p18f25k20.asm
              SSPCON1bits   0x000fc6       data     extern E:\3.46\pic18-lt\cxx-framework\src\traditional\proc\p18f25k20.asm
                  SSPCON2   0x000fc5       data     extern E:\3.46\pic18-lt\cxx-framework\src\traditional\proc\p18f25k20.asm
              SSPCON2bits   0x000fc5       data     extern E:\3.46\pic18-lt\cxx-framework\src\traditional\proc\p18f25k20.asm
                   SSPMSK   0x000f77       data     extern E:\3.46\pic18-lt\cxx-framework\src\traditional\proc\p18f25k20.asm
               SSPMSKbits   0x000f77       data     extern E:\3.46\pic18-lt\cxx-framework\src\traditional\proc\p18f25k20.asm
                  SSPSTAT   0x000fc7       data     extern E:\3.46\pic18-lt\cxx-framework\src\traditional\proc\p18f25k20.asm
              SSPSTATbits   0x000fc7       data     extern E:\3.46\pic18-lt\cxx-framework\src\traditional\proc\p18f25k20.asm
                   STATUS   0x000fd8       data     extern E:\3.46\pic18-lt\cxx-framework\src\traditional\proc\p18f25k20.asm
               STATUSbits   0x000fd8       data     extern E:\3.46\pic18-lt\cxx-framework\src\traditional\proc\p18f25k20.asm
                   STKPTR   0x000ffc       data     extern E:\3.46\pic18-lt\cxx-framework\src\traditional\proc\p18f25k20.asm
               STKPTRbits   0x000ffc       data     extern E:\3.46\pic18-lt\cxx-framework\src\traditional\proc\p18f25k20.asm
                    T0CON   0x000fd5       data     extern E:\3.46\pic18-lt\cxx-framework\src\traditional\proc\p18f25k20.asm
                T0CONbits   0x000fd5       data     extern E:\3.46\pic18-lt\cxx-framework\src\traditional\proc\p18f25k20.asm
                    T1CON   0x000fcd       data     extern E:\3.46\pic18-lt\cxx-framework\src\traditional\proc\p18f25k20.asm
                T1CONbits   0x000fcd       data     extern E:\3.46\pic18-lt\cxx-framework\src\traditional\proc\p18f25k20.asm
                    T2CON   0x000fca       data     extern E:\3.46\pic18-lt\cxx-framework\src\traditional\proc\p18f25k20.asm
                T2CONbits   0x000fca       data     extern E:\3.46\pic18-lt\cxx-framework\src\traditional\proc\p18f25k20.asm
                    T3CON   0x000fb1       data     extern E:\3.46\pic18-lt\cxx-framework\src\traditional\proc\p18f25k20.asm
                T3CONbits   0x000fb1       data     extern E:\3.46\pic18-lt\cxx-framework\src\traditional\proc\p18f25k20.asm
                   TABLAT   0x000ff5       data     extern E:\3.46\pic18-lt\cxx-framework\src\traditional\proc\p18f25k20.asm
                   TBLPTR   0x000ff6       data     extern E:\3.46\pic18-lt\cxx-framework\src\traditional\proc\p18f25k20.asm
                  TBLPTRH   0x000ff7       data     extern E:\3.46\pic18-lt\cxx-framework\src\traditional\proc\p18f25k20.asm
                  TBLPTRL   0x000ff6       data     extern E:\3.46\pic18-lt\cxx-framework\src\traditional\proc\p18f25k20.asm
                  TBLPTRU   0x000ff8       data     extern E:\3.46\pic18-lt\cxx-framework\src\traditional\proc\p18f25k20.asm
                    TMR0H   0x000fd7       data     extern E:\3.46\pic18-lt\cxx-framework\src\traditional\proc\p18f25k20.asm
                    TMR0L   0x000fd6       data     extern E:\3.46\pic18-lt\cxx-framework\src\traditional\proc\p18f25k20.asm
                    TMR1H   0x000fcf       data     extern E:\3.46\pic18-lt\cxx-framework\src\traditional\proc\p18f25k20.asm
                    TMR1L   0x000fce       data     extern E:\3.46\pic18-lt\cxx-framework\src\traditional\proc\p18f25k20.asm
                     TMR2   0x000fcc       data     extern E:\3.46\pic18-lt\cxx-framework\src\traditional\proc\p18f25k20.asm
                    TMR3H   0x000fb3       data     extern E:\3.46\pic18-lt\cxx-framework\src\traditional\proc\p18f25k20.asm
                    TMR3L   0x000fb2       data     extern E:\3.46\pic18-lt\cxx-framework\src\traditional\proc\p18f25k20.asm
                      TOS   0x000ffd       data     extern E:\3.46\pic18-lt\cxx-framework\src\traditional\proc\p18f25k20.asm
                     TOSH   0x000ffe       data     extern E:\3.46\pic18-lt\cxx-framework\src\traditional\proc\p18f25k20.asm
                     TOSL   0x000ffd       data     extern E:\3.46\pic18-lt\cxx-framework\src\traditional\proc\p18f25k20.asm
                     TOSU   0x000fff       data     extern E:\3.46\pic18-lt\cxx-framework\src\traditional\proc\p18f25k20.asm
                    TRISA   0x000f92       data     extern E:\3.46\pic18-lt\cxx-framework\src\traditional\proc\p18f25k20.asm
                TRISAbits   0x000f92       data     extern E:\3.46\pic18-lt\cxx-framework\src\traditional\proc\p18f25k20.asm
                    TRISB   0x000f93       data     extern E:\3.46\pic18-lt\cxx-framework\src\traditional\proc\p18f25k20.asm
                TRISBbits   0x000f93       data     extern E:\3.46\pic18-lt\cxx-framework\src\traditional\proc\p18f25k20.asm
                    TRISC   0x000f94       data     extern E:\3.46\pic18-lt\cxx-framework\src\traditional\proc\p18f25k20.asm
                TRISCbits   0x000f94       data     extern E:\3.46\pic18-lt\cxx-framework\src\traditional\proc\p18f25k20.asm
                    TXREG   0x000fad       data     extern E:\3.46\pic18-lt\cxx-framework\src\traditional\proc\p18f25k20.asm
                    TXSTA   0x000fac       data     extern E:\3.46\pic18-lt\cxx-framework\src\traditional\proc\p18f25k20.asm
                TXSTAbits   0x000fac       data     extern E:\3.46\pic18-lt\cxx-framework\src\traditional\proc\p18f25k20.asm
                 TxBuffer   0x0001a7       data     extern D:\Work\robocon\Project\20140513_Miwi_Soccer_Robot\Miwi_Board_Firmware\Microchip\WirelessProtocols\P2P\P2P.c
                   TxData   0x000166       data     extern D:\Work\robocon\Project\20140513_Miwi_Soccer_Robot\Miwi_Board_Firmware\Microchip\WirelessProtocols\P2P\P2P.c
                        W   0x000fe8       data     extern E:\3.46\pic18-lt\cxx-framework\src\traditional\proc\p18f25k20.asm
                   WDTCON   0x000fd1       data     extern E:\3.46\pic18-lt\cxx-framework\src\traditional\proc\p18f25k20.asm
               WDTCONbits   0x000fd1       data     extern E:\3.46\pic18-lt\cxx-framework\src\traditional\proc\p18f25k20.asm
                     WPUB   0x000f7c       data     extern E:\3.46\pic18-lt\cxx-framework\src\traditional\proc\p18f25k20.asm
                 WPUBbits   0x000f7c       data     extern E:\3.46\pic18-lt\cxx-framework\src\traditional\proc\p18f25k20.asm
                     WREG   0x000fe8       data     extern E:\3.46\pic18-lt\cxx-framework\src\traditional\proc\p18f25k20.asm
                 __AARGB0   0x000007       data     extern E:\3.46\pic18-lt\cxx-framework\src\traditional\math\aarg.asm
                 __AARGB1   0x000006       data     extern E:\3.46\pic18-lt\cxx-framework\src\traditional\math\aarg.asm
                 __AARGB2   0x000005       data     extern E:\3.46\pic18-lt\cxx-framework\src\traditional\math\aarg.asm
                 __AARGB3   0x000004       data     extern E:\3.46\pic18-lt\cxx-framework\src\traditional\math\aarg.asm
                 __AARGB4   0x000003       data     extern E:\3.46\pic18-lt\cxx-framework\src\traditional\math\aarg.asm
                 __AARGB5   0x000002       data     extern E:\3.46\pic18-lt\cxx-framework\src\traditional\math\aarg.asm
                 __AARGB6   0x000001       data     extern E:\3.46\pic18-lt\cxx-framework\src\traditional\math\aarg.asm
                 __AARGB7   0x000000       data     extern E:\3.46\pic18-lt\cxx-framework\src\traditional\math\aarg.asm
                   __AEXP   0x000008       data     extern E:\3.46\pic18-lt\cxx-framework\src\traditional\math\aarg.asm
                 __BARGB0   0x00000c       data     extern E:\3.46\pic18-lt\cxx-framework\src\traditional\math\barg.asm
                 __BARGB1   0x00000b       data     extern E:\3.46\pic18-lt\cxx-framework\src\traditional\math\barg.asm
                 __BARGB2   0x00000a       data     extern E:\3.46\pic18-lt\cxx-framework\src\traditional\math\barg.asm
                 __BARGB3   0x000009       data     extern E:\3.46\pic18-lt\cxx-framework\src\traditional\math\barg.asm
                   __BEXP   0x00000d       data     extern E:\3.46\pic18-lt\cxx-framework\src\traditional\math\barg.asm
                __FPFLAGS   0x00000f       data     extern E:\3.46\pic18-lt\cxx-framework\src\traditional\math\cmath18.asm
            __FPFLAGSbits   0x00000f       data     extern E:\3.46\pic18-lt\cxx-framework\src\traditional\math\cmath18.asm
                  __REMB0   0x000003       data     extern E:\3.46\pic18-lt\cxx-framework\src\traditional\math\aarg.asm
                  __REMB1   0x000002       data     extern E:\3.46\pic18-lt\cxx-framework\src\traditional\math\aarg.asm
                  __REMB2   0x000001       data     extern E:\3.46\pic18-lt\cxx-framework\src\traditional\math\aarg.asm
                  __REMB3   0x000000       data     extern E:\3.46\pic18-lt\cxx-framework\src\traditional\math\aarg.asm
                  __tmp_0   0x000010       data     static D:\Work\robocon\Project\20140513_Miwi_Soccer_Robot\Miwi_Board_Firmware\MiWi DE Demo\Basic Demos\Simple Example\Node 1\HardwareProfile.c
                  __tmp_0   0x000010       data     static D:\Work\robocon\Project\20140513_Miwi_Soccer_Robot\Miwi_Board_Firmware\Microchip\Common\TimeDelay.c
                  __tmp_0   0x000010       data     static D:\Work\robocon\Project\20140513_Miwi_Soccer_Robot\Miwi_Board_Firmware\Microchip\WirelessProtocols\Console.c
                  __tmp_0   0x000010       data     static D:\Work\robocon\Project\20140513_Miwi_Soccer_Robot\Miwi_Board_Firmware\Microchip\WirelessProtocols\P2P\P2P.c
                  __tmp_0   0x000010       data     static D:\Work\robocon\Project\20140513_Miwi_Soccer_Robot\Miwi_Board_Firmware\MiWi DE Demo\Basic Demos\Simple Example\Node 1\ps2.c
                  __tmp_0   0x000010       data     static D:\Work\robocon\Project\20140513_Miwi_Soccer_Robot\Miwi_Board_Firmware\Microchip\Transceivers\MRF24J40\MRF24J40.c
                  __tmp_0   0x000010       data     static D:\Work\robocon\Project\20140513_Miwi_Soccer_Robot\Miwi_Board_Firmware\MiWi DE Demo\Basic Demos\Simple Example\Node 1\main.c
                  __tmp_1   0x000018       data     static D:\Work\robocon\Project\20140513_Miwi_Soccer_Robot\Miwi_Board_Firmware\Microchip\Transceivers\MRF24J40\MRF24J40.c
               clockDelay   0x0000fe       data     static D:\Work\robocon\Project\20140513_Miwi_Soccer_Robot\Miwi_Board_Firmware\MiWi DE Demo\Basic Demos\Simple Example\Node 1\ps2.c
                curr_byte   0x0001ec       data     static E:\3.46\pic18-lt\cxx-framework\src\traditional\startup\c018i.c
               curr_entry   0x0001ee       data     static E:\3.46\pic18-lt\cxx-framework\src\traditional\startup\c018i.c
           currentChannel   0x000208       data     extern D:\Work\robocon\Project\20140513_Miwi_Soccer_Robot\Miwi_Board_Firmware\Microchip\WirelessProtocols\P2P\P2P.c
                 data_ptr   0x0001f0       data     static E:\3.46\pic18-lt\cxx-framework\src\traditional\startup\c018i.c
           failureCounter   0x0001fe       data     extern D:\Work\robocon\Project\20140513_Miwi_Soccer_Robot\Miwi_Board_Firmware\Microchip\Transceivers\MRF24J40\MRF24J40.c
                myChannel   0x0001f4       data     extern D:\Work\robocon\Project\20140513_Miwi_Soccer_Robot\Miwi_Board_Firmware\MiWi DE Demo\Basic Demos\Simple Example\Node 1\main.c
            myLongAddress   0x000200       data     extern D:\Work\robocon\Project\20140513_Miwi_Soccer_Robot\Miwi_Board_Firmware\Microchip\WirelessProtocols\P2P\P2P.c
         myNetworkAddress   0x0001e6       data     extern D:\Work\robocon\Project\20140513_Miwi_Soccer_Robot\Miwi_Board_Firmware\Microchip\Transceivers\MRF24J40\MRF24J40.c
                  myPANID   0x000164       data     extern D:\Work\robocon\Project\20140513_Miwi_Soccer_Robot\Miwi_Board_Firmware\Microchip\WirelessProtocols\P2P\P2P.c
                     prom   0x0001e9       data     static E:\3.46\pic18-lt\cxx-framework\src\traditional\startup\c018i.c
                  psxData   0x00020a       data     extern D:\Work\robocon\Project\20140513_Miwi_Soccer_Robot\Miwi_Board_Firmware\MiWi DE Demo\Basic Demos\Simple Example\Node 1\ps2.c
                rxMessage   0x000168       data     extern D:\Work\robocon\Project\20140513_Miwi_Soccer_Robot\Miwi_Board_Firmware\Microchip\WirelessProtocols\P2P\P2P.c
                 tempAddr   0x0001f5       data     extern D:\Work\robocon\Project\20140513_Miwi_Soccer_Robot\Miwi_Board_Firmware\MiWi DE Demo\Basic Demos\Simple Example\Node 1\main.c
          timerExtension1   0x0000fc       data     extern D:\Work\robocon\Project\20140513_Miwi_Soccer_Robot\Miwi_Board_Firmware\Microchip\WirelessProtocols\SymbolTime.c
          timerExtension2   0x0000fd       data     extern D:\Work\robocon\Project\20140513_Miwi_Soccer_Robot\Miwi_Board_Firmware\Microchip\WirelessProtocols\SymbolTime.c
          tmpFrameCounter   0x0001de       data     extern D:\Work\robocon\Project\20140513_Miwi_Soccer_Robot\Miwi_Board_Firmware\Microchip\Transceivers\MRF24J40\MRF24J40.c
     tmpSourceLongAddress   0x0001d6       data     extern D:\Work\robocon\Project\20140513_Miwi_Soccer_Robot\Miwi_Board_Firmware\Microchip\Transceivers\MRF24J40\MRF24J40.c



                              Symbols - Sorted by Address
                     Name    Address   Location    Storage File                     
                ---------  ---------  ---------  --------- ---------                
                   _entry   0x000000    program     extern E:\3.46\pic18-lt\cxx-framework\src\traditional\startup\c018i.c
       ___return_lbl00000   0x000004    program     static                          
          mySecurityLevel   0x000006    program     extern D:\Work\robocon\Project\20140513_Miwi_Soccer_Robot\Miwi_Board_Firmware\Microchip\Transceivers\MRF24J40\MRF24J40.c
      myKeySequenceNumber   0x000007    program     extern D:\Work\robocon\Project\20140513_Miwi_Soccer_Robot\Miwi_Board_Firmware\Microchip\Transceivers\MRF24J40\MRF24J40.c
               HighVector   0x000008    program     extern D:\Work\robocon\Project\20140513_Miwi_Soccer_Robot\Miwi_Board_Firmware\Microchip\Transceivers\MRF24J40\MRF24J40.c
       ___return_lbl00211   0x00000c    program     static                          
                   __init   0x00000e    program     extern E:\3.46\pic18-lt\cxx-framework\src\traditional\stdclib\__init.c
                LowVector   0x000018    program     extern D:\Work\robocon\Project\20140513_Miwi_Soccer_Robot\Miwi_Board_Firmware\Microchip\Transceivers\MRF24J40\MRF24J40.c
       ___return_lbl00212   0x00001c    program     static                          
           CharacterArray   0x00001e    program     extern D:\Work\robocon\Project\20140513_Miwi_Soccer_Robot\Miwi_Board_Firmware\Microchip\WirelessProtocols\Console.c
            mySecurityKey   0x00002e    program     extern D:\Work\robocon\Project\20140513_Miwi_Soccer_Robot\Miwi_Board_Firmware\Microchip\Transceivers\MRF24J40\MRF24J40.c
        PHYSetLongRAMAddr   0x000070    program     extern D:\Work\robocon\Project\20140513_Miwi_Soccer_Robot\Miwi_Board_Firmware\Microchip\Transceivers\MRF24J40\MRF24J40.c
       PHYSetShortRAMAddr   0x0000f6    program     extern D:\Work\robocon\Project\20140513_Miwi_Soccer_Robot\Miwi_Board_Firmware\Microchip\Transceivers\MRF24J40\MRF24J40.c
       PHYGetShortRAMAddr   0x00013c    program     extern D:\Work\robocon\Project\20140513_Miwi_Soccer_Robot\Miwi_Board_Firmware\Microchip\Transceivers\MRF24J40\MRF24J40.c
        PHYGetLongRAMAddr   0x000198    program     extern D:\Work\robocon\Project\20140513_Miwi_Soccer_Robot\Miwi_Board_Firmware\Microchip\Transceivers\MRF24J40\MRF24J40.c
             InitMRF24J40   0x000238    program     extern D:\Work\robocon\Project\20140513_Miwi_Soccer_Robot\Miwi_Board_Firmware\Microchip\Transceivers\MRF24J40\MRF24J40.c
     MiMAC_ReceivedPacket   0x000476    program     extern D:\Work\robocon\Project\20140513_Miwi_Soccer_Robot\Miwi_Board_Firmware\Microchip\Transceivers\MRF24J40\MRF24J40.c
              __tmplbl_27   0x000e22    program     static                          
      MiMAC_DiscardPacket   0x000e3e    program     extern D:\Work\robocon\Project\20140513_Miwi_Soccer_Robot\Miwi_Board_Firmware\Microchip\Transceivers\MRF24J40\MRF24J40.c
         MiMAC_SendPacket   0x000e5e    program     extern D:\Work\robocon\Project\20140513_Miwi_Soccer_Robot\Miwi_Board_Firmware\Microchip\Transceivers\MRF24J40\MRF24J40.c
         MiMAC_SetChannel   0x0015ce    program     extern D:\Work\robocon\Project\20140513_Miwi_Soccer_Robot\Miwi_Board_Firmware\Microchip\Transceivers\MRF24J40\MRF24J40.c
           MiMAC_SetPower   0x00163e    program     extern D:\Work\robocon\Project\20140513_Miwi_Soccer_Robot\Miwi_Board_Firmware\Microchip\Transceivers\MRF24J40\MRF24J40.c
      MiMAC_SetAltAddress   0x001700    program     extern D:\Work\robocon\Project\20140513_Miwi_Soccer_Robot\Miwi_Board_Firmware\Microchip\Transceivers\MRF24J40\MRF24J40.c
               MiMAC_Init   0x0017ac    program     extern D:\Work\robocon\Project\20140513_Miwi_Soccer_Robot\Miwi_Board_Firmware\Microchip\Transceivers\MRF24J40\MRF24J40.c
                  HighISR   0x001814    program     extern D:\Work\robocon\Project\20140513_Miwi_Soccer_Robot\Miwi_Board_Firmware\Microchip\Transceivers\MRF24J40\MRF24J40.c
                 MacroNop   0x001eaa    program     extern D:\Work\robocon\Project\20140513_Miwi_Soccer_Robot\Miwi_Board_Firmware\Microchip\WirelessProtocols\P2P\P2P.c
       ___return_lbl00000   0x001eac    program     static                          
                 P2PTasks   0x001eae    program     extern D:\Work\robocon\Project\20140513_Miwi_Soccer_Robot\Miwi_Board_Firmware\Microchip\WirelessProtocols\P2P\P2P.c
       MiApp_ProtocolInit   0x0023a6    program     extern D:\Work\robocon\Project\20140513_Miwi_Soccer_Robot\Miwi_Board_Firmware\Microchip\WirelessProtocols\P2P\P2P.c
               SendPacket   0x0024d8    program     extern D:\Work\robocon\Project\20140513_Miwi_Soccer_Robot\Miwi_Board_Firmware\Microchip\WirelessProtocols\P2P\P2P.c
    MiApp_BroadcastPacket   0x002658    program     extern D:\Work\robocon\Project\20140513_Miwi_Soccer_Robot\Miwi_Board_Firmware\Microchip\WirelessProtocols\P2P\P2P.c
  MiApp_UnicastConnection   0x00268e    program     extern D:\Work\robocon\Project\20140513_Miwi_Soccer_Robot\Miwi_Board_Firmware\Microchip\WirelessProtocols\P2P\P2P.c
     MiApp_UnicastAddress   0x002702    program     extern D:\Work\robocon\Project\20140513_Miwi_Soccer_Robot\Miwi_Board_Firmware\Microchip\WirelessProtocols\P2P\P2P.c
            isSameAddress   0x00273c    program     extern D:\Work\robocon\Project\20140513_Miwi_Soccer_Robot\Miwi_Board_Firmware\Microchip\WirelessProtocols\P2P\P2P.c
    MiApp_StartConnection   0x00279e    program     extern D:\Work\robocon\Project\20140513_Miwi_Soccer_Robot\Miwi_Board_Firmware\Microchip\WirelessProtocols\P2P\P2P.c
MiApp_EstablishConnection   0x00280c    program     extern D:\Work\robocon\Project\20140513_Miwi_Soccer_Robot\Miwi_Board_Firmware\Microchip\WirelessProtocols\P2P\P2P.c
     MiApp_DiscardMessage   0x0029f6    program     extern D:\Work\robocon\Project\20140513_Miwi_Soccer_Robot\Miwi_Board_Firmware\Microchip\WirelessProtocols\P2P\P2P.c
         MiApp_SetChannel   0x0029fe    program     extern D:\Work\robocon\Project\20140513_Miwi_Soccer_Robot\Miwi_Board_Firmware\Microchip\WirelessProtocols\P2P\P2P.c
   MiApp_MessageAvailable   0x002a30    program     extern D:\Work\robocon\Project\20140513_Miwi_Soccer_Robot\Miwi_Board_Firmware\Microchip\WirelessProtocols\P2P\P2P.c
           DumpConnection   0x002a42    program     extern D:\Work\robocon\Project\20140513_Miwi_Soccer_Robot\Miwi_Board_Firmware\Microchip\WirelessProtocols\P2P\P2P.c
            AddConnection   0x002d56    program     extern D:\Work\robocon\Project\20140513_Miwi_Soccer_Robot\Miwi_Board_Firmware\Microchip\WirelessProtocols\P2P\P2P.c
   MiApp_RemoveConnection   0x002f5c    program     extern D:\Work\robocon\Project\20140513_Miwi_Soccer_Robot\Miwi_Board_Firmware\Microchip\WirelessProtocols\P2P\P2P.c
     MiApp_ConnectionMode   0x003118    program     extern D:\Work\robocon\Project\20140513_Miwi_Soccer_Robot\Miwi_Board_Firmware\Microchip\WirelessProtocols\P2P\P2P.c
                 psx_init   0x00314a    program     extern D:\Work\robocon\Project\20140513_Miwi_Soccer_Robot\Miwi_Board_Firmware\MiWi DE Demo\Basic Demos\Simple Example\Node 1\ps2.c
         psx_LowLevelInit   0x00322a    program     static D:\Work\robocon\Project\20140513_Miwi_Soccer_Robot\Miwi_Board_Firmware\MiWi DE Demo\Basic Demos\Simple Example\Node 1\ps2.c
                  get_psx   0x003242    program     extern D:\Work\robocon\Project\20140513_Miwi_Soccer_Robot\Miwi_Board_Firmware\MiWi DE Demo\Basic Demos\Simple Example\Node 1\ps2.c
                psx_write   0x0032c6    program     static D:\Work\robocon\Project\20140513_Miwi_Soccer_Robot\Miwi_Board_Firmware\MiWi DE Demo\Basic Demos\Simple Example\Node 1\ps2.c
       psx_write_lastbyte   0x00337e    program     static D:\Work\robocon\Project\20140513_Miwi_Soccer_Robot\Miwi_Board_Firmware\MiWi DE Demo\Basic Demos\Simple Example\Node 1\ps2.c
               psx_status   0x003432    program     extern D:\Work\robocon\Project\20140513_Miwi_Soccer_Robot\Miwi_Board_Firmware\MiWi DE Demo\Basic Demos\Simple Example\Node 1\ps2.c
               __string_8   0x003506    program     static D:\Work\robocon\Project\20140513_Miwi_Soccer_Robot\Miwi_Board_Firmware\Microchip\WirelessProtocols\P2P\P2P.c
               __string_7   0x003538    program     static D:\Work\robocon\Project\20140513_Miwi_Soccer_Robot\Miwi_Board_Firmware\Microchip\WirelessProtocols\P2P\P2P.c
               __string_6   0x00353b    program     static D:\Work\robocon\Project\20140513_Miwi_Soccer_Robot\Miwi_Board_Firmware\Microchip\WirelessProtocols\P2P\P2P.c
               __string_5   0x003540    program     static D:\Work\robocon\Project\20140513_Miwi_Soccer_Robot\Miwi_Board_Firmware\Microchip\WirelessProtocols\P2P\P2P.c
               __string_4   0x003543    program     static D:\Work\robocon\Project\20140513_Miwi_Soccer_Robot\Miwi_Board_Firmware\Microchip\WirelessProtocols\P2P\P2P.c
               __string_3   0x003551    program     static D:\Work\robocon\Project\20140513_Miwi_Soccer_Robot\Miwi_Board_Firmware\Microchip\WirelessProtocols\P2P\P2P.c
               __string_2   0x003581    program     static D:\Work\robocon\Project\20140513_Miwi_Soccer_Robot\Miwi_Board_Firmware\Microchip\WirelessProtocols\P2P\P2P.c
               __string_1   0x00358d    program     static D:\Work\robocon\Project\20140513_Miwi_Soccer_Robot\Miwi_Board_Firmware\Microchip\WirelessProtocols\P2P\P2P.c
               __string_0   0x003599    program     static D:\Work\robocon\Project\20140513_Miwi_Soccer_Robot\Miwi_Board_Firmware\Microchip\WirelessProtocols\P2P\P2P.c
              __string_17   0x0035ac    program     static D:\Work\robocon\Project\20140513_Miwi_Soccer_Robot\Miwi_Board_Firmware\MiWi DE Demo\Basic Demos\Simple Example\Node 1\DemoOutput.c
              __string_16   0x0035bc    program     static D:\Work\robocon\Project\20140513_Miwi_Soccer_Robot\Miwi_Board_Firmware\MiWi DE Demo\Basic Demos\Simple Example\Node 1\DemoOutput.c
              __string_15   0x0035cf    program     static D:\Work\robocon\Project\20140513_Miwi_Soccer_Robot\Miwi_Board_Firmware\MiWi DE Demo\Basic Demos\Simple Example\Node 1\DemoOutput.c
              __string_14   0x0035fd    program     static D:\Work\robocon\Project\20140513_Miwi_Soccer_Robot\Miwi_Board_Firmware\MiWi DE Demo\Basic Demos\Simple Example\Node 1\DemoOutput.c
              __string_13   0x003615    program     static D:\Work\robocon\Project\20140513_Miwi_Soccer_Robot\Miwi_Board_Firmware\MiWi DE Demo\Basic Demos\Simple Example\Node 1\DemoOutput.c
              __string_12   0x003632    program     static D:\Work\robocon\Project\20140513_Miwi_Soccer_Robot\Miwi_Board_Firmware\MiWi DE Demo\Basic Demos\Simple Example\Node 1\DemoOutput.c
              __string_11   0x003651    program     static D:\Work\robocon\Project\20140513_Miwi_Soccer_Robot\Miwi_Board_Firmware\MiWi DE Demo\Basic Demos\Simple Example\Node 1\DemoOutput.c
              __string_10   0x003654    program     static D:\Work\robocon\Project\20140513_Miwi_Soccer_Robot\Miwi_Board_Firmware\MiWi DE Demo\Basic Demos\Simple Example\Node 1\DemoOutput.c
               __string_9   0x003672    program     static D:\Work\robocon\Project\20140513_Miwi_Soccer_Robot\Miwi_Board_Firmware\MiWi DE Demo\Basic Demos\Simple Example\Node 1\DemoOutput.c
               __string_8   0x003692    program     static D:\Work\robocon\Project\20140513_Miwi_Soccer_Robot\Miwi_Board_Firmware\MiWi DE Demo\Basic Demos\Simple Example\Node 1\DemoOutput.c
               __string_7   0x003697    program     static D:\Work\robocon\Project\20140513_Miwi_Soccer_Robot\Miwi_Board_Firmware\MiWi DE Demo\Basic Demos\Simple Example\Node 1\DemoOutput.c
               __string_6   0x0036e3    program     static D:\Work\robocon\Project\20140513_Miwi_Soccer_Robot\Miwi_Board_Firmware\MiWi DE Demo\Basic Demos\Simple Example\Node 1\DemoOutput.c
               __string_5   0x003725    program     static D:\Work\robocon\Project\20140513_Miwi_Soccer_Robot\Miwi_Board_Firmware\MiWi DE Demo\Basic Demos\Simple Example\Node 1\DemoOutput.c
               __string_4   0x00373c    program     static D:\Work\robocon\Project\20140513_Miwi_Soccer_Robot\Miwi_Board_Firmware\MiWi DE Demo\Basic Demos\Simple Example\Node 1\DemoOutput.c
               __string_3   0x00375a    program     static D:\Work\robocon\Project\20140513_Miwi_Soccer_Robot\Miwi_Board_Firmware\MiWi DE Demo\Basic Demos\Simple Example\Node 1\DemoOutput.c
               __string_2   0x003771    program     static D:\Work\robocon\Project\20140513_Miwi_Soccer_Robot\Miwi_Board_Firmware\MiWi DE Demo\Basic Demos\Simple Example\Node 1\DemoOutput.c
               __string_1   0x00378b    program     static D:\Work\robocon\Project\20140513_Miwi_Soccer_Robot\Miwi_Board_Firmware\MiWi DE Demo\Basic Demos\Simple Example\Node 1\DemoOutput.c
[...]
                    TRISA   0x000f92       data     extern E:\3.46\pic18-lt\cxx-framework\src\traditional\proc\p18f25k20.asm
                     DDRA   0x000f92       data     extern E:\3.46\pic18-lt\cxx-framework\src\traditional\proc\p18f25k20.asm
                 DDRAbits   0x000f92       data     extern E:\3.46\pic18-lt\cxx-framework\src\traditional\proc\p18f25k20.asm
                    TRISB   0x000f93       data     extern E:\3.46\pic18-lt\cxx-framework\src\traditional\proc\p18f25k20.asm
                TRISBbits   0x000f93       data     extern E:\3.46\pic18-lt\cxx-framework\src\traditional\proc\p18f25k20.asm
                     DDRB   0x000f93       data     extern E:\3.46\pic18-lt\cxx-framework\src\traditional\proc\p18f25k20.asm
                 DDRBbits   0x000f93       data     extern E:\3.46\pic18-lt\cxx-framework\src\traditional\proc\p18f25k20.asm
                    TRISC   0x000f94       data     extern E:\3.46\pic18-lt\cxx-framework\src\traditional\proc\p18f25k20.asm
                TRISCbits   0x000f94       data     extern E:\3.46\pic18-lt\cxx-framework\src\traditional\proc\p18f25k20.asm
                     DDRC   0x000f94       data     extern E:\3.46\pic18-lt\cxx-framework\src\traditional\proc\p18f25k20.asm
                 DDRCbits   0x000f94       data     extern E:\3.46\pic18-lt\cxx-framework\src\traditional\proc\p18f25k20.asm
                  OSCTUNE   0x000f9b       data     extern E:\3.46\pic18-lt\cxx-framework\src\traditional\proc\p18f25k20.asm
              OSCTUNEbits   0x000f9b       data     extern E:\3.46\pic18-lt\cxx-framework\src\traditional\proc\p18f25k20.asm
                     PIE1   0x000f9d       data     extern E:\3.46\pic18-lt\cxx-framework\src\traditional\proc\p18f25k20.asm
                 PIE1bits   0x000f9d       data     extern E:\3.46\pic18-lt\cxx-framework\src\traditional\proc\p18f25k20.asm
                     PIR1   0x000f9e       data     extern E:\3.46\pic18-lt\cxx-framework\src\traditional\proc\p18f25k20.asm
                 PIR1bits   0x000f9e       data     extern E:\3.46\pic18-lt\cxx-framework\src\traditional\proc\p18f25k20.asm
                     IPR1   0x000f9f       data     extern E:\3.46\pic18-lt\cxx-framework\src\traditional\proc\p18f25k20.asm
                 IPR1bits   0x000f9f       data     extern E:\3.46\pic18-lt\cxx-framework\src\traditional\proc\p18f25k20.asm
                 PIE2bits   0x000fa0       data     extern E:\3.46\pic18-lt\cxx-framework\src\traditional\proc\p18f25k20.asm
                     PIE2   0x000fa0       data     extern E:\3.46\pic18-lt\cxx-framework\src\traditional\proc\p18f25k20.asm
                 PIR2bits   0x000fa1       data     extern E:\3.46\pic18-lt\cxx-framework\src\traditional\proc\p18f25k20.asm
                     PIR2   0x000fa1       data     extern E:\3.46\pic18-lt\cxx-framework\src\traditional\proc\p18f25k20.asm
                     IPR2   0x000fa2       data     extern E:\3.46\pic18-lt\cxx-framework\src\traditional\proc\p18f25k20.asm
                 IPR2bits   0x000fa2       data     extern E:\3.46\pic18-lt\cxx-framework\src\traditional\proc\p18f25k20.asm
                   EECON1   0x000fa6       data     extern E:\3.46\pic18-lt\cxx-framework\src\traditional\proc\p18f25k20.asm
               EECON1bits   0x000fa6       data     extern E:\3.46\pic18-lt\cxx-framework\src\traditional\proc\p18f25k20.asm
                   EECON2   0x000fa7       data     extern E:\3.46\pic18-lt\cxx-framework\src\traditional\proc\p18f25k20.asm
                   EEDATA   0x000fa8       data     extern E:\3.46\pic18-lt\cxx-framework\src\traditional\proc\p18f25k20.asm
                    EEADR   0x000fa9       data     extern E:\3.46\pic18-lt\cxx-framework\src\traditional\proc\p18f25k20.asm
                EEADRbits   0x000fa9       data     extern E:\3.46\pic18-lt\cxx-framework\src\traditional\proc\p18f25k20.asm
                RCSTAbits   0x000fab       data     extern E:\3.46\pic18-lt\cxx-framework\src\traditional\proc\p18f25k20.asm
                    RCSTA   0x000fab       data     extern E:\3.46\pic18-lt\cxx-framework\src\traditional\proc\p18f25k20.asm
                    TXSTA   0x000fac       data     extern E:\3.46\pic18-lt\cxx-framework\src\traditional\proc\p18f25k20.asm
                TXSTAbits   0x000fac       data     extern E:\3.46\pic18-lt\cxx-framework\src\traditional\proc\p18f25k20.asm
                    TXREG   0x000fad       data     extern E:\3.46\pic18-lt\cxx-framework\src\traditional\proc\p18f25k20.asm
                    RCREG   0x000fae       data     extern E:\3.46\pic18-lt\cxx-framework\src\traditional\proc\p18f25k20.asm
                    SPBRG   0x000faf       data     extern E:\3.46\pic18-lt\cxx-framework\src\traditional\proc\p18f25k20.asm
                   SPBRGH   0x000fb0       data     extern E:\3.46\pic18-lt\cxx-framework\src\traditional\proc\p18f25k20.asm
                T3CONbits   0x000fb1       data     extern E:\3.46\pic18-lt\cxx-framework\src\traditional\proc\p18f25k20.asm
                    T3CON   0x000fb1       data     extern E:\3.46\pic18-lt\cxx-framework\src\traditional\proc\p18f25k20.asm
                    TMR3L   0x000fb2       data     extern E:\3.46\pic18-lt\cxx-framework\src\traditional\proc\p18f25k20.asm
                    TMR3H   0x000fb3       data     extern E:\3.46\pic18-lt\cxx-framework\src\traditional\proc\p18f25k20.asm
              CVRCON2bits   0x000fb4       data     extern E:\3.46\pic18-lt\cxx-framework\src\traditional\proc\p18f25k20.asm
                  CVRCON2   0x000fb4       data     extern E:\3.46\pic18-lt\cxx-framework\src\traditional\proc\p18f25k20.asm
               CVRCONbits   0x000fb5       data     extern E:\3.46\pic18-lt\cxx-framework\src\traditional\proc\p18f25k20.asm
                   CVRCON   0x000fb5       data     extern E:\3.46\pic18-lt\cxx-framework\src\traditional\proc\p18f25k20.asm
              ECCP1ASbits   0x000fb6       data     extern E:\3.46\pic18-lt\cxx-framework\src\traditional\proc\p18f25k20.asm
                  ECCP1AS   0x000fb6       data     extern E:\3.46\pic18-lt\cxx-framework\src\traditional\proc\p18f25k20.asm
                  PWM1CON   0x000fb7       data     extern E:\3.46\pic18-lt\cxx-framework\src\traditional\proc\p18f25k20.asm
              PWM1CONbits   0x000fb7       data     extern E:\3.46\pic18-lt\cxx-framework\src\traditional\proc\p18f25k20.asm
              BAUDCTLbits   0x000fb8       data     extern E:\3.46\pic18-lt\cxx-framework\src\traditional\proc\p18f25k20.asm
                  BAUDCTL   0x000fb8       data     extern E:\3.46\pic18-lt\cxx-framework\src\traditional\proc\p18f25k20.asm
              BAUDCONbits   0x000fb8       data     extern E:\3.46\pic18-lt\cxx-framework\src\traditional\proc\p18f25k20.asm
                  BAUDCON   0x000fb8       data     extern E:\3.46\pic18-lt\cxx-framework\src\traditional\proc\p18f25k20.asm
              PSTRCONbits   0x000fb9       data     extern E:\3.46\pic18-lt\cxx-framework\src\traditional\proc\p18f25k20.asm
                  PSTRCON   0x000fb9       data     extern E:\3.46\pic18-lt\cxx-framework\src\traditional\proc\p18f25k20.asm
              CCP2CONbits   0x000fba       data     extern E:\3.46\pic18-lt\cxx-framework\src\traditional\proc\p18f25k20.asm
                  CCP2CON   0x000fba       data     extern E:\3.46\pic18-lt\cxx-framework\src\traditional\proc\p18f25k20.asm
                    CCPR2   0x000fbb       data     extern E:\3.46\pic18-lt\cxx-framework\src\traditional\proc\p18f25k20.asm
                   CCPR2L   0x000fbb       data     extern E:\3.46\pic18-lt\cxx-framework\src\traditional\proc\p18f25k20.asm
                   CCPR2H   0x000fbc       data     extern E:\3.46\pic18-lt\cxx-framework\src\traditional\proc\p18f25k20.asm
              CCP1CONbits   0x000fbd       data     extern E:\3.46\pic18-lt\cxx-framework\src\traditional\proc\p18f25k20.asm
                  CCP1CON   0x000fbd       data     extern E:\3.46\pic18-lt\cxx-framework\src\traditional\proc\p18f25k20.asm
                   CCPR1L   0x000fbe       data     extern E:\3.46\pic18-lt\cxx-framework\src\traditional\proc\p18f25k20.asm
                    CCPR1   0x000fbe       data     extern E:\3.46\pic18-lt\cxx-framework\src\traditional\proc\p18f25k20.asm
                   CCPR1H   0x000fbf       data     extern E:\3.46\pic18-lt\cxx-framework\src\traditional\proc\p18f25k20.asm
                   ADCON2   0x000fc0       data     extern E:\3.46\pic18-lt\cxx-framework\src\traditional\proc\p18f25k20.asm
               ADCON2bits   0x000fc0       data     extern E:\3.46\pic18-lt\cxx-framework\src\traditional\proc\p18f25k20.asm
               ADCON1bits   0x000fc1       data     extern E:\3.46\pic18-lt\cxx-framework\src\traditional\proc\p18f25k20.asm
                   ADCON1   0x000fc1       data     extern E:\3.46\pic18-lt\cxx-framework\src\traditional\proc\p18f25k20.asm
                   ADCON0   0x000fc2       data     extern E:\3.46\pic18-lt\cxx-framework\src\traditional\proc\p18f25k20.asm
               ADCON0bits   0x000fc2       data     extern E:\3.46\pic18-lt\cxx-framework\src\traditional\proc\p18f25k20.asm
                    ADRES   0x000fc3       data     extern E:\3.46\pic18-lt\cxx-framework\src\traditional\proc\p18f25k20.asm
                   ADRESL   0x000fc3       data     extern E:\3.46\pic18-lt\cxx-framework\src\traditional\proc\p18f25k20.asm
                   ADRESH   0x000fc4       data     extern E:\3.46\pic18-lt\cxx-framework\src\traditional\proc\p18f25k20.asm
                  SSPCON2   0x000fc5       data     extern E:\3.46\pic18-lt\cxx-framework\src\traditional\proc\p18f25k20.asm
              SSPCON2bits   0x000fc5       data     extern E:\3.46\pic18-lt\cxx-framework\src\traditional\proc\p18f25k20.asm
                  SSPCON1   0x000fc6       data     extern E:\3.46\pic18-lt\cxx-framework\src\traditional\proc\p18f25k20.asm
              SSPCON1bits   0x000fc6       data     extern E:\3.46\pic18-lt\cxx-framework\src\traditional\proc\p18f25k20.asm
                  SSPSTAT   0x000fc7       data     extern E:\3.46\pic18-lt\cxx-framework\src\traditional\proc\p18f25k20.asm
              SSPSTATbits   0x000fc7       data     extern E:\3.46\pic18-lt\cxx-framework\src\traditional\proc\p18f25k20.asm
                   SSPADD   0x000fc8       data     extern E:\3.46\pic18-lt\cxx-framework\src\traditional\proc\p18f25k20.asm
                   SSPBUF   0x000fc9       data     extern E:\3.46\pic18-lt\cxx-framework\src\traditional\proc\p18f25k20.asm
                    T2CON   0x000fca       data     extern E:\3.46\pic18-lt\cxx-framework\src\traditional\proc\p18f25k20.asm
                T2CONbits   0x000fca       data     extern E:\3.46\pic18-lt\cxx-framework\src\traditional\proc\p18f25k20.asm
                      PR2   0x000fcb       data     extern E:\3.46\pic18-lt\cxx-framework\src\traditional\proc\p18f25k20.asm
                     TMR2   0x000fcc       data     extern E:\3.46\pic18-lt\cxx-framework\src\traditional\proc\p18f25k20.asm
                T1CONbits   0x000fcd       data     extern E:\3.46\pic18-lt\cxx-framework\src\traditional\proc\p18f25k20.asm
                    T1CON   0x000fcd       data     extern E:\3.46\pic18-lt\cxx-framework\src\traditional\proc\p18f25k20.asm
                    TMR1L   0x000fce       data     extern E:\3.46\pic18-lt\cxx-framework\src\traditional\proc\p18f25k20.asm
                    TMR1H   0x000fcf       data     extern E:\3.46\pic18-lt\cxx-framework\src\traditional\proc\p18f25k20.asm
                     RCON   0x000fd0       data     extern E:\3.46\pic18-lt\cxx-framework\src\traditional\proc\p18f25k20.asm
                 RCONbits   0x000fd0       data     extern E:\3.46\pic18-lt\cxx-framework\src\traditional\proc\p18f25k20.asm
               WDTCONbits   0x000fd1       data     extern E:\3.46\pic18-lt\cxx-framework\src\traditional\proc\p18f25k20.asm
                   WDTCON   0x000fd1       data     extern E:\3.46\pic18-lt\cxx-framework\src\traditional\proc\p18f25k20.asm
               LVDCONbits   0x000fd2       data     extern E:\3.46\pic18-lt\cxx-framework\src\traditional\proc\p18f25k20.asm
                   LVDCON   0x000fd2       data     extern E:\3.46\pic18-lt\cxx-framework\src\traditional\proc\p18f25k20.asm
              HLVDCONbits   0x000fd2       data     extern E:\3.46\pic18-lt\cxx-framework\src\traditional\proc\p18f25k20.asm
                  HLVDCON   0x000fd2       data     extern E:\3.46\pic18-lt\cxx-framework\src\traditional\proc\p18f25k20.asm
               OSCCONbits   0x000fd3       data     extern E:\3.46\pic18-lt\cxx-framework\src\traditional\proc\p18f25k20.asm
                   OSCCON   0x000fd3       data     extern E:\3.46\pic18-lt\cxx-framework\src\traditional\proc\p18f25k20.asm
                T0CONbits   0x000fd5       data     extern E:\3.46\pic18-lt\cxx-framework\src\traditional\proc\p18f25k20.asm
                    T0CON   0x000fd5       data     extern E:\3.46\pic18-lt\cxx-framework\src\traditional\proc\p18f25k20.asm
                    TMR0L   0x000fd6       data     extern E:\3.46\pic18-lt\cxx-framework\src\traditional\proc\p18f25k20.asm
                    TMR0H   0x000fd7       data     extern E:\3.46\pic18-lt\cxx-framework\src\traditional\proc\p18f25k20.asm
               STATUSbits   0x000fd8       data     extern E:\3.46\pic18-lt\cxx-framework\src\traditional\proc\p18f25k20.asm
                   STATUS   0x000fd8       data     extern E:\3.46\pic18-lt\cxx-framework\src\traditional\proc\p18f25k20.asm
                    FSR2L   0x000fd9       data     extern E:\3.46\pic18-lt\cxx-framework\src\traditional\proc\p18f25k20.asm
                     FSR2   0x000fd9       data     extern E:\3.46\pic18-lt\cxx-framework\src\traditional\proc\p18f25k20.asm
                    FSR2H   0x000fda       data     extern E:\3.46\pic18-lt\cxx-framework\src\traditional\proc\p18f25k20.asm
                   PLUSW2   0x000fdb       data     extern E:\3.46\pic18-lt\cxx-framework\src\traditional\proc\p18f25k20.asm
                  PREINC2   0x000fdc       data     extern E:\3.46\pic18-lt\cxx-framework\src\traditional\proc\p18f25k20.asm
                 POSTDEC2   0x000fdd       data     extern E:\3.46\pic18-lt\cxx-framework\src\traditional\proc\p18f25k20.asm
                 POSTINC2   0x000fde       data     extern E:\3.46\pic18-lt\cxx-framework\src\traditional\proc\p18f25k20.asm
                    INDF2   0x000fdf       data     extern E:\3.46\pic18-lt\cxx-framework\src\traditional\proc\p18f25k20.asm
                      BSR   0x000fe0       data     extern E:\3.46\pic18-lt\cxx-framework\src\traditional\proc\p18f25k20.asm
                     FSR1   0x000fe1       data     extern E:\3.46\pic18-lt\cxx-framework\src\traditional\proc\p18f25k20.asm
                    FSR1L   0x000fe1       data     extern E:\3.46\pic18-lt\cxx-framework\src\traditional\proc\p18f25k20.asm
                    FSR1H   0x000fe2       data     extern E:\3.46\pic18-lt\cxx-framework\src\traditional\proc\p18f25k20.asm
                   PLUSW1   0x000fe3       data     extern E:\3.46\pic18-lt\cxx-framework\src\traditional\proc\p18f25k20.asm
                  PREINC1   0x000fe4       data     extern E:\3.46\pic18-lt\cxx-framework\src\traditional\proc\p18f25k20.asm
                 POSTDEC1   0x000fe5       data     extern E:\3.46\pic18-lt\cxx-framework\src\traditional\proc\p18f25k20.asm
                 POSTINC1   0x000fe6       data     extern E:\3.46\pic18-lt\cxx-framework\src\traditional\proc\p18f25k20.asm
                    INDF1   0x000fe7       data     extern E:\3.46\pic18-lt\cxx-framework\src\traditional\proc\p18f25k20.asm
                        W   0x000fe8       data     extern E:\3.46\pic18-lt\cxx-framework\src\traditional\proc\p18f25k20.asm
                     WREG   0x000fe8       data     extern E:\3.46\pic18-lt\cxx-framework\src\traditional\proc\p18f25k20.asm
                     FSR0   0x000fe9       data     extern E:\3.46\pic18-lt\cxx-framework\src\traditional\proc\p18f25k20.asm
                    FSR0L   0x000fe9       data     extern E:\3.46\pic18-lt\cxx-framework\src\traditional\proc\p18f25k20.asm
                    FSR0H   0x000fea       data     extern E:\3.46\pic18-lt\cxx-framework\src\traditional\proc\p18f25k20.asm
                   PLUSW0   0x000feb       data     extern E:\3.46\pic18-lt\cxx-framework\src\traditional\proc\p18f25k20.asm
                  PREINC0   0x000fec       data     extern E:\3.46\pic18-lt\cxx-framework\src\traditional\proc\p18f25k20.asm
                 POSTDEC0   0x000fed       data     extern E:\3.46\pic18-lt\cxx-framework\src\traditional\proc\p18f25k20.asm
                 POSTINC0   0x000fee       data     extern E:\3.46\pic18-lt\cxx-framework\src\traditional\proc\p18f25k20.asm
                    INDF0   0x000fef       data     extern E:\3.46\pic18-lt\cxx-framework\src\traditional\proc\p18f25k20.asm
                  INTCON3   0x000ff0       data     extern E:\3.46\pic18-lt\cxx-framework\src\traditional\proc\p18f25k20.asm
              INTCON3bits   0x000ff0       data     extern E:\3.46\pic18-lt\cxx-framework\src\traditional\proc\p18f25k20.asm
              INTCON2bits   0x000ff1       data     extern E:\3.46\pic18-lt\cxx-framework\src\traditional\proc\p18f25k20.asm
                  INTCON2   0x000ff1       data     extern E:\3.46\pic18-lt\cxx-framework\src\traditional\proc\p18f25k20.asm
                   INTCON   0x000ff2       data     extern E:\3.46\pic18-lt\cxx-framework\src\traditional\proc\p18f25k20.asm
               INTCONbits   0x000ff2       data     extern E:\3.46\pic18-lt\cxx-framework\src\traditional\proc\p18f25k20.asm
                     PROD   0x000ff3       data     extern E:\3.46\pic18-lt\cxx-framework\src\traditional\proc\p18f25k20.asm
                    PRODL   0x000ff3       data     extern E:\3.46\pic18-lt\cxx-framework\src\traditional\proc\p18f25k20.asm
                    PRODH   0x000ff4       data     extern E:\3.46\pic18-lt\cxx-framework\src\traditional\proc\p18f25k20.asm
                   TABLAT   0x000ff5       data     extern E:\3.46\pic18-lt\cxx-framework\src\traditional\proc\p18f25k20.asm
                   TBLPTR   0x000ff6       data     extern E:\3.46\pic18-lt\cxx-framework\src\traditional\proc\p18f25k20.asm
                  TBLPTRL   0x000ff6       data     extern E:\3.46\pic18-lt\cxx-framework\src\traditional\proc\p18f25k20.asm
                  TBLPTRH   0x000ff7       data     extern E:\3.46\pic18-lt\cxx-framework\src\traditional\proc\p18f25k20.asm
                  TBLPTRU   0x000ff8       data     extern E:\3.46\pic18-lt\cxx-framework\src\traditional\proc\p18f25k20.asm
                       PC   0x000ff9       data     extern E:\3.46\pic18-lt\cxx-framework\src\traditional\proc\p18f25k20.asm
                      PCL   0x000ff9       data     extern E:\3.46\pic18-lt\cxx-framework\src\traditional\proc\p18f25k20.asm
                   PCLATH   0x000ffa       data     extern E:\3.46\pic18-lt\cxx-framework\src\traditional\proc\p18f25k20.asm
                   PCLATU   0x000ffb       data     extern E:\3.46\pic18-lt\cxx-framework\src\traditional\proc\p18f25k20.asm
               STKPTRbits   0x000ffc       data     extern E:\3.46\pic18-lt\cxx-framework\src\traditional\proc\p18f25k20.asm
                   STKPTR   0x000ffc       data     extern E:\3.46\pic18-lt\cxx-framework\src\traditional\proc\p18f25k20.asm
                     TOSL   0x000ffd       data     extern E:\3.46\pic18-lt\cxx-framework\src\traditional\proc\p18f25k20.asm
                      TOS   0x000ffd       data     extern E:\3.46\pic18-lt\cxx-framework\src\traditional\proc\p18f25k20.asm
                     TOSH   0x000ffe       data     extern E:\3.46\pic18-lt\cxx-framework\src\traditional\proc\p18f25k20.asm
                     TOSU   0x000fff       data     extern E:\3.46\pic18-lt\cxx-framework\src\traditional\proc\p18f25k20.asm


